Archive member included to satisfy reference by file (symbol)

C:\Users\admin\Desktop\firmware\SDK_1.0.3_NUCLEO-F401RE\lib_stm\libLibraries.a(system_stm32f4xx.o)
                              ./Src/main.o (SystemCoreClockUpdate)
C:\Users\admin\Desktop\firmware\SDK_1.0.3_NUCLEO-F401RE\lib_stm\libLibraries.a(eventbutton.o)
                              ./Src/main.o (EventButton_Init)
C:\Users\admin\Desktop\firmware\SDK_1.0.3_NUCLEO-F401RE\lib_stm\libLibraries.a(buzzer.o)
                              ./Src/main.o (BuzzerControl_Init)
C:\Users\admin\Desktop\firmware\SDK_1.0.3_NUCLEO-F401RE\lib_stm\libLibraries.a(melody.o)
                              ./Src/main.o (pbeep)
C:\Users\admin\Desktop\firmware\SDK_1.0.3_NUCLEO-F401RE\lib_stm\libLibraries.a(led.o)
                              ./Src/main.o (LedControl_Init)
C:\Users\admin\Desktop\firmware\SDK_1.0.3_NUCLEO-F401RE\lib_stm\libLibraries.a(eventman.o)
                              ./Src/main.o (EventSchedulerInit)
C:\Users\admin\Desktop\firmware\SDK_1.0.3_NUCLEO-F401RE\lib_stm\libLibraries.a(timer.o)
                              ./Src/main.o (TimerInit)
C:\Users\admin\Desktop\firmware\SDK_1.0.3_NUCLEO-F401RE\lib_stm\libLibraries.a(lightsensor.o)
                              ./Src/main.o (LightSensor_Init)
C:\Users\admin\Desktop\firmware\SDK_1.0.3_NUCLEO-F401RE\lib_stm\libLibraries.a(temhumsensor.o)
                              ./Src/main.o (TemHumSensor_Init)
C:\Users\admin\Desktop\firmware\SDK_1.0.3_NUCLEO-F401RE\lib_stm\libLibraries.a(serial.o)
                              ./Src/main.o (processSerialReceiver)
C:\Users\admin\Desktop\firmware\SDK_1.0.3_NUCLEO-F401RE\lib_stm\libLibraries.a(uartcmd.o)
                              ./Src/main.o (EventSerial_Init)
C:\Users\admin\Desktop\firmware\SDK_1.0.3_NUCLEO-F401RE\lib_stm\libLibraries.a(Ucglib.o)
                              ./Src/main.o (Ucglib4WireSWSPI_begin)
C:\Users\admin\Desktop\firmware\SDK_1.0.3_NUCLEO-F401RE\lib_stm\libLibraries.a(ucg_box.o)
                              ./Src/main.o (ucg_ClearScreen)
C:\Users\admin\Desktop\firmware\SDK_1.0.3_NUCLEO-F401RE\lib_stm\libLibraries.a(ucg_ccs.o)
                              C:\Users\admin\Desktop\firmware\SDK_1.0.3_NUCLEO-F401RE\lib_stm\libLibraries.a(ucg_box.o) (ucg_ccs_init)
C:\Users\admin\Desktop\firmware\SDK_1.0.3_NUCLEO-F401RE\lib_stm\libLibraries.a(ucg_circle.o)
                              C:\Users\admin\Desktop\firmware\SDK_1.0.3_NUCLEO-F401RE\lib_stm\libLibraries.a(ucg_box.o) (ucg_DrawCircle)
C:\Users\admin\Desktop\firmware\SDK_1.0.3_NUCLEO-F401RE\lib_stm\libLibraries.a(ucg_dev_default_cb.o)
                              C:\Users\admin\Desktop\firmware\SDK_1.0.3_NUCLEO-F401RE\lib_stm\libLibraries.a(Ucglib.o) (ucg_dev_default_cb)
C:\Users\admin\Desktop\firmware\SDK_1.0.3_NUCLEO-F401RE\lib_stm\libLibraries.a(ucg_dev_ic_st7735.o)
                              C:\Users\admin\Desktop\firmware\SDK_1.0.3_NUCLEO-F401RE\lib_stm\libLibraries.a(Ucglib.o) (ucg_ext_st7735_18)
C:\Users\admin\Desktop\firmware\SDK_1.0.3_NUCLEO-F401RE\lib_stm\libLibraries.a(ucg_dev_msg_api.o)
                              C:\Users\admin\Desktop\firmware\SDK_1.0.3_NUCLEO-F401RE\lib_stm\libLibraries.a(ucg_box.o) (ucg_SetMaxClipRange)
C:\Users\admin\Desktop\firmware\SDK_1.0.3_NUCLEO-F401RE\lib_stm\libLibraries.a(ucg_dev_tft_128x128_st7735.o)
                              C:\Users\admin\Desktop\firmware\SDK_1.0.3_NUCLEO-F401RE\lib_stm\libLibraries.a(Ucglib.o) (ucg_dev_st7735_18x128x128)
C:\Users\admin\Desktop\firmware\SDK_1.0.3_NUCLEO-F401RE\lib_stm\libLibraries.a(ucg_font.o)
                              C:\Users\admin\Desktop\firmware\SDK_1.0.3_NUCLEO-F401RE\lib_stm\libLibraries.a(Ucglib.o) (ucg_SetFontMode)
C:\Users\admin\Desktop\firmware\SDK_1.0.3_NUCLEO-F401RE\lib_stm\libLibraries.a(ucg_init.o)
                              C:\Users\admin\Desktop\firmware\SDK_1.0.3_NUCLEO-F401RE\lib_stm\libLibraries.a(Ucglib.o) (ucg_Init)
C:\Users\admin\Desktop\firmware\SDK_1.0.3_NUCLEO-F401RE\lib_stm\libLibraries.a(ucg_line.o)
                              C:\Users\admin\Desktop\firmware\SDK_1.0.3_NUCLEO-F401RE\lib_stm\libLibraries.a(ucg_font.o) (ucg_Draw90Line)
C:\Users\admin\Desktop\firmware\SDK_1.0.3_NUCLEO-F401RE\lib_stm\libLibraries.a(ucg_pixel.o)
                              ./Src/main.o (ucg_SetColor)
C:\Users\admin\Desktop\firmware\SDK_1.0.3_NUCLEO-F401RE\lib_stm\libLibraries.a(ucg_pixel_font_data.o)
                              ./Src/main.o (ucg_font_04b_03_hf)
C:\Users\admin\Desktop\firmware\SDK_1.0.3_NUCLEO-F401RE\lib_stm\libLibraries.a(ucg_rotate.o)
                              ./Src/main.o (ucg_SetRotate180)
C:\Users\admin\Desktop\firmware\SDK_1.0.3_NUCLEO-F401RE\lib_stm\libLibraries.a(buff.o)
                              C:\Users\admin\Desktop\firmware\SDK_1.0.3_NUCLEO-F401RE\lib_stm\libLibraries.a(eventman.o) (bufInit)
C:\Users\admin\Desktop\firmware\SDK_1.0.3_NUCLEO-F401RE\lib_stm\libLibraries.a(utilities.o)
[...]
Memory Configuration

Name             Origin             Length             Attributes
RAM              0x0000000020000000 0x0000000000018000 xrw
FLASH            0x0000000008000000 0x0000000000080000 xr
*default*        0x0000000000000000 0xffffffffffffffff

Linker script and memory map

LOAD c:/st/stm32cubeide_1.7.0/stm32cubeide/plugins/com.st.stm32cube.ide.mcu.externaltools.gnu-tools-for-stm32.9-2020-q2-update.win32_2.0.0.202105311346/tools/bin/../lib/gcc/arm-none-eabi/9.3.1/thumb/v7e-m+fp/hard/crti.o
LOAD c:/st/stm32cubeide_1.7.0/stm32cubeide/plugins/com.st.stm32cube.ide.mcu.externaltools.gnu-tools-for-stm32.9-2020-q2-update.win32_2.0.0.202105311346/tools/bin/../lib/gcc/arm-none-eabi/9.3.1/thumb/v7e-m+fp/hard/crtbegin.o
LOAD c:/st/stm32cubeide_1.7.0/stm32cubeide/plugins/com.st.stm32cube.ide.mcu.externaltools.gnu-tools-for-stm32.9-2020-q2-update.win32_2.0.0.202105311346/tools/bin/../lib/gcc/arm-none-eabi/9.3.1/../../../../arm-none-eabi/lib/thumb/v7e-m+fp/hard/crt0.o
LOAD ./Src/main.o
LOAD ./Src/syscalls.o
LOAD ./Src/sysmem.o
LOAD ./Startup/startup_stm32f401retx.o
LOAD C:\Users\admin\Desktop\firmware\SDK_1.0.3_NUCLEO-F401RE\lib_stm\libLibraries.a
START GROUP
LOAD c:/st/stm32cubeide_1.7.0/stm32cubeide/plugins/com.st.stm32cube.ide.mcu.externaltools.gnu-tools-for-stm32.9-2020-q2-update.win32_2.0.0.202105311346/tools/bin/../lib/gcc/arm-none-eabi/9.3.1/../../../../arm-none-eabi/lib/thumb/v7e-m+fp/hard\libc_nano.a
LOAD c:/st/stm32cubeide_1.7.0/stm32cubeide/plugins/com.st.stm32cube.ide.mcu.externaltools.gnu-tools-for-stm32.9-2020-q2-update.win32_2.0.0.202105311346/tools/bin/../lib/gcc/arm-none-eabi/9.3.1/../../../../arm-none-eabi/lib/thumb/v7e-m+fp/hard\libm.a
END GROUP
START GROUP
LOAD c:/st/stm32cubeide_1.7.0/stm32cubeide/plugins/com.st.stm32cube.ide.mcu.externaltools.gnu-tools-for-stm32.9-2020-q2-update.win32_2.0.0.202105311346/tools/bin/../lib/gcc/arm-none-eabi/9.3.1/thumb/v7e-m+fp/hard\libgcc.a
LOAD c:/st/stm32cubeide_1.7.0/stm32cubeide/plugins/com.st.stm32cube.ide.mcu.externaltools.gnu-tools-for-stm32.9-2020-q2-update.win32_2.0.0.202105311346/tools/bin/../lib/gcc/arm-none-eabi/9.3.1/../../../../arm-none-eabi/lib/thumb/v7e-m+fp/hard\libc_nano.a
END GROUP
START GROUP
LOAD c:/st/stm32cubeide_1.7.0/stm32cubeide/plugins/com.st.stm32cube.ide.mcu.externaltools.gnu-tools-for-stm32.9-2020-q2-update.win32_2.0.0.202105311346/tools/bin/../lib/gcc/arm-none-eabi/9.3.1/thumb/v7e-m+fp/hard\libgcc.a
LOAD c:/st/stm32cubeide_1.7.0/stm32cubeide/plugins/com.st.stm32cube.ide.mcu.externaltools.gnu-tools-for-stm32.9-2020-q2-update.win32_2.0.0.202105311346/tools/bin/../lib/gcc/arm-none-eabi/9.3.1/../../../../arm-none-eabi/lib/thumb/v7e-m+fp/hard\libc_nano.a
LOAD c:/st/stm32cubeide_1.7.0/stm32cubeide/plugins/com.st.stm32cube.ide.mcu.externaltools.gnu-tools-for-stm32.9-2020-q2-update.win32_2.0.0.202105311346/tools/bin/../lib/gcc/arm-none-eabi/9.3.1/../../../../arm-none-eabi/lib/thumb/v7e-m+fp/hard\libnosys.a
END GROUP
START GROUP
LOAD c:/st/stm32cubeide_1.7.0/stm32cubeide/plugins/com.st.stm32cube.ide.mcu.externaltools.gnu-tools-for-stm32.9-2020-q2-update.win32_2.0.0.202105311346/tools/bin/../lib/gcc/arm-none-eabi/9.3.1/thumb/v7e-m+fp/hard\libgcc.a
LOAD c:/st/stm32cubeide_1.7.0/stm32cubeide/plugins/com.st.stm32cube.ide.mcu.externaltools.gnu-tools-for-stm32.9-2020-q2-update.win32_2.0.0.202105311346/tools/bin/../lib/gcc/arm-none-eabi/9.3.1/../../../../arm-none-eabi/lib/thumb/v7e-m+fp/hard\libc_nano.a
LOAD c:/st/stm32cubeide_1.7.0/stm32cubeide/plugins/com.st.stm32cube.ide.mcu.externaltools.gnu-tools-for-stm32.9-2020-q2-update.win32_2.0.0.202105311346/tools/bin/../lib/gcc/arm-none-eabi/9.3.1/../../../../arm-none-eabi/lib/thumb/v7e-m+fp/hard\libnosys.a
END GROUP
LOAD c:/st/stm32cubeide_1.7.0/stm32cubeide/plugins/com.st.stm32cube.ide.mcu.externaltools.gnu-tools-for-stm32.9-2020-q2-update.win32_2.0.0.202105311346/tools/bin/../lib/gcc/arm-none-eabi/9.3.1/thumb/v7e-m+fp/hard/crtend.o
LOAD c:/st/stm32cubeide_1.7.0/stm32cubeide/plugins/com.st.stm32cube.ide.mcu.externaltools.gnu-tools-for-stm32.9-2020-q2-update.win32_2.0.0.202105311346/tools/bin/../lib/gcc/arm-none-eabi/9.3.1/thumb/v7e-m+fp/hard/crtn.o
                0x0000000020018000                _estack = (ORIGIN (RAM) + LENGTH (RAM))
                0x0000000000000200                _Min_Heap_Size = 0x200
                0x0000000000000400                _Min_Stack_Size = 0x400

.isr_vector     0x0000000008000000      0x194
                0x0000000008000000                . = ALIGN (0x4)
 *(.isr_vector)
 .isr_vector    0x0000000008000000      0x194 ./Startup/startup_stm32f401retx.o
                0x0000000008000000                g_pfnVectors
                0x0000000008000194                . = ALIGN (0x4)

.text           0x00000000080001a0     0x7570
                0x00000000080001a0                . = ALIGN (0x4)
 *(.text)
 .text          0x00000000080001a0       0x40 c:/st/stm32cubeide_1.7.0/stm32cubeide/plugins/com.st.stm32cube.ide.mcu.externaltools.gnu-tools-for-stm32.9-2020-q2-update.win32_2.0.0.202105311346/tools/bin/../lib/gcc/arm-none-eabi/9.3.1/thumb/v7e-m+fp/hard/crtbegin.o
 .text          0x00000000080001e0       0x10 c:/st/stm32cubeide_1.7.0/stm32cubeide/plugins/com.st.stm32cube.ide.mcu.externaltools.gnu-tools-for-stm32.9-2020-q2-update.win32_2.0.0.202105311346/tools/bin/../lib/gcc/arm-none-eabi/9.3.1/../../../../arm-none-eabi/lib/thumb/v7e-m+fp/hard\libc_nano.a(lib_a-strlen.o)
                0x00000000080001e0                strlen
 .text          0x00000000080001f0       0xa0 c:/st/stm32cubeide_1.7.0/stm32cubeide/plugins/com.st.stm32cube.ide.mcu.externaltools.gnu-tools-for-stm32.9-2020-q2-update.win32_2.0.0.202105311346/tools/bin/../lib/gcc/arm-none-eabi/9.3.1/../../../../arm-none-eabi/lib/thumb/v7e-m+fp/hard\libc_nano.a(lib_a-memchr.o)
                0x00000000080001f0                memchr
 *(.text*)
 .text.AppInitCommon
                0x0000000008000290       0x90 ./Src/main.o
                0x0000000008000290                AppInitCommon
 .text.AppStateManager
                0x0000000008000320       0x4c ./Src/main.o
 .text.SetStateApp
                0x000000000800036c       0x20 ./Src/main.o
 .text.GetStateApp
                0x000000000800038c       0x18 ./Src/main.o
 .text.LoadConfiguration
                0x00000000080003a4       0x80 ./Src/main.o
                0x00000000080003a4                LoadConfiguration
 .text.DeviceStateMachine
                0x0000000008000424      0x354 ./Src/main.o
                0x0000000008000424                DeviceStateMachine
 .text.LedCmdSetState
                0x0000000008000778       0x4c ./Src/main.o
                0x0000000008000778                LedCmdSetState
 .text.BuzzerCmdSetState
                0x00000000080007c4       0x1c ./Src/main.o
                0x00000000080007c4                BuzzerCmdSetState
 .text.LcdCmdSetState
                0x00000000080007e0       0x2c ./Src/main.o
                0x00000000080007e0                LcdCmdSetState
 .text.Task_multiSensorScan
                0x000000000800080c      0x178 ./Src/main.o
                0x000000000800080c                Task_multiSensorScan
 .text.main     0x0000000008000984       0x26 ./Src/main.o
                0x0000000008000984                main
 *fill*         0x00000000080009aa        0x2 
 .text._sbrk    0x00000000080009ac       0x6c ./Src/sysmem.o
                0x00000000080009ac                _sbrk
 .text.Reset_Handler
                0x0000000008000a18       0x50 ./Startup/startup_stm32f401retx.o
                0x0000000008000a18                Reset_Handler
 .text.Default_Handler
                0x0000000008000a68        0x2 ./Startup/startup_stm32f401retx.o
                0x0000000008000a68                EXTI2_IRQHandler
                0x0000000008000a68                DebugMon_Handler
                0x0000000008000a68                SPI4_IRQHandler
                0x0000000008000a68                TIM1_CC_IRQHandler
                0x0000000008000a68                HardFault_Handler
                0x0000000008000a68                SDIO_IRQHandler
                0x0000000008000a68                TAMP_STAMP_IRQHandler
                0x0000000008000a68                PendSV_Handler
                0x0000000008000a68                NMI_Handler
                0x0000000008000a68                EXTI3_IRQHandler
                0x0000000008000a68                TIM1_UP_TIM10_IRQHandler
                0x0000000008000a68                I2C3_ER_IRQHandler
                0x0000000008000a68                EXTI18_OTG_FS_WKUP_IRQHandler
                0x0000000008000a68                EXTI0_IRQHandler
                0x0000000008000a68                I2C2_EV_IRQHandler
                0x0000000008000a68                FPU_IRQHandler
                0x0000000008000a68                UsageFault_Handler
                0x0000000008000a68                SPI1_IRQHandler
                0x0000000008000a68                TIM1_BRK_TIM9_IRQHandler
                0x0000000008000a68                USART6_IRQHandler
                0x0000000008000a68                TIM4_IRQHandler
                0x0000000008000a68                I2C1_EV_IRQHandler
                0x0000000008000a68                TIM3_IRQHandler
                0x0000000008000a68                RCC_IRQHandler
                0x0000000008000a68                Default_Handler
                0x0000000008000a68                EXTI15_10_IRQHandler
                0x0000000008000a68                ADC_IRQHandler
                0x0000000008000a68                TIM5_IRQHandler
                0x0000000008000a68                I2C3_EV_IRQHandler
                0x0000000008000a68                EXTI9_5_IRQHandler
                0x0000000008000a68                SPI2_IRQHandler
                0x0000000008000a68                MemManage_Handler
                0x0000000008000a68                SVC_Handler
                0x0000000008000a68                EXTI4_IRQHandler
                0x0000000008000a68                EXTI22_RTC_WKUP_IRQHandler
                0x0000000008000a68                TIM2_IRQHandler
                0x0000000008000a68                EXTI16_PVD_IRQHandler
                0x0000000008000a68                TIM1_TRG_COM_TIM11_IRQHandler
                0x0000000008000a68                EXTI1_IRQHandler
                0x0000000008000a68                EXTI17_RTC_Alarm_IRQHandler
                0x0000000008000a68                I2C2_ER_IRQHandler
                0x0000000008000a68                FLASH_IRQHandler
                0x0000000008000a68                BusFault_Handler
                0x0000000008000a68                USART1_IRQHandler
                0x0000000008000a68                OTG_FS_IRQHandler
                0x0000000008000a68                SPI3_IRQHandler
                0x0000000008000a68                I2C1_ER_IRQHandler
 *fill*         0x0000000008000a6a        0x2 
 .text.SystemInit
                0x0000000008000a6c       0x6c C:\Users\admin\Desktop\firmware\SDK_1.0.3_NUCLEO-F401RE\lib_stm\libLibraries.a(system_stm32f4xx.o)
                0x0000000008000a6c                SystemInit
 .text.SystemCoreClockUpdate
                0x0000000008000ad8       0xf8 C:\Users\admin\Desktop\firmware\SDK_1.0.3_NUCLEO-F401RE\lib_stm\libLibraries.a(system_stm32f4xx.o)
                0x0000000008000ad8                SystemCoreClockUpdate
 .text.SetSysClock
                0x0000000008000bd0       0xa0 C:\Users\admin\Desktop\firmware\SDK_1.0.3_NUCLEO-F401RE\lib_stm\libLibraries.a(system_stm32f4xx.o)
 .text.EventButton_Init
                0x0000000008000c70       0x6c C:\Users\admin\Desktop\firmware\SDK_1.0.3_NUCLEO-F401RE\lib_stm\libLibraries.a(eventbutton.o)
                0x0000000008000c70                EventButton_Init
 .text.ButtonProcessEventEdge
                0x0000000008000cdc       0x34 C:\Users\admin\Desktop\firmware\SDK_1.0.3_NUCLEO-F401RE\lib_stm\libLibraries.a(eventbutton.o)
 .text.ButtonProcessEventPress
                0x0000000008000d10       0x48 C:\Users\admin\Desktop\firmware\SDK_1.0.3_NUCLEO-F401RE\lib_stm\libLibraries.a(eventbutton.o)
 .text.ButtonProcessEventHold
                0x0000000008000d58       0x5e C:\Users\admin\Desktop\firmware\SDK_1.0.3_NUCLEO-F401RE\lib_stm\libLibraries.a(eventbutton.o)
 .text.ButtonProcessEventRelease
                0x0000000008000db6       0x5e C:\Users\admin\Desktop\firmware\SDK_1.0.3_NUCLEO-F401RE\lib_stm\libLibraries.a(eventbutton.o)
 .text.BuzzerControl_Init
                0x0000000008000e14       0x2c C:\Users\admin\Desktop\firmware\SDK_1.0.3_NUCLEO-F401RE\lib_stm\libLibraries.a(buzzer.o)
                0x0000000008000e14                BuzzerControl_Init
 .text.BuzzOff  0x0000000008000e40       0x58 C:\Users\admin\Desktop\firmware\SDK_1.0.3_NUCLEO-F401RE\lib_stm\libLibraries.a(buzzer.o)
 .text.BuzzPlay
                0x0000000008000e98       0x98 C:\Users\admin\Desktop\firmware\SDK_1.0.3_NUCLEO-F401RE\lib_stm\libLibraries.a(buzzer.o)
 .text.BuzzerControl_SetMelody
                0x0000000008000f30       0x3c C:\Users\admin\Desktop\firmware\SDK_1.0.3_NUCLEO-F401RE\lib_stm\libLibraries.a(buzzer.o)
                0x0000000008000f30                BuzzerControl_SetMelody
 .text.BuzzerControl_SendPacketRespond
                0x0000000008000f6c       0x2a C:\Users\admin\Desktop\firmware\SDK_1.0.3_NUCLEO-F401RE\lib_stm\libLibraries.a(buzzer.o)
                0x0000000008000f6c                BuzzerControl_SendPacketRespond
 *fill*         0x0000000008000f96        0x2 
 .text.BUZZTIM_InitTimer
                0x0000000008000f98       0x50 C:\Users\admin\Desktop\firmware\SDK_1.0.3_NUCLEO-F401RE\lib_stm\libLibraries.a(buzzer.o)
 .text.BUZZTIM_InitPWMChannel
                0x0000000008000fe8       0x90 C:\Users\admin\Desktop\firmware\SDK_1.0.3_NUCLEO-F401RE\lib_stm\libLibraries.a(buzzer.o)
 .text.BuzzerControl_SetDutyCycle
                0x0000000008001078       0x3c C:\Users\admin\Desktop\firmware\SDK_1.0.3_NUCLEO-F401RE\lib_stm\libLibraries.a(buzzer.o)
                0x0000000008001078                BuzzerControl_SetDutyCycle
 .text.BuzzerControl_SetPreriod
                0x00000000080010b4       0x20 C:\Users\admin\Desktop\firmware\SDK_1.0.3_NUCLEO-F401RE\lib_stm\libLibraries.a(buzzer.o)
                0x00000000080010b4                BuzzerControl_SetPreriod
 .text.LedControl_Init
                0x00000000080010d4       0x10 C:\Users\admin\Desktop\firmware\SDK_1.0.3_NUCLEO-F401RE\lib_stm\libLibraries.a(led.o)
                0x00000000080010d4                LedControl_Init
 .text.LedControl_SetColorIndividual
                0x00000000080010e4       0xf8 C:\Users\admin\Desktop\firmware\SDK_1.0.3_NUCLEO-F401RE\lib_stm\libLibraries.a(led.o)
                0x00000000080010e4                LedControl_SetColorIndividual
 .text.LedControl_SetColorGeneral
                0x00000000080011dc      0x128 C:\Users\admin\Desktop\firmware\SDK_1.0.3_NUCLEO-F401RE\lib_stm\libLibraries.a(led.o)
                0x00000000080011dc                LedControl_SetColorGeneral
 .text.LedGetAllLastState
                0x0000000008001304        0xe C:\Users\admin\Desktop\firmware\SDK_1.0.3_NUCLEO-F401RE\lib_stm\libLibraries.a(led.o)
 *fill*         0x0000000008001312        0x2 
 .text.LedToggle
                0x0000000008001314       0x9c C:\Users\admin\Desktop\firmware\SDK_1.0.3_NUCLEO-F401RE\lib_stm\libLibraries.a(led.o)
 .text.pFuncBlink
                0x00000000080013b0       0xb0 C:\Users\admin\Desktop\firmware\SDK_1.0.3_NUCLEO-F401RE\lib_stm\libLibraries.a(led.o)
 .text.BlinkStop
                0x0000000008001460       0x78 C:\Users\admin\Desktop\firmware\SDK_1.0.3_NUCLEO-F401RE\lib_stm\libLibraries.a(led.o)
 .text.LedControl_BlinkStart
                0x00000000080014d8       0x7c C:\Users\admin\Desktop\firmware\SDK_1.0.3_NUCLEO-F401RE\lib_stm\libLibraries.a(led.o)
                0x00000000080014d8                LedControl_BlinkStart
 .text.LedControl_SetAllColor
                0x0000000008001554       0x36 C:\Users\admin\Desktop\firmware\SDK_1.0.3_NUCLEO-F401RE\lib_stm\libLibraries.a(led.o)
                0x0000000008001554                LedControl_SetAllColor
 .text.LedControl_SendPacketRespond
                0x000000000800158a       0x3a C:\Users\admin\Desktop\firmware\SDK_1.0.3_NUCLEO-F401RE\lib_stm\libLibraries.a(led.o)
                0x000000000800158a                LedControl_SendPacketRespond
 .text.LEDGPIO_Config
                0x00000000080015c4       0x94 C:\Users\admin\Desktop\firmware\SDK_1.0.3_NUCLEO-F401RE\lib_stm\libLibraries.a(led.o)
 .text.LEDTIM_Config
                0x0000000008001658       0xec C:\Users\admin\Desktop\firmware\SDK_1.0.3_NUCLEO-F401RE\lib_stm\libLibraries.a(led.o)
 .text.EventSchedulerInit
                0x0000000008001744       0x38 C:\Users\admin\Desktop\firmware\SDK_1.0.3_NUCLEO-F401RE\lib_stm\libLibraries.a(eventman.o)
                0x0000000008001744                EventSchedulerInit
 .text.EventSchedulerAdd
                0x000000000800177c       0x2c C:\Users\admin\Desktop\firmware\SDK_1.0.3_NUCLEO-F401RE\lib_stm\libLibraries.a(eventman.o)
                0x000000000800177c                EventSchedulerAdd
 .text.processEventScheduler
                0x00000000080017a8       0x38 C:\Users\admin\Desktop\firmware\SDK_1.0.3_NUCLEO-F401RE\lib_stm\libLibraries.a(eventman.o)
                0x00000000080017a8                processEventScheduler
 .text.NVIC_SetPriority
                0x00000000080017e0       0x54 C:\Users\admin\Desktop\firmware\SDK_1.0.3_NUCLEO-F401RE\lib_stm\libLibraries.a(timer.o)
 .text.SysTick_Config
                0x0000000008001834       0x44 C:\Users\admin\Desktop\firmware\SDK_1.0.3_NUCLEO-F401RE\lib_stm\libLibraries.a(timer.o)
 .text.TimerInit
                0x0000000008001878       0x44 C:\Users\admin\Desktop\firmware\SDK_1.0.3_NUCLEO-F401RE\lib_stm\libLibraries.a(timer.o)
                0x0000000008001878                TimerInit
 .text.TimerStart
                0x00000000080018bc       0xc4 C:\Users\admin\Desktop\firmware\SDK_1.0.3_NUCLEO-F401RE\lib_stm\libLibraries.a(timer.o)
                0x00000000080018bc                TimerStart
 .text.TimerChangePeriod
                0x0000000008001980       0x38 C:\Users\admin\Desktop\firmware\SDK_1.0.3_NUCLEO-F401RE\lib_stm\libLibraries.a(timer.o)
                0x0000000008001980                TimerChangePeriod
 .text.TimerStop
                0x00000000080019b8       0xa0 C:\Users\admin\Desktop\firmware\SDK_1.0.3_NUCLEO-F401RE\lib_stm\libLibraries.a(timer.o)
                0x00000000080019b8                TimerStop
 .text.GetMilSecTick
                0x0000000008001a58       0x18 C:\Users\admin\Desktop\firmware\SDK_1.0.3_NUCLEO-F401RE\lib_stm\libLibraries.a(timer.o)
                0x0000000008001a58                GetMilSecTick
 .text.processTimerScheduler
                0x0000000008001a70       0xf0 C:\Users\admin\Desktop\firmware\SDK_1.0.3_NUCLEO-F401RE\lib_stm\libLibraries.a(timer.o)
                0x0000000008001a70                processTimerScheduler
 .text.TimeExpired
                0x0000000008001b60       0xcc C:\Users\admin\Desktop\firmware\SDK_1.0.3_NUCLEO-F401RE\lib_stm\libLibraries.a(timer.o)
 .text.SysTick_Handler
                0x0000000008001c2c       0x1c C:\Users\admin\Desktop\firmware\SDK_1.0.3_NUCLEO-F401RE\lib_stm\libLibraries.a(timer.o)
                0x0000000008001c2c                SysTick_Handler
 .text.LightSensor_Init
                0x0000000008001c48      0x160 C:\Users\admin\Desktop\firmware\SDK_1.0.3_NUCLEO-F401RE\lib_stm\libLibraries.a(lightsensor.o)
                0x0000000008001c48                LightSensor_Init
 .text.LightSensor_MeasureUsePollingMode
                0x0000000008001da8       0x38 C:\Users\admin\Desktop\firmware\SDK_1.0.3_NUCLEO-F401RE\lib_stm\libLibraries.a(lightsensor.o)
                0x0000000008001da8                LightSensor_MeasureUsePollingMode
 .text.LightSensor_SendPacketRespond
                0x0000000008001de0       0x36 C:\Users\admin\Desktop\firmware\SDK_1.0.3_NUCLEO-F401RE\lib_stm\libLibraries.a(lightsensor.o)
                0x0000000008001de0                LightSensor_SendPacketRespond
 .text.TemHumSensor_Init
                0x0000000008001e16        0xc C:\Users\admin\Desktop\firmware\SDK_1.0.3_NUCLEO-F401RE\lib_stm\libLibraries.a(temhumsensor.o)
                0x0000000008001e16                TemHumSensor_Init
 .text.TempSensor_SendPacketRespond
                0x0000000008001e22       0x36 C:\Users\admin\Desktop\firmware\SDK_1.0.3_NUCLEO-F401RE\lib_stm\libLibraries.a(temhumsensor.o)
                0x0000000008001e22                TempSensor_SendPacketRespond
 .text.HumiSensor_SendPacketRespond
                0x0000000008001e58       0x36 C:\Users\admin\Desktop\firmware\SDK_1.0.3_NUCLEO-F401RE\lib_stm\libLibraries.a(temhumsensor.o)
                0x0000000008001e58                HumiSensor_SendPacketRespond
 *fill*         0x0000000008001e8e        0x2 
 .text.TemHumSensor_GetTemp
                0x0000000008001e90       0x7c C:\Users\admin\Desktop\firmware\SDK_1.0.3_NUCLEO-F401RE\lib_stm\libLibraries.a(temhumsensor.o)
                0x0000000008001e90                TemHumSensor_GetTemp
 .text.TemHumSensor_GetHumi
                0x0000000008001f0c       0x78 C:\Users\admin\Desktop\firmware\SDK_1.0.3_NUCLEO-F401RE\lib_stm\libLibraries.a(temhumsensor.o)
                0x0000000008001f0c                TemHumSensor_GetHumi
 .text.CalculateCRC8
                0x0000000008001f84       0x86 C:\Users\admin\Desktop\firmware\SDK_1.0.3_NUCLEO-F401RE\lib_stm\libLibraries.a(temhumsensor.o)
 *fill*         0x000000000800200a        0x2 
 .text.i2c_config
                0x000000000800200c       0x94 C:\Users\admin\Desktop\firmware\SDK_1.0.3_NUCLEO-F401RE\lib_stm\libLibraries.a(temhumsensor.o)
                0x000000000800200c                i2c_config
 .text.i2c_read_reg_expand
                0x00000000080020a0       0xac C:\Users\admin\Desktop\firmware\SDK_1.0.3_NUCLEO-F401RE\lib_stm\libLibraries.a(temhumsensor.o)
                0x00000000080020a0                i2c_read_reg_expand
 .text.i2c_start
                0x000000000800214c       0x3c C:\Users\admin\Desktop\firmware\SDK_1.0.3_NUCLEO-F401RE\lib_stm\libLibraries.a(temhumsensor.o)
                0x000000000800214c                i2c_start
 .text.i2c_stop
                0x0000000008002188       0x14 C:\Users\admin\Desktop\firmware\SDK_1.0.3_NUCLEO-F401RE\lib_stm\libLibraries.a(temhumsensor.o)
                0x0000000008002188                i2c_stop
 .text.i2c_address_direction
                0x000000000800219c       0x60 C:\Users\admin\Desktop\firmware\SDK_1.0.3_NUCLEO-F401RE\lib_stm\libLibraries.a(temhumsensor.o)
                0x000000000800219c                i2c_address_direction
 .text.i2c_transmit
                0x00000000080021fc       0x34 C:\Users\admin\Desktop\firmware\SDK_1.0.3_NUCLEO-F401RE\lib_stm\libLibraries.a(temhumsensor.o)
                0x00000000080021fc                i2c_transmit
 .text.i2c_receive_ack
                0x0000000008002230       0x30 C:\Users\admin\Desktop\firmware\SDK_1.0.3_NUCLEO-F401RE\lib_stm\libLibraries.a(temhumsensor.o)
                0x0000000008002230                i2c_receive_ack
 .text.i2c_receive_nack
                0x0000000008002260       0x30 C:\Users\admin\Desktop\firmware\SDK_1.0.3_NUCLEO-F401RE\lib_stm\libLibraries.a(temhumsensor.o)
                0x0000000008002260                i2c_receive_nack
 .text.TimerGetCurrentTime
                0x0000000008002290       0x1a C:\Users\admin\Desktop\firmware\SDK_1.0.3_NUCLEO-F401RE\lib_stm\libLibraries.a(serial.o)
 .text.TimerGetElapsedTime
                0x00000000080022aa       0x1a C:\Users\admin\Desktop\firmware\SDK_1.0.3_NUCLEO-F401RE\lib_stm\libLibraries.a(serial.o)
 .text.Serial_Init
                0x00000000080022c4       0x40 C:\Users\admin\Desktop\firmware\SDK_1.0.3_NUCLEO-F401RE\lib_stm\libLibraries.a(serial.o)
                0x00000000080022c4                Serial_Init
 .text.SerialHandleEventCallback
                0x0000000008002304       0x20 C:\Users\admin\Desktop\firmware\SDK_1.0.3_NUCLEO-F401RE\lib_stm\libLibraries.a(serial.o)
                0x0000000008002304                SerialHandleEventCallback
 .text.PollRxBuff
                0x0000000008002324      0x154 C:\Users\admin\Desktop\firmware\SDK_1.0.3_NUCLEO-F401RE\lib_stm\libLibraries.a(serial.o)
 .text.SendACK  0x0000000008002478        0xe C:\Users\admin\Desktop\firmware\SDK_1.0.3_NUCLEO-F401RE\lib_stm\libLibraries.a(serial.o)
                0x0000000008002478                SendACK
 .text.SendNACK
                0x0000000008002486        0xe C:\Users\admin\Desktop\firmware\SDK_1.0.3_NUCLEO-F401RE\lib_stm\libLibraries.a(serial.o)
                0x0000000008002486                SendNACK
 .text.processSerialReceiver
                0x0000000008002494       0x78 C:\Users\admin\Desktop\firmware\SDK_1.0.3_NUCLEO-F401RE\lib_stm\libLibraries.a(serial.o)
                0x0000000008002494                processSerialReceiver
 .text.Serial_SendPacket
                0x000000000800250c      0x188 C:\Users\admin\Desktop\firmware\SDK_1.0.3_NUCLEO-F401RE\lib_stm\libLibraries.a(serial.o)
                0x000000000800250c                Serial_SendPacket
 .text.CalculateCheckXOR
                0x0000000008002694       0x42 C:\Users\admin\Desktop\firmware\SDK_1.0.3_NUCLEO-F401RE\lib_stm\libLibraries.a(serial.o)
 *fill*         0x00000000080026d6        0x2 
 .text.UART_RegBufferRx
                0x00000000080026d8       0x28 C:\Users\admin\Desktop\firmware\SDK_1.0.3_NUCLEO-F401RE\lib_stm\libLibraries.a(serial.o)
                0x00000000080026d8                UART_RegBufferRx
 .text.UART_Init
                0x0000000008002700       0xec C:\Users\admin\Desktop\firmware\SDK_1.0.3_NUCLEO-F401RE\lib_stm\libLibraries.a(serial.o)
                0x0000000008002700                UART_Init
 .text.USART2_IRQHandler
                0x00000000080027ec       0x50 C:\Users\admin\Desktop\firmware\SDK_1.0.3_NUCLEO-F401RE\lib_stm\libLibraries.a(serial.o)
                0x00000000080027ec                USART2_IRQHandler
 .text.EventSerial_Init
                0x000000000800283c       0x18 C:\Users\admin\Desktop\firmware\SDK_1.0.3_NUCLEO-F401RE\lib_stm\libLibraries.a(uartcmd.o)
                0x000000000800283c                EventSerial_Init
 .text.EventSerial_SetEventLedCallback
                0x0000000008002854       0x20 C:\Users\admin\Desktop\firmware\SDK_1.0.3_NUCLEO-F401RE\lib_stm\libLibraries.a(uartcmd.o)
                0x0000000008002854                EventSerial_SetEventLedCallback
 .text.EventSerial_SetEventBuzzerCallback
                0x0000000008002874       0x20 C:\Users\admin\Desktop\firmware\SDK_1.0.3_NUCLEO-F401RE\lib_stm\libLibraries.a(uartcmd.o)
                0x0000000008002874                EventSerial_SetEventBuzzerCallback
 .text.EventSerial_SetEventLcdCallback
                0x0000000008002894       0x20 C:\Users\admin\Desktop\firmware\SDK_1.0.3_NUCLEO-F401RE\lib_stm\libLibraries.a(uartcmd.o)
                0x0000000008002894                EventSerial_SetEventLcdCallback
 .text.procUartCmd
                0x00000000080028b4       0x56 C:\Users\admin\Desktop\firmware\SDK_1.0.3_NUCLEO-F401RE\lib_stm\libLibraries.a(uartcmd.o)
 *fill*         0x000000000800290a        0x2 
 .text.uartReceiveControlLed_Set
                0x000000000800290c       0x4c C:\Users\admin\Desktop\firmware\SDK_1.0.3_NUCLEO-F401RE\lib_stm\libLibraries.a(uartcmd.o)
                0x000000000800290c                uartReceiveControlLed_Set
 .text.processUartReceiveCommand_ControlLed
                0x0000000008002958       0x26 C:\Users\admin\Desktop\firmware\SDK_1.0.3_NUCLEO-F401RE\lib_stm\libLibraries.a(uartcmd.o)
 *fill*         0x000000000800297e        0x2 
 .text.uartReceiveControlBuzzer_Set
                0x0000000008002980       0x40 C:\Users\admin\Desktop\firmware\SDK_1.0.3_NUCLEO-F401RE\lib_stm\libLibraries.a(uartcmd.o)
                0x0000000008002980                uartReceiveControlBuzzer_Set
 .text.processUartReceiveCommand_ControlBuzzer
                0x00000000080029c0       0x26 C:\Users\admin\Desktop\firmware\SDK_1.0.3_NUCLEO-F401RE\lib_stm\libLibraries.a(uartcmd.o)
 *fill*         0x00000000080029e6        0x2 
 .text.uartReceiveControlButton_Set
                0x00000000080029e8       0x44 C:\Users\admin\Desktop\firmware\SDK_1.0.3_NUCLEO-F401RE\lib_stm\libLibraries.a(uartcmd.o)
                0x00000000080029e8                uartReceiveControlButton_Set
 .text.processUartReceiveCommand_ControlButton
                0x0000000008002a2c       0x26 C:\Users\admin\Desktop\firmware\SDK_1.0.3_NUCLEO-F401RE\lib_stm\libLibraries.a(uartcmd.o)
 *fill*         0x0000000008002a52        0x2 
 .text.uartReceiveControlLcd_Set
                0x0000000008002a54       0x58 C:\Users\admin\Desktop\firmware\SDK_1.0.3_NUCLEO-F401RE\lib_stm\libLibraries.a(uartcmd.o)
                0x0000000008002a54                uartReceiveControlLcd_Set
 .text.processUartReceiveCommand_ControlLcd
                0x0000000008002aac       0x26 C:\Users\admin\Desktop\firmware\SDK_1.0.3_NUCLEO-F401RE\lib_stm\libLibraries.a(uartcmd.o)
 .text.delayMicroseconds
                0x0000000008002ad2       0x14 C:\Users\admin\Desktop\firmware\SDK_1.0.3_NUCLEO-F401RE\lib_stm\libLibraries.a(Ucglib.o)
 *fill*         0x0000000008002ae6        0x2 
 .text.ucg_gpio_init
                0x0000000008002ae8       0x60 C:\Users\admin\Desktop\firmware\SDK_1.0.3_NUCLEO-F401RE\lib_stm\libLibraries.a(Ucglib.o)
 .text.ucg_com_arduino_send_generic_SW_SPI
                0x0000000008002b48       0x74 C:\Users\admin\Desktop\firmware\SDK_1.0.3_NUCLEO-F401RE\lib_stm\libLibraries.a(Ucglib.o)
 .text.ucg_com_arduino_generic_SW_SPI
                0x0000000008002bbc      0x1ec C:\Users\admin\Desktop\firmware\SDK_1.0.3_NUCLEO-F401RE\lib_stm\libLibraries.a(Ucglib.o)
 .text.Ucglib4WireSWSPI_begin
                0x0000000008002da8       0x38 C:\Users\admin\Desktop\firmware\SDK_1.0.3_NUCLEO-F401RE\lib_stm\libLibraries.a(Ucglib.o)
                0x0000000008002da8                Ucglib4WireSWSPI_begin
 .text.ucg_DrawBox
                0x0000000008002de0       0x56 C:\Users\admin\Desktop\firmware\SDK_1.0.3_NUCLEO-F401RE\lib_stm\libLibraries.a(ucg_box.o)
                0x0000000008002de0                ucg_DrawBox
 .text.ucg_ClearScreen
                0x0000000008002e36       0x50 C:\Users\admin\Desktop\firmware\SDK_1.0.3_NUCLEO-F401RE\lib_stm\libLibraries.a(ucg_box.o)
                0x0000000008002e36                ucg_ClearScreen
 .text.ucg_ccs_init
                0x0000000008002e86       0xc0 C:\Users\admin\Desktop\firmware\SDK_1.0.3_NUCLEO-F401RE\lib_stm\libLibraries.a(ucg_ccs.o)
                0x0000000008002e86                ucg_ccs_init
 .text.ucg_ccs_step
                0x0000000008002f46       0x80 C:\Users\admin\Desktop\firmware\SDK_1.0.3_NUCLEO-F401RE\lib_stm\libLibraries.a(ucg_ccs.o)
                0x0000000008002f46                ucg_ccs_step
 .text.ucg_ccs_seek
                0x0000000008002fc6       0xca C:\Users\admin\Desktop\firmware\SDK_1.0.3_NUCLEO-F401RE\lib_stm\libLibraries.a(ucg_ccs.o)
                0x0000000008002fc6                ucg_ccs_seek
 .text.ucg_dev_default_cb
                0x0000000008003090       0x44 C:\Users\admin\Desktop\firmware\SDK_1.0.3_NUCLEO-F401RE\lib_stm\libLibraries.a(ucg_dev_default_cb.o)
                0x0000000008003090                ucg_dev_default_cb
 .text.ucg_ext_none
                0x00000000080030d4       0x1c C:\Users\admin\Desktop\firmware\SDK_1.0.3_NUCLEO-F401RE\lib_stm\libLibraries.a(ucg_dev_default_cb.o)
                0x00000000080030d4                ucg_ext_none
 .text.ucg_handle_st7735_l90fx
                0x00000000080030f0       0xd8 C:\Users\admin\Desktop\firmware\SDK_1.0.3_NUCLEO-F401RE\lib_stm\libLibraries.a(ucg_dev_ic_st7735.o)
                0x00000000080030f0                ucg_handle_st7735_l90fx
 .text.ucg_handle_st7735_l90se
                0x00000000080031c8      0x154 C:\Users\admin\Desktop\firmware\SDK_1.0.3_NUCLEO-F401RE\lib_stm\libLibraries.a(ucg_dev_ic_st7735.o)
                0x00000000080031c8                ucg_handle_st7735_l90se
 .text.ucg_dev_ic_st7735_18
                0x000000000800331c       0xf8 C:\Users\admin\Desktop\firmware\SDK_1.0.3_NUCLEO-F401RE\lib_stm\libLibraries.a(ucg_dev_ic_st7735.o)
                0x000000000800331c                ucg_dev_ic_st7735_18
 .text.ucg_ext_st7735_18
                0x0000000008003414       0x28 C:\Users\admin\Desktop\firmware\SDK_1.0.3_NUCLEO-F401RE\lib_stm\libLibraries.a(ucg_dev_ic_st7735.o)
                0x0000000008003414                ucg_ext_st7735_18
 .text.ucg_PowerDown
                0x000000000800343c       0x34 C:\Users\admin\Desktop\firmware\SDK_1.0.3_NUCLEO-F401RE\lib_stm\libLibraries.a(ucg_dev_msg_api.o)
                0x000000000800343c                ucg_PowerDown
 .text.ucg_PowerUp
                0x0000000008003470       0x3c C:\Users\admin\Desktop\firmware\SDK_1.0.3_NUCLEO-F401RE\lib_stm\libLibraries.a(ucg_dev_msg_api.o)
                0x0000000008003470                ucg_PowerUp
 .text.ucg_SetClipBox
                0x00000000080034ac       0x1e C:\Users\admin\Desktop\firmware\SDK_1.0.3_NUCLEO-F401RE\lib_stm\libLibraries.a(ucg_dev_msg_api.o)
                0x00000000080034ac                ucg_SetClipBox
 .text.ucg_SetMaxClipRange
                0x00000000080034ca       0x30 C:\Users\admin\Desktop\firmware\SDK_1.0.3_NUCLEO-F401RE\lib_stm\libLibraries.a(ucg_dev_msg_api.o)
                0x00000000080034ca                ucg_SetMaxClipRange
 .text.ucg_GetDimension
                0x00000000080034fa       0x24 C:\Users\admin\Desktop\firmware\SDK_1.0.3_NUCLEO-F401RE\lib_stm\libLibraries.a(ucg_dev_msg_api.o)
                0x00000000080034fa                ucg_GetDimension
 .text.ucg_DrawL90FXWithArg
                0x000000000800351e       0x1e C:\Users\admin\Desktop\firmware\SDK_1.0.3_NUCLEO-F401RE\lib_stm\libLibraries.a(ucg_dev_msg_api.o)
                0x000000000800351e                ucg_DrawL90FXWithArg
 .text.ucg_dev_st7735_18x128x128
                0x000000000800353c       0x80 C:\Users\admin\Desktop\firmware\SDK_1.0.3_NUCLEO-F401RE\lib_stm\libLibraries.a(ucg_dev_tft_128x128_st7735.o)
                0x000000000800353c                ucg_dev_st7735_18x128x128
 .text.ucg_font_get_byte
                0x00000000080035bc       0x24 C:\Users\admin\Desktop\firmware\SDK_1.0.3_NUCLEO-F401RE\lib_stm\libLibraries.a(ucg_font.o)
 .text.ucg_font_get_word
                0x00000000080035e0       0x40 C:\Users\admin\Desktop\firmware\SDK_1.0.3_NUCLEO-F401RE\lib_stm\libLibraries.a(ucg_font.o)
 .text.ucg_read_font_info
                0x0000000008003620      0x142 C:\Users\admin\Desktop\firmware\SDK_1.0.3_NUCLEO-F401RE\lib_stm\libLibraries.a(ucg_font.o)
                0x0000000008003620                ucg_read_font_info
 .text.ucg_font_decode_get_unsigned_bits
                0x0000000008003762       0x96 C:\Users\admin\Desktop\firmware\SDK_1.0.3_NUCLEO-F401RE\lib_stm\libLibraries.a(ucg_font.o)
                0x0000000008003762                ucg_font_decode_get_unsigned_bits
 .text.ucg_font_decode_get_signed_bits
                0x00000000080037f8       0x46 C:\Users\admin\Desktop\firmware\SDK_1.0.3_NUCLEO-F401RE\lib_stm\libLibraries.a(ucg_font.o)
                0x00000000080037f8                ucg_font_decode_get_signed_bits
 .text.ucg_add_vector_y
                0x000000000800383e       0x7a C:\Users\admin\Desktop\firmware\SDK_1.0.3_NUCLEO-F401RE\lib_stm\libLibraries.a(ucg_font.o)
 .text.ucg_add_vector_x
                0x00000000080038b8       0x7a C:\Users\admin\Desktop\firmware\SDK_1.0.3_NUCLEO-F401RE\lib_stm\libLibraries.a(ucg_font.o)
 .text.ucg_font_decode_len
                0x0000000008003932      0x118 C:\Users\admin\Desktop\firmware\SDK_1.0.3_NUCLEO-F401RE\lib_stm\libLibraries.a(ucg_font.o)
                0x0000000008003932                ucg_font_decode_len
 .text.ucg_font_setup_decode
                0x0000000008003a4a       0x64 C:\Users\admin\Desktop\firmware\SDK_1.0.3_NUCLEO-F401RE\lib_stm\libLibraries.a(ucg_font.o)
 .text.ucg_font_decode_glyph
                0x0000000008003aae      0x14c C:\Users\admin\Desktop\firmware\SDK_1.0.3_NUCLEO-F401RE\lib_stm\libLibraries.a(ucg_font.o)
                0x0000000008003aae                ucg_font_decode_glyph
 .text.ucg_font_get_glyph_data
                0x0000000008003bfa       0x7a C:\Users\admin\Desktop\firmware\SDK_1.0.3_NUCLEO-F401RE\lib_stm\libLibraries.a(ucg_font.o)
                0x0000000008003bfa                ucg_font_get_glyph_data
 .text.ucg_font_draw_glyph
                0x0000000008003c74       0x62 C:\Users\admin\Desktop\firmware\SDK_1.0.3_NUCLEO-F401RE\lib_stm\libLibraries.a(ucg_font.o)
                0x0000000008003c74                ucg_font_draw_glyph
 .text.ucg_SetFontMode
                0x0000000008003cd6       0x20 C:\Users\admin\Desktop\firmware\SDK_1.0.3_NUCLEO-F401RE\lib_stm\libLibraries.a(ucg_font.o)
                0x0000000008003cd6                ucg_SetFontMode
 *fill*         0x0000000008003cf6        0x2 
 .text.ucg_DrawGlyph
                0x0000000008003cf8       0xb0 C:\Users\admin\Desktop\firmware\SDK_1.0.3_NUCLEO-F401RE\lib_stm\libLibraries.a(ucg_font.o)
                0x0000000008003cf8                ucg_DrawGlyph
 .text.task_drawString
                0x0000000008003da8      0x138 C:\Users\admin\Desktop\firmware\SDK_1.0.3_NUCLEO-F401RE\lib_stm\libLibraries.a(ucg_font.o)
                0x0000000008003da8                task_drawString
 .text.ucg_DrawString
                0x0000000008003ee0       0x78 C:\Users\admin\Desktop\firmware\SDK_1.0.3_NUCLEO-F401RE\lib_stm\libLibraries.a(ucg_font.o)
                0x0000000008003ee0                ucg_DrawString
 .text.ucg_UpdateRefHeight
                0x0000000008003f58       0xd8 C:\Users\admin\Desktop\firmware\SDK_1.0.3_NUCLEO-F401RE\lib_stm\libLibraries.a(ucg_font.o)
                0x0000000008003f58                ucg_UpdateRefHeight
 .text.ucg_font_calc_vref_font
                0x0000000008004030       0x16 C:\Users\admin\Desktop\firmware\SDK_1.0.3_NUCLEO-F401RE\lib_stm\libLibraries.a(ucg_font.o)
                0x0000000008004030                ucg_font_calc_vref_font
 *fill*         0x0000000008004046        0x2 
 .text.ucg_SetFontPosBaseline
                0x0000000008004048       0x20 C:\Users\admin\Desktop\firmware\SDK_1.0.3_NUCLEO-F401RE\lib_stm\libLibraries.a(ucg_font.o)
                0x0000000008004048                ucg_SetFontPosBaseline
 .text.ucg_SetFont
                0x0000000008004068       0x4c C:\Users\admin\Desktop\firmware\SDK_1.0.3_NUCLEO-F401RE\lib_stm\libLibraries.a(ucg_font.o)
                0x0000000008004068                ucg_SetFont
 .text.ucg_init_struct
                0x00000000080040b4       0x50 C:\Users\admin\Desktop\firmware\SDK_1.0.3_NUCLEO-F401RE\lib_stm\libLibraries.a(ucg_init.o)
                0x00000000080040b4                ucg_init_struct
 .text.ucg_Init
                0x0000000008004104       0x5c C:\Users\admin\Desktop\firmware\SDK_1.0.3_NUCLEO-F401RE\lib_stm\libLibraries.a(ucg_init.o)
                0x0000000008004104                ucg_Init
 .text.ucg_Draw90Line
                0x0000000008004160       0x88 C:\Users\admin\Desktop\firmware\SDK_1.0.3_NUCLEO-F401RE\lib_stm\libLibraries.a(ucg_line.o)
                0x0000000008004160                ucg_Draw90Line
 .text.ucg_DrawHLine
                0x00000000080041e8       0x3e C:\Users\admin\Desktop\firmware\SDK_1.0.3_NUCLEO-F401RE\lib_stm\libLibraries.a(ucg_line.o)
                0x00000000080041e8                ucg_DrawHLine
 .text.ucg_SetColor
                0x0000000008004226       0x5c C:\Users\admin\Desktop\firmware\SDK_1.0.3_NUCLEO-F401RE\lib_stm\libLibraries.a(ucg_pixel.o)
                0x0000000008004226                ucg_SetColor
 .text.ucg_UndoRotate
                0x0000000008004282       0x32 C:\Users\admin\Desktop\firmware\SDK_1.0.3_NUCLEO-F401RE\lib_stm\libLibraries.a(ucg_rotate.o)
                0x0000000008004282                ucg_UndoRotate
 .text.ucg_rotate_180_xy
                0x00000000080042b4       0x66 C:\Users\admin\Desktop\firmware\SDK_1.0.3_NUCLEO-F401RE\lib_stm\libLibraries.a(ucg_rotate.o)
 *fill*         0x000000000800431a        0x2 
 .text.ucg_dev_rotate180
                0x000000000800431c      0x100 C:\Users\admin\Desktop\firmware\SDK_1.0.3_NUCLEO-F401RE\lib_stm\libLibraries.a(ucg_rotate.o)
                0x000000000800431c                ucg_dev_rotate180
 .text.ucg_SetRotate180
                0x000000000800441c       0x34 C:\Users\admin\Desktop\firmware\SDK_1.0.3_NUCLEO-F401RE\lib_stm\libLibraries.a(ucg_rotate.o)
                0x000000000800441c                ucg_SetRotate180
 .text.bufInit  0x0000000008004450       0x36 C:\Users\admin\Desktop\firmware\SDK_1.0.3_NUCLEO-F401RE\lib_stm\libLibraries.a(buff.o)
                0x0000000008004450                bufInit
 .text.bufNumItems
                0x0000000008004486       0x18 C:\Users\admin\Desktop\firmware\SDK_1.0.3_NUCLEO-F401RE\lib_stm\libLibraries.a(buff.o)
                0x0000000008004486                bufNumItems
 .text.bufIsFull
                0x000000000800449e       0x26 C:\Users\admin\Desktop\firmware\SDK_1.0.3_NUCLEO-F401RE\lib_stm\libLibraries.a(buff.o)
                0x000000000800449e                bufIsFull
 .text.bufIsEmpty
                0x00000000080044c4       0x26 C:\Users\admin\Desktop\firmware\SDK_1.0.3_NUCLEO-F401RE\lib_stm\libLibraries.a(buff.o)
                0x00000000080044c4                bufIsEmpty
 .text.bufFlush
                0x00000000080044ea       0x32 C:\Users\admin\Desktop\firmware\SDK_1.0.3_NUCLEO-F401RE\lib_stm\libLibraries.a(buff.o)
                0x00000000080044ea                bufFlush
 .text.bufEnDat
                0x000000000800451c       0x9c C:\Users\admin\Desktop\firmware\SDK_1.0.3_NUCLEO-F401RE\lib_stm\libLibraries.a(buff.o)
                0x000000000800451c                bufEnDat
 .text.bufDeDat
                0x00000000080045b8       0x84 C:\Users\admin\Desktop\firmware\SDK_1.0.3_NUCLEO-F401RE\lib_stm\libLibraries.a(buff.o)
                0x00000000080045b8                bufDeDat
 .text.memsetl  0x000000000800463c       0x32 C:\Users\admin\Desktop\firmware\SDK_1.0.3_NUCLEO-F401RE\lib_stm\libLibraries.a(utilities.o)
                0x000000000800463c                memsetl
 *fill*         0x000000000800466e        0x2 
 .text.NVIC_PriorityGroupConfig
                0x0000000008004670       0x28 C:\Users\admin\Desktop\firmware\SDK_1.0.3_NUCLEO-F401RE\lib_stm\libLibraries.a(misc.o)
                0x0000000008004670                NVIC_PriorityGroupConfig
 .text.NVIC_Init
                0x0000000008004698       0xc4 C:\Users\admin\Desktop\firmware\SDK_1.0.3_NUCLEO-F401RE\lib_stm\libLibraries.a(misc.o)
                0x0000000008004698                NVIC_Init
 .text.ADC_DeInit
                0x000000000800475c       0x1c C:\Users\admin\Desktop\firmware\SDK_1.0.3_NUCLEO-F401RE\lib_stm\libLibraries.a(stm32f401re_adc.o)
                0x000000000800475c                ADC_DeInit
 .text.ADC_Init
                0x0000000008004778       0xac C:\Users\admin\Desktop\firmware\SDK_1.0.3_NUCLEO-F401RE\lib_stm\libLibraries.a(stm32f401re_adc.o)
                0x0000000008004778                ADC_Init
 .text.ADC_CommonInit
                0x0000000008004824       0x50 C:\Users\admin\Desktop\firmware\SDK_1.0.3_NUCLEO-F401RE\lib_stm\libLibraries.a(stm32f401re_adc.o)
                0x0000000008004824                ADC_CommonInit
 .text.ADC_Cmd  0x0000000008004874       0x38 C:\Users\admin\Desktop\firmware\SDK_1.0.3_NUCLEO-F401RE\lib_stm\libLibraries.a(stm32f401re_adc.o)
                0x0000000008004874                ADC_Cmd
 .text.ADC_RegularChannelConfig
                0x00000000080048ac      0x194 C:\Users\admin\Desktop\firmware\SDK_1.0.3_NUCLEO-F401RE\lib_stm\libLibraries.a(stm32f401re_adc.o)
                0x00000000080048ac                ADC_RegularChannelConfig
 .text.ADC_SoftwareStartConv
                0x0000000008004a40       0x20 C:\Users\admin\Desktop\firmware\SDK_1.0.3_NUCLEO-F401RE\lib_stm\libLibraries.a(stm32f401re_adc.o)
                0x0000000008004a40                ADC_SoftwareStartConv
 .text.ADC_EOCOnEachRegularChannelCmd
                0x0000000008004a60       0x38 C:\Users\admin\Desktop\firmware\SDK_1.0.3_NUCLEO-F401RE\lib_stm\libLibraries.a(stm32f401re_adc.o)
                0x0000000008004a60                ADC_EOCOnEachRegularChannelCmd
 .text.ADC_ContinuousModeCmd
                0x0000000008004a98       0x38 C:\Users\admin\Desktop\firmware\SDK_1.0.3_NUCLEO-F401RE\lib_stm\libLibraries.a(stm32f401re_adc.o)
                0x0000000008004a98                ADC_ContinuousModeCmd
 .text.ADC_DiscModeChannelCountConfig
                0x0000000008004ad0       0x44 C:\Users\admin\Desktop\firmware\SDK_1.0.3_NUCLEO-F401RE\lib_stm\libLibraries.a(stm32f401re_adc.o)
                0x0000000008004ad0                ADC_DiscModeChannelCountConfig
 .text.ADC_DiscModeCmd
                0x0000000008004b14       0x38 C:\Users\admin\Desktop\firmware\SDK_1.0.3_NUCLEO-F401RE\lib_stm\libLibraries.a(stm32f401re_adc.o)
                0x0000000008004b14                ADC_DiscModeCmd
 .text.ADC_GetConversionValue
                0x0000000008004b4c       0x1a C:\Users\admin\Desktop\firmware\SDK_1.0.3_NUCLEO-F401RE\lib_stm\libLibraries.a(stm32f401re_adc.o)
                0x0000000008004b4c                ADC_GetConversionValue
 .text.ADC_DMACmd
                0x0000000008004b66       0x38 C:\Users\admin\Desktop\firmware\SDK_1.0.3_NUCLEO-F401RE\lib_stm\libLibraries.a(stm32f401re_adc.o)
                0x0000000008004b66                ADC_DMACmd
 .text.ADC_DMARequestAfterLastTransferCmd
                0x0000000008004b9e       0x38 C:\Users\admin\Desktop\firmware\SDK_1.0.3_NUCLEO-F401RE\lib_stm\libLibraries.a(stm32f401re_adc.o)
                0x0000000008004b9e                ADC_DMARequestAfterLastTransferCmd
 .text.ADC_GetFlagStatus
                0x0000000008004bd6       0x34 C:\Users\admin\Desktop\firmware\SDK_1.0.3_NUCLEO-F401RE\lib_stm\libLibraries.a(stm32f401re_adc.o)
                0x0000000008004bd6                ADC_GetFlagStatus
 *fill*         0x0000000008004c0a        0x2 
 .text.DMA_DeInit
                0x0000000008004c0c      0x1a8 C:\Users\admin\Desktop\firmware\SDK_1.0.3_NUCLEO-F401RE\lib_stm\libLibraries.a(stm32f401re_dma.o)
                0x0000000008004c0c                DMA_DeInit
 .text.DMA_Init
                0x0000000008004db4       0xb0 C:\Users\admin\Desktop\firmware\SDK_1.0.3_NUCLEO-F401RE\lib_stm\libLibraries.a(stm32f401re_dma.o)
                0x0000000008004db4                DMA_Init
 .text.DMA_Cmd  0x0000000008004e64       0x38 C:\Users\admin\Desktop\firmware\SDK_1.0.3_NUCLEO-F401RE\lib_stm\libLibraries.a(stm32f401re_dma.o)
                0x0000000008004e64                DMA_Cmd
 .text.GPIO_Init
                0x0000000008004e9c      0x11c C:\Users\admin\Desktop\firmware\SDK_1.0.3_NUCLEO-F401RE\lib_stm\libLibraries.a(stm32f401re_gpio.o)
                0x0000000008004e9c                GPIO_Init
 .text.GPIO_ReadInputDataBit
                0x0000000008004fb8       0x34 C:\Users\admin\Desktop\firmware\SDK_1.0.3_NUCLEO-F401RE\lib_stm\libLibraries.a(stm32f401re_gpio.o)
                0x0000000008004fb8                GPIO_ReadInputDataBit
 .text.GPIO_SetBits
                0x0000000008004fec       0x1e C:\Users\admin\Desktop\firmware\SDK_1.0.3_NUCLEO-F401RE\lib_stm\libLibraries.a(stm32f401re_gpio.o)
                0x0000000008004fec                GPIO_SetBits
 .text.GPIO_ResetBits
                0x000000000800500a       0x1e C:\Users\admin\Desktop\firmware\SDK_1.0.3_NUCLEO-F401RE\lib_stm\libLibraries.a(stm32f401re_gpio.o)
                0x000000000800500a                GPIO_ResetBits
 .text.GPIO_WriteBit
                0x0000000008005028       0x30 C:\Users\admin\Desktop\firmware\SDK_1.0.3_NUCLEO-F401RE\lib_stm\libLibraries.a(stm32f401re_gpio.o)
                0x0000000008005028                GPIO_WriteBit
 .text.GPIO_PinAFConfig
                0x0000000008005058       0x92 C:\Users\admin\Desktop\firmware\SDK_1.0.3_NUCLEO-F401RE\lib_stm\libLibraries.a(stm32f401re_gpio.o)
                0x0000000008005058                GPIO_PinAFConfig
 *fill*         0x00000000080050ea        0x2 
 .text.I2C_Init
                0x00000000080050ec      0x184 C:\Users\admin\Desktop\firmware\SDK_1.0.3_NUCLEO-F401RE\lib_stm\libLibraries.a(stm32f401re_i2c.o)
                0x00000000080050ec                I2C_Init
 .text.I2C_Cmd  0x0000000008005270       0x40 C:\Users\admin\Desktop\firmware\SDK_1.0.3_NUCLEO-F401RE\lib_stm\libLibraries.a(stm32f401re_i2c.o)
                0x0000000008005270                I2C_Cmd
 .text.I2C_GenerateSTART
                0x00000000080052b0       0x40 C:\Users\admin\Desktop\firmware\SDK_1.0.3_NUCLEO-F401RE\lib_stm\libLibraries.a(stm32f401re_i2c.o)
                0x00000000080052b0                I2C_GenerateSTART
 .text.I2C_GenerateSTOP
                0x00000000080052f0       0x40 C:\Users\admin\Desktop\firmware\SDK_1.0.3_NUCLEO-F401RE\lib_stm\libLibraries.a(stm32f401re_i2c.o)
                0x00000000080052f0                I2C_GenerateSTOP
 .text.I2C_Send7bitAddress
                0x0000000008005330       0x3c C:\Users\admin\Desktop\firmware\SDK_1.0.3_NUCLEO-F401RE\lib_stm\libLibraries.a(stm32f401re_i2c.o)
                0x0000000008005330                I2C_Send7bitAddress
 .text.I2C_AcknowledgeConfig
                0x000000000800536c       0x40 C:\Users\admin\Desktop\firmware\SDK_1.0.3_NUCLEO-F401RE\lib_stm\libLibraries.a(stm32f401re_i2c.o)
                0x000000000800536c                I2C_AcknowledgeConfig
 .text.I2C_SendData
                0x00000000080053ac       0x20 C:\Users\admin\Desktop\firmware\SDK_1.0.3_NUCLEO-F401RE\lib_stm\libLibraries.a(stm32f401re_i2c.o)
                0x00000000080053ac                I2C_SendData
 .text.I2C_ReceiveData
                0x00000000080053cc       0x1c C:\Users\admin\Desktop\firmware\SDK_1.0.3_NUCLEO-F401RE\lib_stm\libLibraries.a(stm32f401re_i2c.o)
                0x00000000080053cc                I2C_ReceiveData
 .text.I2C_CheckEvent
                0x00000000080053e8       0x60 C:\Users\admin\Desktop\firmware\SDK_1.0.3_NUCLEO-F401RE\lib_stm\libLibraries.a(stm32f401re_i2c.o)
                0x00000000080053e8                I2C_CheckEvent
 .text.I2C_GetFlagStatus
                0x0000000008005448       0x66 C:\Users\admin\Desktop\firmware\SDK_1.0.3_NUCLEO-F401RE\lib_stm\libLibraries.a(stm32f401re_i2c.o)
                0x0000000008005448                I2C_GetFlagStatus
 *fill*         0x00000000080054ae        0x2 
 .text.RCC_GetClocksFreq
                0x00000000080054b0      0x150 C:\Users\admin\Desktop\firmware\SDK_1.0.3_NUCLEO-F401RE\lib_stm\libLibraries.a(stm32f401re_rcc.o)
                0x00000000080054b0                RCC_GetClocksFreq
 .text.RCC_AHB1PeriphClockCmd
                0x0000000008005600       0x40 C:\Users\admin\Desktop\firmware\SDK_1.0.3_NUCLEO-F401RE\lib_stm\libLibraries.a(stm32f401re_rcc.o)
                0x0000000008005600                RCC_AHB1PeriphClockCmd
 .text.RCC_APB1PeriphClockCmd
                0x0000000008005640       0x40 C:\Users\admin\Desktop\firmware\SDK_1.0.3_NUCLEO-F401RE\lib_stm\libLibraries.a(stm32f401re_rcc.o)
                0x0000000008005640                RCC_APB1PeriphClockCmd
 .text.RCC_APB2PeriphClockCmd
                0x0000000008005680       0x40 C:\Users\admin\Desktop\firmware\SDK_1.0.3_NUCLEO-F401RE\lib_stm\libLibraries.a(stm32f401re_rcc.o)
                0x0000000008005680                RCC_APB2PeriphClockCmd
 .text.RCC_APB2PeriphResetCmd
                0x00000000080056c0       0x40 C:\Users\admin\Desktop\firmware\SDK_1.0.3_NUCLEO-F401RE\lib_stm\libLibraries.a(stm32f401re_rcc.o)
                0x00000000080056c0                RCC_APB2PeriphResetCmd
 .text.TIM_TimeBaseInit
                0x0000000008005700       0xd8 C:\Users\admin\Desktop\firmware\SDK_1.0.3_NUCLEO-F401RE\lib_stm\libLibraries.a(stm32f401re_tim.o)
                0x0000000008005700                TIM_TimeBaseInit
 .text.TIM_Cmd  0x00000000080057d8       0x40 C:\Users\admin\Desktop\firmware\SDK_1.0.3_NUCLEO-F401RE\lib_stm\libLibraries.a(stm32f401re_tim.o)
                0x00000000080057d8                TIM_Cmd
 .text.TIM_OC1Init
                0x0000000008005818       0xf4 C:\Users\admin\Desktop\firmware\SDK_1.0.3_NUCLEO-F401RE\lib_stm\libLibraries.a(stm32f401re_tim.o)
                0x0000000008005818                TIM_OC1Init
 .text.TIM_OC2Init
                0x000000000800590c      0x110 C:\Users\admin\Desktop\firmware\SDK_1.0.3_NUCLEO-F401RE\lib_stm\libLibraries.a(stm32f401re_tim.o)
                0x000000000800590c                TIM_OC2Init
 .text.TIM_OC3Init
                0x0000000008005a1c      0x10c C:\Users\admin\Desktop\firmware\SDK_1.0.3_NUCLEO-F401RE\lib_stm\libLibraries.a(stm32f401re_tim.o)
                0x0000000008005a1c                TIM_OC3Init
 .text.TIM_OC4Init
                0x0000000008005b28       0xd0 C:\Users\admin\Desktop\firmware\SDK_1.0.3_NUCLEO-F401RE\lib_stm\libLibraries.a(stm32f401re_tim.o)
                0x0000000008005b28                TIM_OC4Init
 .text.TIM_SetCompare1
                0x0000000008005bf8       0x1c C:\Users\admin\Desktop\firmware\SDK_1.0.3_NUCLEO-F401RE\lib_stm\libLibraries.a(stm32f401re_tim.o)
                0x0000000008005bf8                TIM_SetCompare1
 .text.TIM_SetCompare2
                0x0000000008005c14       0x1c C:\Users\admin\Desktop\firmware\SDK_1.0.3_NUCLEO-F401RE\lib_stm\libLibraries.a(stm32f401re_tim.o)
                0x0000000008005c14                TIM_SetCompare2
 .text.TIM_SetCompare3
                0x0000000008005c30       0x1c C:\Users\admin\Desktop\firmware\SDK_1.0.3_NUCLEO-F401RE\lib_stm\libLibraries.a(stm32f401re_tim.o)
                0x0000000008005c30                TIM_SetCompare3
 .text.TIM_SetCompare4
                0x0000000008005c4c       0x1c C:\Users\admin\Desktop\firmware\SDK_1.0.3_NUCLEO-F401RE\lib_stm\libLibraries.a(stm32f401re_tim.o)
                0x0000000008005c4c                TIM_SetCompare4
 .text.TIM_CtrlPWMOutputs
                0x0000000008005c68       0x4c C:\Users\admin\Desktop\firmware\SDK_1.0.3_NUCLEO-F401RE\lib_stm\libLibraries.a(stm32f401re_tim.o)
                0x0000000008005c68                TIM_CtrlPWMOutputs
 .text.USART_Init
                0x0000000008005cb4      0x174 C:\Users\admin\Desktop\firmware\SDK_1.0.3_NUCLEO-F401RE\lib_stm\libLibraries.a(stm32f401re_usart.o)
                0x0000000008005cb4                USART_Init
 .text.USART_Cmd
                0x0000000008005e28       0x40 C:\Users\admin\Desktop\firmware\SDK_1.0.3_NUCLEO-F401RE\lib_stm\libLibraries.a(stm32f401re_usart.o)
                0x0000000008005e28                USART_Cmd
 .text.USART_SendData
                0x0000000008005e68       0x24 C:\Users\admin\Desktop\firmware\SDK_1.0.3_NUCLEO-F401RE\lib_stm\libLibraries.a(stm32f401re_usart.o)
                0x0000000008005e68                USART_SendData
 .text.USART_ReceiveData
                0x0000000008005e8c       0x20 C:\Users\admin\Desktop\firmware\SDK_1.0.3_NUCLEO-F401RE\lib_stm\libLibraries.a(stm32f401re_usart.o)
                0x0000000008005e8c                USART_ReceiveData
 .text.USART_ITConfig
                0x0000000008005eac       0x90 C:\Users\admin\Desktop\firmware\SDK_1.0.3_NUCLEO-F401RE\lib_stm\libLibraries.a(stm32f401re_usart.o)
                0x0000000008005eac                USART_ITConfig
 .text.USART_GetFlagStatus
                0x0000000008005f3c       0x38 C:\Users\admin\Desktop\firmware\SDK_1.0.3_NUCLEO-F401RE\lib_stm\libLibraries.a(stm32f401re_usart.o)
                0x0000000008005f3c                USART_GetFlagStatus
 .text.USART_GetITStatus
                0x0000000008005f74       0xb6 C:\Users\admin\Desktop\firmware\SDK_1.0.3_NUCLEO-F401RE\lib_stm\libLibraries.a(stm32f401re_usart.o)
                0x0000000008005f74                USART_GetITStatus
 .text.USART_ClearITPendingBit
                0x000000000800602a       0x3a C:\Users\admin\Desktop\firmware\SDK_1.0.3_NUCLEO-F401RE\lib_stm\libLibraries.a(stm32f401re_usart.o)
                0x000000000800602a                USART_ClearITPendingBit
 .text.Button_Init
                0x0000000008006064       0xbc C:\Users\admin\Desktop\firmware\SDK_1.0.3_NUCLEO-F401RE\lib_stm\libLibraries.a(button.o)
                0x0000000008006064                Button_Init
 .text.Button_SetMode
                0x0000000008006120       0x3c C:\Users\admin\Desktop\firmware\SDK_1.0.3_NUCLEO-F401RE\lib_stm\libLibraries.a(button.o)
                0x0000000008006120                Button_SetMode
 .text.Button_RegisterEventCallback
                0x000000000800615c       0x28 C:\Users\admin\Desktop\firmware\SDK_1.0.3_NUCLEO-F401RE\lib_stm\libLibraries.a(button.o)
                0x000000000800615c                Button_RegisterEventCallback
 .text.ButtonScanTypeEdge
                0x0000000008006184      0x1fc C:\Users\admin\Desktop\firmware\SDK_1.0.3_NUCLEO-F401RE\lib_stm\libLibraries.a(button.o)
 .text.ButtonScan
                0x0000000008006380       0x4c C:\Users\admin\Desktop\firmware\SDK_1.0.3_NUCLEO-F401RE\lib_stm\libLibraries.a(button.o)
 .text.BTNGPIO_Init
                0x00000000080063cc       0x6c C:\Users\admin\Desktop\firmware\SDK_1.0.3_NUCLEO-F401RE\lib_stm\libLibraries.a(button.o)
 .text.ucg_clip_is_x_visible
                0x0000000008006438       0x4a C:\Users\admin\Desktop\firmware\SDK_1.0.3_NUCLEO-F401RE\lib_stm\libLibraries.a(ucg_clip.o)
 .text.ucg_clip_is_y_visible
                0x0000000008006482       0x4a C:\Users\admin\Desktop\firmware\SDK_1.0.3_NUCLEO-F401RE\lib_stm\libLibraries.a(ucg_clip.o)
 .text.ucg_clip_intersection
                0x00000000080064cc       0x74 C:\Users\admin\Desktop\firmware\SDK_1.0.3_NUCLEO-F401RE\lib_stm\libLibraries.a(ucg_clip.o)
 .text.ucg_clip_is_pixel_visible
                0x0000000008006540       0x32 C:\Users\admin\Desktop\firmware\SDK_1.0.3_NUCLEO-F401RE\lib_stm\libLibraries.a(ucg_clip.o)
                0x0000000008006540                ucg_clip_is_pixel_visible
 *fill*         0x0000000008006572        0x2 
 .text.ucg_clip_l90fx
                0x0000000008006574      0x300 C:\Users\admin\Desktop\firmware\SDK_1.0.3_NUCLEO-F401RE\lib_stm\libLibraries.a(ucg_clip.o)
                0x0000000008006574                ucg_clip_l90fx
 .text.ucg_clip_l90se
                0x0000000008006874       0x54 C:\Users\admin\Desktop\firmware\SDK_1.0.3_NUCLEO-F401RE\lib_stm\libLibraries.a(ucg_clip.o)
                0x0000000008006874                ucg_clip_l90se
 .text.ucg_com_PowerDown
                0x00000000080068c8       0x3e C:\Users\admin\Desktop\firmware\SDK_1.0.3_NUCLEO-F401RE\lib_stm\libLibraries.a(ucg_com_msg_api.o)
                0x00000000080068c8                ucg_com_PowerDown
 .text.ucg_com_PowerUp
                0x0000000008006906       0x60 C:\Users\admin\Desktop\firmware\SDK_1.0.3_NUCLEO-F401RE\lib_stm\libLibraries.a(ucg_com_msg_api.o)
                0x0000000008006906                ucg_com_PowerUp
 .text.ucg_com_SetLineStatus
                0x0000000008006966       0xe2 C:\Users\admin\Desktop\firmware\SDK_1.0.3_NUCLEO-F401RE\lib_stm\libLibraries.a(ucg_com_msg_api.o)
                0x0000000008006966                ucg_com_SetLineStatus
 .text.ucg_com_SetResetLineStatus
                0x0000000008006a48       0x20 C:\Users\admin\Desktop\firmware\SDK_1.0.3_NUCLEO-F401RE\lib_stm\libLibraries.a(ucg_com_msg_api.o)
                0x0000000008006a48                ucg_com_SetResetLineStatus
 .text.ucg_com_SetCSLineStatus
                0x0000000008006a68       0x20 C:\Users\admin\Desktop\firmware\SDK_1.0.3_NUCLEO-F401RE\lib_stm\libLibraries.a(ucg_com_msg_api.o)
                0x0000000008006a68                ucg_com_SetCSLineStatus
 .text.ucg_com_SetCDLineStatus
                0x0000000008006a88       0x20 C:\Users\admin\Desktop\firmware\SDK_1.0.3_NUCLEO-F401RE\lib_stm\libLibraries.a(ucg_com_msg_api.o)
                0x0000000008006a88                ucg_com_SetCDLineStatus
 .text.ucg_com_DelayMicroseconds
                0x0000000008006aa8       0x22 C:\Users\admin\Desktop\firmware\SDK_1.0.3_NUCLEO-F401RE\lib_stm\libLibraries.a(ucg_com_msg_api.o)
                0x0000000008006aa8                ucg_com_DelayMicroseconds
 .text.ucg_com_DelayMilliseconds
                0x0000000008006aca       0x2c C:\Users\admin\Desktop\firmware\SDK_1.0.3_NUCLEO-F401RE\lib_stm\libLibraries.a(ucg_com_msg_api.o)
                0x0000000008006aca                ucg_com_DelayMilliseconds
 .text.ucg_com_SendByte
                0x0000000008006af6       0x24 C:\Users\admin\Desktop\firmware\SDK_1.0.3_NUCLEO-F401RE\lib_stm\libLibraries.a(ucg_com_msg_api.o)
                0x0000000008006af6                ucg_com_SendByte
 .text.ucg_com_SendStringP
                0x0000000008006b1a       0x40 C:\Users\admin\Desktop\firmware\SDK_1.0.3_NUCLEO-F401RE\lib_stm\libLibraries.a(ucg_com_msg_api.o)
                0x0000000008006b1a                ucg_com_SendStringP
 .text.ucg_com_SendCmdArg
                0x0000000008006b5a       0x74 C:\Users\admin\Desktop\firmware\SDK_1.0.3_NUCLEO-F401RE\lib_stm\libLibraries.a(ucg_com_msg_api.o)
 *fill*         0x0000000008006bce        0x2 
 .text.ucg_com_SendCmdSeq
                0x0000000008006bd0      0x278 C:\Users\admin\Desktop\firmware\SDK_1.0.3_NUCLEO-F401RE\lib_stm\libLibraries.a(ucg_com_msg_api.o)
                0x0000000008006bd0                ucg_com_SendCmdSeq
 .text.__errno  0x0000000008006e48        0xc c:/st/stm32cubeide_1.7.0/stm32cubeide/plugins/com.st.stm32cube.ide.mcu.externaltools.gnu-tools-for-stm32.9-2020-q2-update.win32_2.0.0.202105311346/tools/bin/../lib/gcc/arm-none-eabi/9.3.1/../../../../arm-none-eabi/lib/thumb/v7e-m+fp/hard\libc_nano.a(lib_a-errno.o)
                0x0000000008006e48                __errno
 .text.__libc_init_array
                0x0000000008006e54       0x48 c:/st/stm32cubeide_1.7.0/stm32cubeide/plugins/com.st.stm32cube.ide.mcu.externaltools.gnu-tools-for-stm32.9-2020-q2-update.win32_2.0.0.202105311346/tools/bin/../lib/gcc/arm-none-eabi/9.3.1/../../../../arm-none-eabi/lib/thumb/v7e-m+fp/hard\libc_nano.a(lib_a-init.o)
                0x0000000008006e54                __libc_init_array
 .text.sprintf  0x0000000008006e9c       0x40 c:/st/stm32cubeide_1.7.0/stm32cubeide/plugins/com.st.stm32cube.ide.mcu.externaltools.gnu-tools-for-stm32.9-2020-q2-update.win32_2.0.0.202105311346/tools/bin/../lib/gcc/arm-none-eabi/9.3.1/../../../../arm-none-eabi/lib/thumb/v7e-m+fp/hard\libc_nano.a(lib_a-sprintf.o)
                0x0000000008006e9c                siprintf
                0x0000000008006e9c                sprintf
 .text.__ssputs_r
                0x0000000008006edc       0xb6 c:/st/stm32cubeide_1.7.0/stm32cubeide/plugins/com.st.stm32cube.ide.mcu.externaltools.gnu-tools-for-stm32.9-2020-q2-update.win32_2.0.0.202105311346/tools/bin/../lib/gcc/arm-none-eabi/9.3.1/../../../../arm-none-eabi/lib/thumb/v7e-m+fp/hard\libc_nano.a(lib_a-nano-svfprintf.o)
                0x0000000008006edc                __ssputs_r
 *fill*         0x0000000008006f92        0x2 
 .text._svfprintf_r
                0x0000000008006f94      0x200 c:/st/stm32cubeide_1.7.0/stm32cubeide/plugins/com.st.stm32cube.ide.mcu.externaltools.gnu-tools-for-stm32.9-2020-q2-update.win32_2.0.0.202105311346/tools/bin/../lib/gcc/arm-none-eabi/9.3.1/../../../../arm-none-eabi/lib/thumb/v7e-m+fp/hard\libc_nano.a(lib_a-nano-svfprintf.o)
                0x0000000008006f94                _svfiprintf_r
                0x0000000008006f94                _svfprintf_r
 .text._printf_common
                0x0000000008007194       0xda c:/st/stm32cubeide_1.7.0/stm32cubeide/plugins/com.st.stm32cube.ide.mcu.externaltools.gnu-tools-for-stm32.9-2020-q2-update.win32_2.0.0.202105311346/tools/bin/../lib/gcc/arm-none-eabi/9.3.1/../../../../arm-none-eabi/lib/thumb/v7e-m+fp/hard\libc_nano.a(lib_a-nano-vfprintf_i.o)
                0x0000000008007194                _printf_common
 *fill*         0x000000000800726e        0x2 
 .text._printf_i
                0x0000000008007270      0x24c c:/st/stm32cubeide_1.7.0/stm32cubeide/plugins/com.st.stm32cube.ide.mcu.externaltools.gnu-tools-for-stm32.9-2020-q2-update.win32_2.0.0.202105311346/tools/bin/../lib/gcc/arm-none-eabi/9.3.1/../../../../arm-none-eabi/lib/thumb/v7e-m+fp/hard\libc_nano.a(lib_a-nano-vfprintf_i.o)
                0x0000000008007270                _printf_i
 .text.memcpy   0x00000000080074bc       0x1c c:/st/stm32cubeide_1.7.0/stm32cubeide/plugins/com.st.stm32cube.ide.mcu.externaltools.gnu-tools-for-stm32.9-2020-q2-update.win32_2.0.0.202105311346/tools/bin/../lib/gcc/arm-none-eabi/9.3.1/../../../../arm-none-eabi/lib/thumb/v7e-m+fp/hard\libc_nano.a(lib_a-memcpy-stub.o)
                0x00000000080074bc                memcpy
 .text.memmove  0x00000000080074d8       0x34 c:/st/stm32cubeide_1.7.0/stm32cubeide/plugins/com.st.stm32cube.ide.mcu.externaltools.gnu-tools-for-stm32.9-2020-q2-update.win32_2.0.0.202105311346/tools/bin/../lib/gcc/arm-none-eabi/9.3.1/../../../../arm-none-eabi/lib/thumb/v7e-m+fp/hard\libc_nano.a(lib_a-memmove.o)
                0x00000000080074d8                memmove
 .text._free_r  0x000000000800750c       0xa0 c:/st/stm32cubeide_1.7.0/stm32cubeide/plugins/com.st.stm32cube.ide.mcu.externaltools.gnu-tools-for-stm32.9-2020-q2-update.win32_2.0.0.202105311346/tools/bin/../lib/gcc/arm-none-eabi/9.3.1/../../../../arm-none-eabi/lib/thumb/v7e-m+fp/hard\libc_nano.a(lib_a-nano-freer.o)
                0x000000000800750c                _free_r
 .text._malloc_r
                0x00000000080075ac       0xb4 c:/st/stm32cubeide_1.7.0/stm32cubeide/plugins/com.st.stm32cube.ide.mcu.externaltools.gnu-tools-for-stm32.9-2020-q2-update.win32_2.0.0.202105311346/tools/bin/../lib/gcc/arm-none-eabi/9.3.1/../../../../arm-none-eabi/lib/thumb/v7e-m+fp/hard\libc_nano.a(lib_a-nano-mallocr.o)
                0x00000000080075ac                _malloc_r
 .text._realloc_r
                0x0000000008007660       0x4c c:/st/stm32cubeide_1.7.0/stm32cubeide/plugins/com.st.stm32cube.ide.mcu.externaltools.gnu-tools-for-stm32.9-2020-q2-update.win32_2.0.0.202105311346/tools/bin/../lib/gcc/arm-none-eabi/9.3.1/../../../../arm-none-eabi/lib/thumb/v7e-m+fp/hard\libc_nano.a(lib_a-nano-reallocr.o)
                0x0000000008007660                _realloc_r
 .text._sbrk_r  0x00000000080076ac       0x20 c:/st/stm32cubeide_1.7.0/stm32cubeide/plugins/com.st.stm32cube.ide.mcu.externaltools.gnu-tools-for-stm32.9-2020-q2-update.win32_2.0.0.202105311346/tools/bin/../lib/gcc/arm-none-eabi/9.3.1/../../../../arm-none-eabi/lib/thumb/v7e-m+fp/hard\libc_nano.a(lib_a-sbrkr.o)
                0x00000000080076ac                _sbrk_r
 .text.__malloc_lock
                0x00000000080076cc        0xc c:/st/stm32cubeide_1.7.0/stm32cubeide/plugins/com.st.stm32cube.ide.mcu.externaltools.gnu-tools-for-stm32.9-2020-q2-update.win32_2.0.0.202105311346/tools/bin/../lib/gcc/arm-none-eabi/9.3.1/../../../../arm-none-eabi/lib/thumb/v7e-m+fp/hard\libc_nano.a(lib_a-mlock.o)
                0x00000000080076cc                __malloc_lock
 .text.__malloc_unlock
                0x00000000080076d8        0xc c:/st/stm32cubeide_1.7.0/stm32cubeide/plugins/com.st.stm32cube.ide.mcu.externaltools.gnu-tools-for-stm32.9-2020-q2-update.win32_2.0.0.202105311346/tools/bin/../lib/gcc/arm-none-eabi/9.3.1/../../../../arm-none-eabi/lib/thumb/v7e-m+fp/hard\libc_nano.a(lib_a-mlock.o)
                0x00000000080076d8                __malloc_unlock
 .text._malloc_usable_size_r
                0x00000000080076e4       0x10 c:/st/stm32cubeide_1.7.0/stm32cubeide/plugins/com.st.stm32cube.ide.mcu.externaltools.gnu-tools-for-stm32.9-2020-q2-update.win32_2.0.0.202105311346/tools/bin/../lib/gcc/arm-none-eabi/9.3.1/../../../../arm-none-eabi/lib/thumb/v7e-m+fp/hard\libc_nano.a(lib_a-nano-msizer.o)
                0x00000000080076e4                _malloc_usable_size_r
 .text.__retarget_lock_acquire_recursive
                0x00000000080076f4        0x2 c:/st/stm32cubeide_1.7.0/stm32cubeide/plugins/com.st.stm32cube.ide.mcu.externaltools.gnu-tools-for-stm32.9-2020-q2-update.win32_2.0.0.202105311346/tools/bin/../lib/gcc/arm-none-eabi/9.3.1/../../../../arm-none-eabi/lib/thumb/v7e-m+fp/hard\libc_nano.a(lib_a-lock.o)
                0x00000000080076f4                __retarget_lock_acquire_recursive
 .text.__retarget_lock_release_recursive
                0x00000000080076f6        0x2 c:/st/stm32cubeide_1.7.0/stm32cubeide/plugins/com.st.stm32cube.ide.mcu.externaltools.gnu-tools-for-stm32.9-2020-q2-update.win32_2.0.0.202105311346/tools/bin/../lib/gcc/arm-none-eabi/9.3.1/../../../../arm-none-eabi/lib/thumb/v7e-m+fp/hard\libc_nano.a(lib_a-lock.o)
                0x00000000080076f6                __retarget_lock_release_recursive
 *(.glue_7)
 .glue_7        0x00000000080076f8        0x0 linker stubs
 *(.glue_7t)
 .glue_7t       0x00000000080076f8        0x0 linker stubs
 *(.eh_frame)
 .eh_frame      0x00000000080076f8        0x0 c:/st/stm32cubeide_1.7.0/stm32cubeide/plugins/com.st.stm32cube.ide.mcu.externaltools.gnu-tools-for-stm32.9-2020-q2-update.win32_2.0.0.202105311346/tools/bin/../lib/gcc/arm-none-eabi/9.3.1/thumb/v7e-m+fp/hard/crtbegin.o
 *(.init)
 .init          0x00000000080076f8        0x4 c:/st/stm32cubeide_1.7.0/stm32cubeide/plugins/com.st.stm32cube.ide.mcu.externaltools.gnu-tools-for-stm32.9-2020-q2-update.win32_2.0.0.202105311346/tools/bin/../lib/gcc/arm-none-eabi/9.3.1/thumb/v7e-m+fp/hard/crti.o
                0x00000000080076f8                _init
 .init          0x00000000080076fc        0x8 c:/st/stm32cubeide_1.7.0/stm32cubeide/plugins/com.st.stm32cube.ide.mcu.externaltools.gnu-tools-for-stm32.9-2020-q2-update.win32_2.0.0.202105311346/tools/bin/../lib/gcc/arm-none-eabi/9.3.1/thumb/v7e-m+fp/hard/crtn.o
 *(.fini)
 .fini          0x0000000008007704        0x4 c:/st/stm32cubeide_1.7.0/stm32cubeide/plugins/com.st.stm32cube.ide.mcu.externaltools.gnu-tools-for-stm32.9-2020-q2-update.win32_2.0.0.202105311346/tools/bin/../lib/gcc/arm-none-eabi/9.3.1/thumb/v7e-m+fp/hard/crti.o
                0x0000000008007704                _fini
 .fini          0x0000000008007708        0x8 c:/st/stm32cubeide_1.7.0/stm32cubeide/plugins/com.st.stm32cube.ide.mcu.externaltools.gnu-tools-for-stm32.9-2020-q2-update.win32_2.0.0.202105311346/tools/bin/../lib/gcc/arm-none-eabi/9.3.1/thumb/v7e-m+fp/hard/crtn.o
                0x0000000008007710                . = ALIGN (0x4)
                0x0000000008007710                _etext = .

.vfp11_veneer   0x0000000008007710        0x0
 .vfp11_veneer  0x0000000008007710        0x0 linker stubs

.v4_bx          0x0000000008007710        0x0
 .v4_bx         0x0000000008007710        0x0 linker stubs

.iplt           0x0000000008007710        0x0
 .iplt          0x0000000008007710        0x0 c:/st/stm32cubeide_1.7.0/stm32cubeide/plugins/com.st.stm32cube.ide.mcu.externaltools.gnu-tools-for-stm32.9-2020-q2-update.win32_2.0.0.202105311346/tools/bin/../lib/gcc/arm-none-eabi/9.3.1/thumb/v7e-m+fp/hard/crtbegin.o

.rodata         0x0000000008007710      0xac0
                0x0000000008007710                . = ALIGN (0x4)
 *(.rodata)
 .rodata        0x0000000008007710      0x103 ./Src/main.o
 *fill*         0x0000000008007813        0x1 
 .rodata        0x0000000008007814        0x5 C:\Users\admin\Desktop\firmware\SDK_1.0.3_NUCLEO-F401RE\lib_stm\libLibraries.a(buzzer.o)
 *fill*         0x0000000008007819        0x3 
 .rodata        0x000000000800781c        0x9 C:\Users\admin\Desktop\firmware\SDK_1.0.3_NUCLEO-F401RE\lib_stm\libLibraries.a(led.o)
 *fill*         0x0000000008007825        0x3 
 .rodata        0x0000000008007828       0x16 C:\Users\admin\Desktop\firmware\SDK_1.0.3_NUCLEO-F401RE\lib_stm\libLibraries.a(temhumsensor.o)
 *fill*         0x000000000800783e        0x2 
 .rodata        0x0000000008007840        0xf C:\Users\admin\Desktop\firmware\SDK_1.0.3_NUCLEO-F401RE\lib_stm\libLibraries.a(ucg_font.o)
 *fill*         0x000000000800784f        0x1 
 .rodata        0x0000000008007850        0x1 C:\Users\admin\Desktop\firmware\SDK_1.0.3_NUCLEO-F401RE\lib_stm\libLibraries.a(button.o)
 *(.rodata*)
 *fill*         0x0000000008007851        0x3 
 .rodata.pinBuzz
                0x0000000008007854        0x8 C:\Users\admin\Desktop\firmware\SDK_1.0.3_NUCLEO-F401RE\lib_stm\libLibraries.a(buzzer.o)
 .rodata.ucg_st7735_set_pos_seq
                0x000000000800785c       0x1e C:\Users\admin\Desktop\firmware\SDK_1.0.3_NUCLEO-F401RE\lib_stm\libLibraries.a(ucg_dev_ic_st7735.o)
                0x000000000800785c                ucg_st7735_set_pos_seq
 *fill*         0x000000000800787a        0x2 
 .rodata.ucg_st7735_set_pos_dir0_seq
                0x000000000800787c       0x1e C:\Users\admin\Desktop\firmware\SDK_1.0.3_NUCLEO-F401RE\lib_stm\libLibraries.a(ucg_dev_ic_st7735.o)
                0x000000000800787c                ucg_st7735_set_pos_dir0_seq
 *fill*         0x000000000800789a        0x2 
 .rodata.ucg_st7735_set_pos_dir1_seq
                0x000000000800789c       0x21 C:\Users\admin\Desktop\firmware\SDK_1.0.3_NUCLEO-F401RE\lib_stm\libLibraries.a(ucg_dev_ic_st7735.o)
                0x000000000800789c                ucg_st7735_set_pos_dir1_seq
 *fill*         0x00000000080078bd        0x3 
 .rodata.ucg_st7735_set_pos_dir2_seq
                0x00000000080078c0       0x21 C:\Users\admin\Desktop\firmware\SDK_1.0.3_NUCLEO-F401RE\lib_stm\libLibraries.a(ucg_dev_ic_st7735.o)
                0x00000000080078c0                ucg_st7735_set_pos_dir2_seq
 *fill*         0x00000000080078e1        0x3 
 .rodata.ucg_st7735_set_pos_dir3_seq
                0x00000000080078e4       0x24 C:\Users\admin\Desktop\firmware\SDK_1.0.3_NUCLEO-F401RE\lib_stm\libLibraries.a(ucg_dev_ic_st7735.o)
                0x00000000080078e4                ucg_st7735_set_pos_dir3_seq
 .rodata.ucg_st7735_power_down_seq
                0x0000000008007908        0x7 C:\Users\admin\Desktop\firmware\SDK_1.0.3_NUCLEO-F401RE\lib_stm\libLibraries.a(ucg_dev_ic_st7735.o)
 *fill*         0x000000000800790f        0x1 
 .rodata.ucg_tft_128x160_st7735_init_seq
                0x0000000008007910       0x2c C:\Users\admin\Desktop\firmware\SDK_1.0.3_NUCLEO-F401RE\lib_stm\libLibraries.a(ucg_dev_tft_128x128_st7735.o)
 .rodata.ucg_font_04b_03_hf
                0x000000000800793c      0x382 C:\Users\admin\Desktop\firmware\SDK_1.0.3_NUCLEO-F401RE\lib_stm\libLibraries.a(ucg_pixel_font_data.o)
                0x000000000800793c                ucg_font_04b_03_hf
 *fill*         0x0000000008007cbe        0x2 
 .rodata.ucg_font_9x15_tr
                0x0000000008007cc0      0x4da C:\Users\admin\Desktop\firmware\SDK_1.0.3_NUCLEO-F401RE\lib_stm\libLibraries.a(ucg_pixel_font_data.o)
                0x0000000008007cc0                ucg_font_9x15_tr
 .rodata._svfprintf_r.str1.1
                0x000000000800819a       0x11 c:/st/stm32cubeide_1.7.0/stm32cubeide/plugins/com.st.stm32cube.ide.mcu.externaltools.gnu-tools-for-stm32.9-2020-q2-update.win32_2.0.0.202105311346/tools/bin/../lib/gcc/arm-none-eabi/9.3.1/../../../../arm-none-eabi/lib/thumb/v7e-m+fp/hard\libc_nano.a(lib_a-nano-svfprintf.o)
 .rodata._printf_i.str1.1
                0x00000000080081ab       0x22 c:/st/stm32cubeide_1.7.0/stm32cubeide/plugins/com.st.stm32cube.ide.mcu.externaltools.gnu-tools-for-stm32.9-2020-q2-update.win32_2.0.0.202105311346/tools/bin/../lib/gcc/arm-none-eabi/9.3.1/../../../../arm-none-eabi/lib/thumb/v7e-m+fp/hard\libc_nano.a(lib_a-nano-vfprintf_i.o)
                0x00000000080081d0                . = ALIGN (0x4)
 *fill*         0x00000000080081cd        0x3 

.rel.dyn        0x00000000080081d0        0x0
 .rel.iplt      0x00000000080081d0        0x0 c:/st/stm32cubeide_1.7.0/stm32cubeide/plugins/com.st.stm32cube.ide.mcu.externaltools.gnu-tools-for-stm32.9-2020-q2-update.win32_2.0.0.202105311346/tools/bin/../lib/gcc/arm-none-eabi/9.3.1/thumb/v7e-m+fp/hard/crtbegin.o

.ARM.extab      0x00000000080081d0        0x0
                0x00000000080081d0                . = ALIGN (0x4)
 *(.ARM.extab* .gnu.linkonce.armextab.*)
                0x00000000080081d0                . = ALIGN (0x4)

.ARM            0x00000000080081d0        0x0
                0x00000000080081d0                . = ALIGN (0x4)
                0x00000000080081d0                __exidx_start = .
 *(.ARM.exidx*)
                0x00000000080081d0                __exidx_end = .
                0x00000000080081d0                . = ALIGN (0x4)

.preinit_array  0x00000000080081d0        0x0
                0x00000000080081d0                . = ALIGN (0x4)
                0x00000000080081d0                PROVIDE (__preinit_array_start = .)
 *(.preinit_array*)
                0x00000000080081d0                PROVIDE (__preinit_array_end = .)
                0x00000000080081d0                . = ALIGN (0x4)

.init_array     0x00000000080081d0        0x4
                0x00000000080081d0                . = ALIGN (0x4)
                0x00000000080081d0                PROVIDE (__init_array_start = .)
 *(SORT_BY_NAME(.init_array.*))
 *(.init_array*)
 .init_array    0x00000000080081d0        0x4 c:/st/stm32cubeide_1.7.0/stm32cubeide/plugins/com.st.stm32cube.ide.mcu.externaltools.gnu-tools-for-stm32.9-2020-q2-update.win32_2.0.0.202105311346/tools/bin/../lib/gcc/arm-none-eabi/9.3.1/thumb/v7e-m+fp/hard/crtbegin.o
                0x00000000080081d4                PROVIDE (__init_array_end = .)
                0x00000000080081d4                . = ALIGN (0x4)

.fini_array     0x00000000080081d4        0x4
                0x00000000080081d4                . = ALIGN (0x4)
                [!provide]                        PROVIDE (__fini_array_start = .)
 *(SORT_BY_NAME(.fini_array.*))
 *(.fini_array*)
 .fini_array    0x00000000080081d4        0x4 c:/st/stm32cubeide_1.7.0/stm32cubeide/plugins/com.st.stm32cube.ide.mcu.externaltools.gnu-tools-for-stm32.9-2020-q2-update.win32_2.0.0.202105311346/tools/bin/../lib/gcc/arm-none-eabi/9.3.1/thumb/v7e-m+fp/hard/crtbegin.o
                [!provide]                        PROVIDE (__fini_array_end = .)
                0x00000000080081d8                . = ALIGN (0x4)
                0x00000000080081d8                _sidata = LOADADDR (.data)

.data           0x0000000020000000       0xcc load address 0x00000000080081d8
                0x0000000020000000                . = ALIGN (0x4)
                0x0000000020000000                _sdata = .
 *(.data)
 *(.data*)
 .data.SystemCoreClock
                0x0000000020000000        0x4 C:\Users\admin\Desktop\firmware\SDK_1.0.3_NUCLEO-F401RE\lib_stm\libLibraries.a(system_stm32f4xx.o)
                0x0000000020000000                SystemCoreClock
 .data.AHBPrescTable
                0x0000000020000004       0x10 C:\Users\admin\Desktop\firmware\SDK_1.0.3_NUCLEO-F401RE\lib_stm\libLibraries.a(system_stm32f4xx.o)
                0x0000000020000004                AHBPrescTable
 .data.idBuzz   0x0000000020000014        0x1 C:\Users\admin\Desktop\firmware\SDK_1.0.3_NUCLEO-F401RE\lib_stm\libLibraries.a(buzzer.o)
 *fill*         0x0000000020000015        0x3 
 .data.pbeep    0x0000000020000018        0x8 C:\Users\admin\Desktop\firmware\SDK_1.0.3_NUCLEO-F401RE\lib_stm\libLibraries.a(melody.o)
                0x0000000020000018                pbeep
 .data.blinkTimer
                0x0000000020000020        0x1 C:\Users\admin\Desktop\firmware\SDK_1.0.3_NUCLEO-F401RE\lib_stm\libLibraries.a(led.o)
 .data.g_byTimeWaitGetTemp
                0x0000000020000021        0x1 C:\Users\admin\Desktop\firmware\SDK_1.0.3_NUCLEO-F401RE\lib_stm\libLibraries.a(temhumsensor.o)
 .data.g_byTimeWaitGetHumi
                0x0000000020000022        0x1 C:\Users\admin\Desktop\firmware\SDK_1.0.3_NUCLEO-F401RE\lib_stm\libLibraries.a(temhumsensor.o)
 .data.idTaskScanDecodeLen
                0x0000000020000023        0x1 C:\Users\admin\Desktop\firmware\SDK_1.0.3_NUCLEO-F401RE\lib_stm\libLibraries.a(ucg_font.o)
 .data.APBAHBPrescTable
                0x0000000020000024       0x10 C:\Users\admin\Desktop\firmware\SDK_1.0.3_NUCLEO-F401RE\lib_stm\libLibraries.a(stm32f401re_rcc.o)
 .data.pinBtnPad
                0x0000000020000034       0x30 C:\Users\admin\Desktop\firmware\SDK_1.0.3_NUCLEO-F401RE\lib_stm\libLibraries.a(button.o)
 .data.idTaskScanButton
                0x0000000020000064        0x1 C:\Users\admin\Desktop\firmware\SDK_1.0.3_NUCLEO-F401RE\lib_stm\libLibraries.a(button.o)
 *fill*         0x0000000020000065        0x3 
 .data._impure_ptr
                0x0000000020000068        0x4 c:/st/stm32cubeide_1.7.0/stm32cubeide/plugins/com.st.stm32cube.ide.mcu.externaltools.gnu-tools-for-stm32.9-2020-q2-update.win32_2.0.0.202105311346/tools/bin/../lib/gcc/arm-none-eabi/9.3.1/../../../../arm-none-eabi/lib/thumb/v7e-m+fp/hard\libc_nano.a(lib_a-impure.o)
                0x0000000020000068                _impure_ptr
 .data.impure_data
                0x000000002000006c       0x60 c:/st/stm32cubeide_1.7.0/stm32cubeide/plugins/com.st.stm32cube.ide.mcu.externaltools.gnu-tools-for-stm32.9-2020-q2-update.win32_2.0.0.202105311346/tools/bin/../lib/gcc/arm-none-eabi/9.3.1/../../../../arm-none-eabi/lib/thumb/v7e-m+fp/hard\libc_nano.a(lib_a-impure.o)
 *(.RamFunc)
 *(.RamFunc*)
                0x00000000200000cc                . = ALIGN (0x4)
                0x00000000200000cc                _edata = .

.igot.plt       0x00000000200000cc        0x0 load address 0x00000000080082a4
 .igot.plt      0x00000000200000cc        0x0 c:/st/stm32cubeide_1.7.0/stm32cubeide/plugins/com.st.stm32cube.ide.mcu.externaltools.gnu-tools-for-stm32.9-2020-q2-update.win32_2.0.0.202105311346/tools/bin/../lib/gcc/arm-none-eabi/9.3.1/thumb/v7e-m+fp/hard/crtbegin.o
                0x00000000200000cc                . = ALIGN (0x4)

.bss            0x00000000200000cc     0x1608 load address 0x00000000080082a4
                0x00000000200000cc                _sbss = .
                0x00000000200000cc                __bss_start__ = _sbss
 *(.bss)
 .bss           0x00000000200000cc       0x1c c:/st/stm32cubeide_1.7.0/stm32cubeide/plugins/com.st.stm32cube.ide.mcu.externaltools.gnu-tools-for-stm32.9-2020-q2-update.win32_2.0.0.202105311346/tools/bin/../lib/gcc/arm-none-eabi/9.3.1/thumb/v7e-m+fp/hard/crtbegin.o
 *(.bss*)
 .bss.ucg       0x00000000200000e8       0xb4 ./Src/main.o
 .bss.isPressed
                0x000000002000019c        0x4 ./Src/main.o
                0x000000002000019c                isPressed
 .bss.src1      0x00000000200001a0       0x14 ./Src/main.o
 .bss.src2      0x00000000200001b4       0x14 ./Src/main.o
 .bss.src3      0x00000000200001c8       0x14 ./Src/main.o
 .bss.time_current
                0x00000000200001dc        0x4 ./Src/main.o
 .bss.time_initial
                0x00000000200001e0        0x4 ./Src/main.o
 .bss.time_total
                0x00000000200001e4        0x4 ./Src/main.o
 .bss.temperature
                0x00000000200001e8        0x1 ./Src/main.o
 .bss.humidity  0x00000000200001e9        0x1 ./Src/main.o
 .bss.light     0x00000000200001ea        0x1 ./Src/main.o
 *fill*         0x00000000200001eb        0x1 
 .bss.__sbrk_heap_end
                0x00000000200001ec        0x4 ./Src/sysmem.o
 .bss.bBuzzInit
                0x00000000200001f0        0x1 C:\Users\admin\Desktop\firmware\SDK_1.0.3_NUCLEO-F401RE\lib_stm\libLibraries.a(buzzer.o)
 *fill*         0x00000000200001f1        0x3 
 .bss.gpToneList
                0x00000000200001f4        0x4 C:\Users\admin\Desktop\firmware\SDK_1.0.3_NUCLEO-F401RE\lib_stm\libLibraries.a(buzzer.o)
 .bss.ledBlink  0x00000000200001f8        0x8 C:\Users\admin\Desktop\firmware\SDK_1.0.3_NUCLEO-F401RE\lib_stm\libLibraries.a(led.o)
 .bss.g_brightnessLed
                0x0000000020000200        0x1 C:\Users\admin\Desktop\firmware\SDK_1.0.3_NUCLEO-F401RE\lib_stm\libLibraries.a(led.o)
 .bss.bToggleAll.7549
                0x0000000020000201        0x1 C:\Users\admin\Desktop\firmware\SDK_1.0.3_NUCLEO-F401RE\lib_stm\libLibraries.a(led.o)
 .bss.bToggle.7548
                0x0000000020000202        0x1 C:\Users\admin\Desktop\firmware\SDK_1.0.3_NUCLEO-F401RE\lib_stm\libLibraries.a(led.o)
 *fill*         0x0000000020000203        0x1 
 .bss.pAppStateFunc
                0x0000000020000204        0x4 C:\Users\admin\Desktop\firmware\SDK_1.0.3_NUCLEO-F401RE\lib_stm\libLibraries.a(eventman.o)
 .bss.pBuffEvent
                0x0000000020000208      0x100 C:\Users\admin\Desktop\firmware\SDK_1.0.3_NUCLEO-F401RE\lib_stm\libLibraries.a(eventman.o)
 .bss.eventQueue
                0x0000000020000308       0x10 C:\Users\admin\Desktop\firmware\SDK_1.0.3_NUCLEO-F401RE\lib_stm\libLibraries.a(eventman.o)
 .bss.g_pTimerHandle
                0x0000000020000318      0x180 C:\Users\admin\Desktop\firmware\SDK_1.0.3_NUCLEO-F401RE\lib_stm\libLibraries.a(timer.o)
 .bss.g_wMilSecTickTimer
                0x0000000020000498        0x4 C:\Users\admin\Desktop\firmware\SDK_1.0.3_NUCLEO-F401RE\lib_stm\libLibraries.a(timer.o)
 .bss.uhADCConvertedValue
                0x000000002000049c        0x2 C:\Users\admin\Desktop\firmware\SDK_1.0.3_NUCLEO-F401RE\lib_stm\libLibraries.a(lightsensor.o)
 .bss.byRxBufState
                0x000000002000049e        0x1 C:\Users\admin\Desktop\firmware\SDK_1.0.3_NUCLEO-F401RE\lib_stm\libLibraries.a(serial.o)
 .bss.byIndexRxBuf
                0x000000002000049f        0x1 C:\Users\admin\Desktop\firmware\SDK_1.0.3_NUCLEO-F401RE\lib_stm\libLibraries.a(serial.o)
 .bss.byCheckXorRxBuf
                0x00000000200004a0        0x1 C:\Users\admin\Desktop\firmware\SDK_1.0.3_NUCLEO-F401RE\lib_stm\libLibraries.a(serial.o)
 *fill*         0x00000000200004a1        0x3 
 .bss.dwTimeoutRx
                0x00000000200004a4        0x4 C:\Users\admin\Desktop\firmware\SDK_1.0.3_NUCLEO-F401RE\lib_stm\libLibraries.a(serial.o)
 .bss.bRxActive
                0x00000000200004a8        0x1 C:\Users\admin\Desktop\firmware\SDK_1.0.3_NUCLEO-F401RE\lib_stm\libLibraries.a(serial.o)
 *fill*         0x00000000200004a9        0x3 
 .bss.byRxBuffer
                0x00000000200004ac       0x1e C:\Users\admin\Desktop\firmware\SDK_1.0.3_NUCLEO-F401RE\lib_stm\libLibraries.a(serial.o)
                0x00000000200004ac                byRxBuffer
 *fill*         0x00000000200004ca        0x2 
 .bss.serialQueueRx
                0x00000000200004cc       0x10 C:\Users\admin\Desktop\firmware\SDK_1.0.3_NUCLEO-F401RE\lib_stm\libLibraries.a(serial.o)
 .bss.pBuffDataRx
                0x00000000200004dc      0x100 C:\Users\admin\Desktop\firmware\SDK_1.0.3_NUCLEO-F401RE\lib_stm\libLibraries.a(serial.o)
 .bss.g_pUartQueueRx
                0x00000000200005dc        0x8 C:\Users\admin\Desktop\firmware\SDK_1.0.3_NUCLEO-F401RE\lib_stm\libLibraries.a(serial.o)
 .bss.pSerialHandleEvent
                0x00000000200005e4        0x4 C:\Users\admin\Desktop\firmware\SDK_1.0.3_NUCLEO-F401RE\lib_stm\libLibraries.a(serial.o)
 .bss.bySeq.7406
                0x00000000200005e8        0x1 C:\Users\admin\Desktop\firmware\SDK_1.0.3_NUCLEO-F401RE\lib_stm\libLibraries.a(serial.o)
 *fill*         0x00000000200005e9        0x3 
 .bss.pButtonHandleEvent
                0x00000000200005ec        0x4 C:\Users\admin\Desktop\firmware\SDK_1.0.3_NUCLEO-F401RE\lib_stm\libLibraries.a(uartcmd.o)
 .bss.pBuzzerHandleEvent
                0x00000000200005f0        0x4 C:\Users\admin\Desktop\firmware\SDK_1.0.3_NUCLEO-F401RE\lib_stm\libLibraries.a(uartcmd.o)
 .bss.pLedHandleEvent
                0x00000000200005f4        0x4 C:\Users\admin\Desktop\firmware\SDK_1.0.3_NUCLEO-F401RE\lib_stm\libLibraries.a(uartcmd.o)
 .bss.pLcdHandleEvent
                0x00000000200005f8        0x4 C:\Users\admin\Desktop\firmware\SDK_1.0.3_NUCLEO-F401RE\lib_stm\libLibraries.a(uartcmd.o)
 .bss.buffer.5657
                0x00000000200005fc       0x14 C:\Users\admin\Desktop\firmware\SDK_1.0.3_NUCLEO-F401RE\lib_stm\libLibraries.a(uartcmd.o)
 .bss.fontQueue
                0x0000000020000610       0x10 C:\Users\admin\Desktop\firmware\SDK_1.0.3_NUCLEO-F401RE\lib_stm\libLibraries.a(ucg_font.o)
 .bss.pQueueFont
                0x0000000020000620     0x1000 C:\Users\admin\Desktop\firmware\SDK_1.0.3_NUCLEO-F401RE\lib_stm\libLibraries.a(ucg_font.o)
 .bss.next.7562
                0x0000000020001620        0x1 C:\Users\admin\Desktop\firmware\SDK_1.0.3_NUCLEO-F401RE\lib_stm\libLibraries.a(ucg_font.o)
 *fill*         0x0000000020001621        0x3 
 .bss.kpad      0x0000000020001624       0x78 C:\Users\admin\Desktop\firmware\SDK_1.0.3_NUCLEO-F401RE\lib_stm\libLibraries.a(button.o)
 .bss.pEventCallbacks
                0x000000002000169c       0x10 C:\Users\admin\Desktop\firmware\SDK_1.0.3_NUCLEO-F401RE\lib_stm\libLibraries.a(button.o)
 .bss.__malloc_free_list
                0x00000000200016ac        0x4 c:/st/stm32cubeide_1.7.0/stm32cubeide/plugins/com.st.stm32cube.ide.mcu.externaltools.gnu-tools-for-stm32.9-2020-q2-update.win32_2.0.0.202105311346/tools/bin/../lib/gcc/arm-none-eabi/9.3.1/../../../../arm-none-eabi/lib/thumb/v7e-m+fp/hard\libc_nano.a(lib_a-nano-mallocr.o)
                0x00000000200016ac                __malloc_free_list
 .bss.__malloc_sbrk_start
                0x00000000200016b0        0x4 c:/st/stm32cubeide_1.7.0/stm32cubeide/plugins/com.st.stm32cube.ide.mcu.externaltools.gnu-tools-for-stm32.9-2020-q2-update.win32_2.0.0.202105311346/tools/bin/../lib/gcc/arm-none-eabi/9.3.1/../../../../arm-none-eabi/lib/thumb/v7e-m+fp/hard\libc_nano.a(lib_a-nano-mallocr.o)
                0x00000000200016b0                __malloc_sbrk_start
 *(COMMON)
 COMMON         0x00000000200016b4        0x1 ./Src/main.o
                0x00000000200016b4                eCurrentSate
 *fill*         0x00000000200016b5        0x3 
 COMMON         0x00000000200016b8        0xc C:\Users\admin\Desktop\firmware\SDK_1.0.3_NUCLEO-F401RE\lib_stm\libLibraries.a(ucg_font.o)
                0x00000000200016b8                ucg_draw_str
 COMMON         0x00000000200016c4        0x4 c:/st/stm32cubeide_1.7.0/stm32cubeide/plugins/com.st.stm32cube.ide.mcu.externaltools.gnu-tools-for-stm32.9-2020-q2-update.win32_2.0.0.202105311346/tools/bin/../lib/gcc/arm-none-eabi/9.3.1/../../../../arm-none-eabi/lib/thumb/v7e-m+fp/hard\libc_nano.a(lib_a-reent.o)
                0x00000000200016c4                errno
 COMMON         0x00000000200016c8        0x9 c:/st/stm32cubeide_1.7.0/stm32cubeide/plugins/com.st.stm32cube.ide.mcu.externaltools.gnu-tools-for-stm32.9-2020-q2-update.win32_2.0.0.202105311346/tools/bin/../lib/gcc/arm-none-eabi/9.3.1/../../../../arm-none-eabi/lib/thumb/v7e-m+fp/hard\libc_nano.a(lib_a-lock.o)
                0x00000000200016c8                __lock___atexit_recursive_mutex
                0x00000000200016c9                __lock___arc4random_mutex
                0x00000000200016ca                __lock___env_recursive_mutex
                0x00000000200016cb                __lock___sinit_recursive_mutex
                0x00000000200016cc                __lock___malloc_recursive_mutex
                0x00000000200016cd                __lock___at_quick_exit_mutex
                0x00000000200016ce                __lock___dd_hash_mutex
                0x00000000200016cf                __lock___tz_mutex
                0x00000000200016d0                __lock___sfp_recursive_mutex
                0x00000000200016d4                . = ALIGN (0x4)
 *fill*         0x00000000200016d1        0x3 
                0x00000000200016d4                _ebss = .
                0x00000000200016d4                __bss_end__ = _ebss

._user_heap_stack
                0x00000000200016d4      0x604 load address 0x00000000080082a4
                0x00000000200016d8                . = ALIGN (0x8)
 *fill*         0x00000000200016d4        0x4 
                [!provide]                        PROVIDE (end = .)
                0x00000000200016d8                PROVIDE (_end = .)
                0x00000000200018d8                . = (. + _Min_Heap_Size)
 *fill*         0x00000000200016d8      0x200 
                0x0000000020001cd8                . = (. + _Min_Stack_Size)
 *fill*         0x00000000200018d8      0x400 
                0x0000000020001cd8                . = ALIGN (0x8)

/DISCARD/
 libc.a(*)
 libm.a(*)
 libgcc.a(*)

.ARM.attributes
                0x0000000000000000       0x30
 *(.ARM.attributes)
 .ARM.attributes
                0x0000000000000000       0x1e c:/st/stm32cubeide_1.7.0/stm32cubeide/plugins/com.st.stm32cube.ide.mcu.externaltools.gnu-tools-for-stm32.9-2020-q2-update.win32_2.0.0.202105311346/tools/bin/../lib/gcc/arm-none-eabi/9.3.1/thumb/v7e-m+fp/hard/crti.o
 .ARM.attributes
                0x000000000000001e       0x34 c:/st/stm32cubeide_1.7.0/stm32cubeide/plugins/com.st.stm32cube.ide.mcu.externaltools.gnu-tools-for-stm32.9-2020-q2-update.win32_2.0.0.202105311346/tools/bin/../lib/gcc/arm-none-eabi/9.3.1/thumb/v7e-m+fp/hard/crtbegin.o
 .ARM.attributes
                0x0000000000000052       0x34 ./Src/main.o
 .ARM.attributes
                0x0000000000000086       0x34 ./Src/sysmem.o
 .ARM.attributes
                0x00000000000000ba       0x21 ./Startup/startup_stm32f401retx.o
 .ARM.attributes
                0x00000000000000db       0x39 C:\Users\admin\Desktop\firmware\SDK_1.0.3_NUCLEO-F401RE\lib_stm\libLibraries.a(system_stm32f4xx.o)
 .ARM.attributes
                0x0000000000000114       0x39 C:\Users\admin\Desktop\firmware\SDK_1.0.3_NUCLEO-F401RE\lib_stm\libLibraries.a(eventbutton.o)
 .ARM.attributes
                0x000000000000014d       0x39 C:\Users\admin\Desktop\firmware\SDK_1.0.3_NUCLEO-F401RE\lib_stm\libLibraries.a(buzzer.o)
 .ARM.attributes
                0x0000000000000186       0x39 C:\Users\admin\Desktop\firmware\SDK_1.0.3_NUCLEO-F401RE\lib_stm\libLibraries.a(melody.o)
 .ARM.attributes
                0x00000000000001bf       0x39 C:\Users\admin\Desktop\firmware\SDK_1.0.3_NUCLEO-F401RE\lib_stm\libLibraries.a(led.o)
 .ARM.attributes
                0x00000000000001f8       0x39 C:\Users\admin\Desktop\firmware\SDK_1.0.3_NUCLEO-F401RE\lib_stm\libLibraries.a(eventman.o)
 .ARM.attributes
                0x0000000000000231       0x39 C:\Users\admin\Desktop\firmware\SDK_1.0.3_NUCLEO-F401RE\lib_stm\libLibraries.a(timer.o)
 .ARM.attributes
                0x000000000000026a       0x39 C:\Users\admin\Desktop\firmware\SDK_1.0.3_NUCLEO-F401RE\lib_stm\libLibraries.a(lightsensor.o)
 .ARM.attributes
                0x00000000000002a3       0x39 C:\Users\admin\Desktop\firmware\SDK_1.0.3_NUCLEO-F401RE\lib_stm\libLibraries.a(temhumsensor.o)
 .ARM.attributes
                0x00000000000002dc       0x39 C:\Users\admin\Desktop\firmware\SDK_1.0.3_NUCLEO-F401RE\lib_stm\libLibraries.a(serial.o)
 .ARM.attributes