Archive member included to satisfy reference by file (symbol)

C:\Users\admin\Desktop\firmware\SDK_1.0.3_NUCLEO-F401RE\lib_stm\libLibraries.a(system_stm32f4xx.o)
                              ./Src/main.o (SystemCoreClockUpdate)
C:\Users\admin\Desktop\firmware\SDK_1.0.3_NUCLEO-F401RE\lib_stm\libLibraries.a(eventbutton.o)
                              ./Src/main.o (EventButton_Init)
C:\Users\admin\Desktop\firmware\SDK_1.0.3_NUCLEO-F401RE\lib_stm\libLibraries.a(buzzer.o)
                              ./Src/main.o (BuzzerControl_Init)
C:\Users\admin\Desktop\firmware\SDK_1.0.3_NUCLEO-F401RE\lib_stm\libLibraries.a(melody.o)
                              ./Src/main.o (pbeep)
C:\Users\admin\Desktop\firmware\SDK_1.0.3_NUCLEO-F401RE\lib_stm\libLibraries.a(led.o)
                              ./Src/main.o (LedControl_Init)
C:\Users\admin\Desktop\firmware\SDK_1.0.3_NUCLEO-F401RE\lib_stm\libLibraries.a(eventman.o)
                              ./Src/main.o (EventSchedulerInit)
C:\Users\admin\Desktop\firmware\SDK_1.0.3_NUCLEO-F401RE\lib_stm\libLibraries.a(timer.o)
                              ./Src/main.o (TimerInit)
C:\Users\admin\Desktop\firmware\SDK_1.0.3_NUCLEO-F401RE\lib_stm\libLibraries.a(lightsensor.o)
                              ./Src/main.o (LightSensor_Init)
C:\Users\admin\Desktop\firmware\SDK_1.0.3_NUCLEO-F401RE\lib_stm\libLibraries.a(temhumsensor.o)
                              ./Src/main.o (TemHumSensor_Init)
C:\Users\admin\Desktop\firmware\SDK_1.0.3_NUCLEO-F401RE\lib_stm\libLibraries.a(serial.o)
                              ./Src/main.o (processSerialReceiver)
C:\Users\admin\Desktop\firmware\SDK_1.0.3_NUCLEO-F401RE\lib_stm\libLibraries.a(uartcmd.o)
                              ./Src/main.o (EventSerial_Init)
C:\Users\admin\Desktop\firmware\SDK_1.0.3_NUCLEO-F401RE\lib_stm\libLibraries.a(Ucglib.o)
                              ./Src/main.o (Ucglib4WireSWSPI_begin)
C:\Users\admin\Desktop\firmware\SDK_1.0.3_NUCLEO-F401RE\lib_stm\libLibraries.a(ucg_box.o)
                              ./Src/main.o (ucg_ClearScreen)
C:\Users\admin\Desktop\firmware\SDK_1.0.3_NUCLEO-F401RE\lib_stm\libLibraries.a(ucg_ccs.o)
                              C:\Users\admin\Desktop\firmware\SDK_1.0.3_NUCLEO-F401RE\lib_stm\libLibraries.a(ucg_box.o) (ucg_ccs_init)
C:\Users\admin\Desktop\firmware\SDK_1.0.3_NUCLEO-F401RE\lib_stm\libLibraries.a(ucg_circle.o)
                              C:\Users\admin\Desktop\firmware\SDK_1.0.3_NUCLEO-F401RE\lib_stm\libLibraries.a(ucg_box.o) (ucg_DrawCircle)
C:\Users\admin\Desktop\firmware\SDK_1.0.3_NUCLEO-F401RE\lib_stm\libLibraries.a(ucg_dev_default_cb.o)
                              C:\Users\admin\Desktop\firmware\SDK_1.0.3_NUCLEO-F401RE\lib_stm\libLibraries.a(Ucglib.o) (ucg_dev_default_cb)
C:\Users\admin\Desktop\firmware\SDK_1.0.3_NUCLEO-F401RE\lib_stm\libLibraries.a(ucg_dev_ic_st7735.o)
                              C:\Users\admin\Desktop\firmware\SDK_1.0.3_NUCLEO-F401RE\lib_stm\libLibraries.a(Ucglib.o) (ucg_ext_st7735_18)
C:\Users\admin\Desktop\firmware\SDK_1.0.3_NUCLEO-F401RE\lib_stm\libLibraries.a(ucg_dev_msg_api.o)
                              C:\Users\admin\Desktop\firmware\SDK_1.0.3_NUCLEO-F401RE\lib_stm\libLibraries.a(ucg_box.o) (ucg_SetMaxClipRange)
C:\Users\admin\Desktop\firmware\SDK_1.0.3_NUCLEO-F401RE\lib_stm\libLibraries.a(ucg_dev_tft_128x128_st7735.o)
                              C:\Users\admin\Desktop\firmware\SDK_1.0.3_NUCLEO-F401RE\lib_stm\libLibraries.a(Ucglib.o) (ucg_dev_st7735_18x128x128)
C:\Users\admin\Desktop\firmware\SDK_1.0.3_NUCLEO-F401RE\lib_stm\libLibraries.a(ucg_font.o)
                              C:\Users\admin\Desktop\firmware\SDK_1.0.3_NUCLEO-F401RE\lib_stm\libLibraries.a(Ucglib.o) (ucg_SetFontMode)
C:\Users\admin\Desktop\firmware\SDK_1.0.3_NUCLEO-F401RE\lib_stm\libLibraries.a(ucg_init.o)
                              C:\Users\admin\Desktop\firmware\SDK_1.0.3_NUCLEO-F401RE\lib_stm\libLibraries.a(Ucglib.o) (ucg_Init)
C:\Users\admin\Desktop\firmware\SDK_1.0.3_NUCLEO-F401RE\lib_stm\libLibraries.a(ucg_line.o)
                              C:\Users\admin\Desktop\firmware\SDK_1.0.3_NUCLEO-F401RE\lib_stm\libLibraries.a(ucg_font.o) (ucg_Draw90Line)
C:\Users\admin\Desktop\firmware\SDK_1.0.3_NUCLEO-F401RE\lib_stm\libLibraries.a(ucg_pixel.o)
                              ./Src/main.o (ucg_SetColor)
C:\Users\admin\Desktop\firmware\SDK_1.0.3_NUCLEO-F401RE\lib_stm\libLibraries.a(ucg_pixel_font_data.o)
                              ./Src/main.o (ucg_font_04b_03_hf)
C:\Users\admin\Desktop\firmware\SDK_1.0.3_NUCLEO-F401RE\lib_stm\libLibraries.a(ucg_rotate.o)
                              ./Src/main.o (ucg_SetRotate180)
C:\Users\admin\Desktop\firmware\SDK_1.0.3_NUCLEO-F401RE\lib_stm\libLibraries.a(buff.o)
                              C:\Users\admin\Desktop\firmware\SDK_1.0.3_NUCLEO-F401RE\lib_stm\libLibraries.a(eventman.o) (bufInit)
C:\Users\admin\Desktop\firmware\SDK_1.0.3_NUCLEO-F401RE\lib_stm\libLibraries.a(utilities.o)
[...]
Memory Configuration

Name             Origin             Length             Attributes
RAM              0x0000000020000000 0x0000000000018000 xrw
FLASH            0x0000000008000000 0x0000000000080000 xr
*default*        0x0000000000000000 0xffffffffffffffff

Linker script and memory map

LOAD c:/st/stm32cubeide_1.7.0/stm32cubeide/plugins/com.st.stm32cube.ide.mcu.externaltools.gnu-tools-for-stm32.9-2020-q2-update.win32_2.0.0.202105311346/tools/bin/../lib/gcc/arm-none-eabi/9.3.1/thumb/v7e-m+fp/hard/crti.o
LOAD c:/st/stm32cubeide_1.7.0/stm32cubeide/plugins/com.st.stm32cube.ide.mcu.externaltools.gnu-tools-for-stm32.9-2020-q2-update.win32_2.0.0.202105311346/tools/bin/../lib/gcc/arm-none-eabi/9.3.1/thumb/v7e-m+fp/hard/crtbegin.o
LOAD c:/st/stm32cubeide_1.7.0/stm32cubeide/plugins/com.st.stm32cube.ide.mcu.externaltools.gnu-tools-for-stm32.9-2020-q2-update.win32_2.0.0.202105311346/tools/bin/../lib/gcc/arm-none-eabi/9.3.1/../../../../arm-none-eabi/lib/thumb/v7e-m+fp/hard/crt0.o
LOAD ./Src/main.o
LOAD ./Src/syscalls.o
LOAD ./Src/sysmem.o
LOAD ./Startup/startup_stm32f401retx.o
LOAD C:\Users\admin\Desktop\firmware\SDK_1.0.3_NUCLEO-F401RE\lib_stm\libLibraries.a
START GROUP
LOAD c:/st/stm32cubeide_1.7.0/stm32cubeide/plugins/com.st.stm32cube.ide.mcu.externaltools.gnu-tools-for-stm32.9-2020-q2-update.win32_2.0.0.202105311346/tools/bin/../lib/gcc/arm-none-eabi/9.3.1/../../../../arm-none-eabi/lib/thumb/v7e-m+fp/hard\libc_nano.a
LOAD c:/st/stm32cubeide_1.7.0/stm32cubeide/plugins/com.st.stm32cube.ide.mcu.externaltools.gnu-tools-for-stm32.9-2020-q2-update.win32_2.0.0.202105311346/tools/bin/../lib/gcc/arm-none-eabi/9.3.1/../../../../arm-none-eabi/lib/thumb/v7e-m+fp/hard\libm.a
END GROUP
START GROUP
LOAD c:/st/stm32cubeide_1.7.0/stm32cubeide/plugins/com.st.stm32cube.ide.mcu.externaltools.gnu-tools-for-stm32.9-2020-q2-update.win32_2.0.0.202105311346/tools/bin/../lib/gcc/arm-none-eabi/9.3.1/thumb/v7e-m+fp/hard\libgcc.a
LOAD c:/st/stm32cubeide_1.7.0/stm32cubeide/plugins/com.st.stm32cube.ide.mcu.externaltools.gnu-tools-for-stm32.9-2020-q2-update.win32_2.0.0.202105311346/tools/bin/../lib/gcc/arm-none-eabi/9.3.1/../../../../arm-none-eabi/lib/thumb/v7e-m+fp/hard\libc_nano.a
END GROUP
START GROUP
LOAD c:/st/stm32cubeide_1.7.0/stm32cubeide/plugins/com.st.stm32cube.ide.mcu.externaltools.gnu-tools-for-stm32.9-2020-q2-update.win32_2.0.0.202105311346/tools/bin/../lib/gcc/arm-none-eabi/9.3.1/thumb/v7e-m+fp/hard\libgcc.a
LOAD c:/st/stm32cubeide_1.7.0/stm32cubeide/plugins/com.st.stm32cube.ide.mcu.externaltools.gnu-tools-for-stm32.9-2020-q2-update.win32_2.0.0.202105311346/tools/bin/../lib/gcc/arm-none-eabi/9.3.1/../../../../arm-none-eabi/lib/thumb/v7e-m+fp/hard\libc_nano.a
LOAD c:/st/stm32cubeide_1.7.0/stm32cubeide/plugins/com.st.stm32cube.ide.mcu.externaltools.gnu-tools-for-stm32.9-2020-q2-update.win32_2.0.0.202105311346/tools/bin/../lib/gcc/arm-none-eabi/9.3.1/../../../../arm-none-eabi/lib/thumb/v7e-m+fp/hard\libnosys.a
END GROUP
START GROUP
LOAD c:/st/stm32cubeide_1.7.0/stm32cubeide/plugins/com.st.stm32cube.ide.mcu.externaltools.gnu-tools-for-stm32.9-2020-q2-update.win32_2.0.0.202105311346/tools/bin/../lib/gcc/arm-none-eabi/9.3.1/thumb/v7e-m+fp/hard\libgcc.a
LOAD c:/st/stm32cubeide_1.7.0/stm32cubeide/plugins/com.st.stm32cube.ide.mcu.externaltools.gnu-tools-for-stm32.9-2020-q2-update.win32_2.0.0.202105311346/tools/bin/../lib/gcc/arm-none-eabi/9.3.1/../../../../arm-none-eabi/lib/thumb/v7e-m+fp/hard\libc_nano.a
LOAD c:/st/stm32cubeide_1.7.0/stm32cubeide/plugins/com.st.stm32cube.ide.mcu.externaltools.gnu-tools-for-stm32.9-2020-q2-update.win32_2.0.0.202105311346/tools/bin/../lib/gcc/arm-none-eabi/9.3.1/../../../../arm-none-eabi/lib/thumb/v7e-m+fp/hard\libnosys.a
END GROUP
LOAD c:/st/stm32cubeide_1.7.0/stm32cubeide/plugins/com.st.stm32cube.ide.mcu.externaltools.gnu-tools-for-stm32.9-2020-q2-update.win32_2.0.0.202105311346/tools/bin/../lib/gcc/arm-none-eabi/9.3.1/thumb/v7e-m+fp/hard/crtend.o
LOAD c:/st/stm32cubeide_1.7.0/stm32cubeide/plugins/com.st.stm32cube.ide.mcu.externaltools.gnu-tools-for-stm32.9-2020-q2-update.win32_2.0.0.202105311346/tools/bin/../lib/gcc/arm-none-eabi/9.3.1/thumb/v7e-m+fp/hard/crtn.o
                0x0000000020018000                _estack = (ORIGIN (RAM) + LENGTH (RAM))
                0x0000000000000200                _Min_Heap_Size = 0x200
                0x0000000000000400                _Min_Stack_Size = 0x400

.isr_vector     0x0000000008000000      0x194
                0x0000000008000000                . = ALIGN (0x4)
 *(.isr_vector)
 .isr_vector    0x0000000008000000      0x194 ./Startup/startup_stm32f401retx.o
                0x0000000008000000                g_pfnVectors
                0x0000000008000194                . = ALIGN (0x4)

.text           0x00000000080001a0     0x7104
                0x00000000080001a0                . = ALIGN (0x4)
 *(.text)
 .text          0x00000000080001a0       0x40 c:/st/stm32cubeide_1.7.0/stm32cubeide/plugins/com.st.stm32cube.ide.mcu.externaltools.gnu-tools-for-stm32.9-2020-q2-update.win32_2.0.0.202105311346/tools/bin/../lib/gcc/arm-none-eabi/9.3.1/thumb/v7e-m+fp/hard/crtbegin.o
 .text          0x00000000080001e0       0xa0 c:/st/stm32cubeide_1.7.0/stm32cubeide/plugins/com.st.stm32cube.ide.mcu.externaltools.gnu-tools-for-stm32.9-2020-q2-update.win32_2.0.0.202105311346/tools/bin/../lib/gcc/arm-none-eabi/9.3.1/../../../../arm-none-eabi/lib/thumb/v7e-m+fp/hard\libc_nano.a(lib_a-memchr.o)
                0x00000000080001e0                memchr
 *(.text*)
 .text.AppInitCommon
                0x0000000008000280       0x70 ./Src/main.o
                0x0000000008000280                AppInitCommon
 .text.AppStateManager
                0x00000000080002f0       0x4c ./Src/main.o
 .text.SetStateApp
                0x000000000800033c       0x20 ./Src/main.o
 .text.GetStateApp
                0x000000000800035c       0x18 ./Src/main.o
 .text.LoadConfiguration
                0x0000000008000374       0x58 ./Src/main.o
                0x0000000008000374                LoadConfiguration
 .text.DeviceStateMachine
                0x00000000080003cc      0x320 ./Src/main.o
                0x00000000080003cc                DeviceStateMachine
 .text.lightIncrease
                0x00000000080006ec       0x34 ./Src/main.o
                0x00000000080006ec                lightIncrease
 .text.lightDecrease
                0x0000000008000720       0x34 ./Src/main.o
                0x0000000008000720                lightDecrease
 .text.Task_multiSensorScan
                0x0000000008000754      0x154 ./Src/main.o
                0x0000000008000754                Task_multiSensorScan
 .text.main     0x00000000080008a8       0x26 ./Src/main.o
                0x00000000080008a8                main
 *fill*         0x00000000080008ce        0x2 
 .text._sbrk    0x00000000080008d0       0x6c ./Src/sysmem.o
                0x00000000080008d0                _sbrk
 .text.Reset_Handler
                0x000000000800093c       0x50 ./Startup/startup_stm32f401retx.o
                0x000000000800093c                Reset_Handler
 .text.Default_Handler
                0x000000000800098c        0x2 ./Startup/startup_stm32f401retx.o
                0x000000000800098c                EXTI2_IRQHandler
                0x000000000800098c                DebugMon_Handler
                0x000000000800098c                SPI4_IRQHandler
                0x000000000800098c                TIM1_CC_IRQHandler
                0x000000000800098c                HardFault_Handler
                0x000000000800098c                SDIO_IRQHandler
                0x000000000800098c                TAMP_STAMP_IRQHandler
                0x000000000800098c                PendSV_Handler
                0x000000000800098c                NMI_Handler
                0x000000000800098c                EXTI3_IRQHandler
                0x000000000800098c                TIM1_UP_TIM10_IRQHandler
                0x000000000800098c                I2C3_ER_IRQHandler
                0x000000000800098c                EXTI18_OTG_FS_WKUP_IRQHandler
                0x000000000800098c                EXTI0_IRQHandler
                0x000000000800098c                I2C2_EV_IRQHandler
                0x000000000800098c                FPU_IRQHandler
                0x000000000800098c                UsageFault_Handler
                0x000000000800098c                SPI1_IRQHandler
                0x000000000800098c                TIM1_BRK_TIM9_IRQHandler
                0x000000000800098c                USART6_IRQHandler
                0x000000000800098c                TIM4_IRQHandler
                0x000000000800098c                I2C1_EV_IRQHandler
                0x000000000800098c                TIM3_IRQHandler
                0x000000000800098c                RCC_IRQHandler
                0x000000000800098c                Default_Handler
                0x000000000800098c                EXTI15_10_IRQHandler
                0x000000000800098c                ADC_IRQHandler
                0x000000000800098c                TIM5_IRQHandler
                0x000000000800098c                I2C3_EV_IRQHandler
                0x000000000800098c                EXTI9_5_IRQHandler
                0x000000000800098c                SPI2_IRQHandler
                0x000000000800098c                MemManage_Handler
                0x000000000800098c                SVC_Handler
                0x000000000800098c                EXTI4_IRQHandler
                0x000000000800098c                EXTI22_RTC_WKUP_IRQHandler
                0x000000000800098c                TIM2_IRQHandler
                0x000000000800098c                EXTI16_PVD_IRQHandler
                0x000000000800098c                TIM1_TRG_COM_TIM11_IRQHandler
                0x000000000800098c                EXTI1_IRQHandler
                0x000000000800098c                EXTI17_RTC_Alarm_IRQHandler
                0x000000000800098c                I2C2_ER_IRQHandler
                0x000000000800098c                FLASH_IRQHandler
                0x000000000800098c                BusFault_Handler
                0x000000000800098c                USART1_IRQHandler
                0x000000000800098c                OTG_FS_IRQHandler
                0x000000000800098c                SPI3_IRQHandler
                0x000000000800098c                I2C1_ER_IRQHandler
 *fill*         0x000000000800098e        0x2 
 .text.SystemInit
                0x0000000008000990       0x6c C:\Users\admin\Desktop\firmware\SDK_1.0.3_NUCLEO-F401RE\lib_stm\libLibraries.a(system_stm32f4xx.o)
                0x0000000008000990                SystemInit
 .text.SystemCoreClockUpdate
                0x00000000080009fc       0xf8 C:\Users\admin\Desktop\firmware\SDK_1.0.3_NUCLEO-F401RE\lib_stm\libLibraries.a(system_stm32f4xx.o)
                0x00000000080009fc                SystemCoreClockUpdate
 .text.SetSysClock
                0x0000000008000af4       0xa0 C:\Users\admin\Desktop\firmware\SDK_1.0.3_NUCLEO-F401RE\lib_stm\libLibraries.a(system_stm32f4xx.o)
 .text.EventButton_Init
                0x0000000008000b94       0x6c C:\Users\admin\Desktop\firmware\SDK_1.0.3_NUCLEO-F401RE\lib_stm\libLibraries.a(eventbutton.o)
                0x0000000008000b94                EventButton_Init
 .text.ButtonProcessEventEdge
                0x0000000008000c00       0x34 C:\Users\admin\Desktop\firmware\SDK_1.0.3_NUCLEO-F401RE\lib_stm\libLibraries.a(eventbutton.o)
 .text.ButtonProcessEventPress
                0x0000000008000c34       0x48 C:\Users\admin\Desktop\firmware\SDK_1.0.3_NUCLEO-F401RE\lib_stm\libLibraries.a(eventbutton.o)
 .text.ButtonProcessEventHold
                0x0000000008000c7c       0x5e C:\Users\admin\Desktop\firmware\SDK_1.0.3_NUCLEO-F401RE\lib_stm\libLibraries.a(eventbutton.o)
 .text.ButtonProcessEventRelease
                0x0000000008000cda       0x5e C:\Users\admin\Desktop\firmware\SDK_1.0.3_NUCLEO-F401RE\lib_stm\libLibraries.a(eventbutton.o)
 .text.BuzzerControl_Init
                0x0000000008000d38       0x2c C:\Users\admin\Desktop\firmware\SDK_1.0.3_NUCLEO-F401RE\lib_stm\libLibraries.a(buzzer.o)
                0x0000000008000d38                BuzzerControl_Init
 .text.BuzzOff  0x0000000008000d64       0x58 C:\Users\admin\Desktop\firmware\SDK_1.0.3_NUCLEO-F401RE\lib_stm\libLibraries.a(buzzer.o)
 .text.BuzzPlay
                0x0000000008000dbc       0x98 C:\Users\admin\Desktop\firmware\SDK_1.0.3_NUCLEO-F401RE\lib_stm\libLibraries.a(buzzer.o)
 .text.BuzzerControl_SetMelody
                0x0000000008000e54       0x3c C:\Users\admin\Desktop\firmware\SDK_1.0.3_NUCLEO-F401RE\lib_stm\libLibraries.a(buzzer.o)
                0x0000000008000e54                BuzzerControl_SetMelody
 .text.BUZZTIM_InitTimer
                0x0000000008000e90       0x50 C:\Users\admin\Desktop\firmware\SDK_1.0.3_NUCLEO-F401RE\lib_stm\libLibraries.a(buzzer.o)
 .text.BUZZTIM_InitPWMChannel
                0x0000000008000ee0       0x90 C:\Users\admin\Desktop\firmware\SDK_1.0.3_NUCLEO-F401RE\lib_stm\libLibraries.a(buzzer.o)
 .text.BuzzerControl_SetDutyCycle
                0x0000000008000f70       0x3c C:\Users\admin\Desktop\firmware\SDK_1.0.3_NUCLEO-F401RE\lib_stm\libLibraries.a(buzzer.o)
                0x0000000008000f70                BuzzerControl_SetDutyCycle
 .text.BuzzerControl_SetPreriod
                0x0000000008000fac       0x20 C:\Users\admin\Desktop\firmware\SDK_1.0.3_NUCLEO-F401RE\lib_stm\libLibraries.a(buzzer.o)
                0x0000000008000fac                BuzzerControl_SetPreriod
 .text.LedControl_Init
                0x0000000008000fcc       0x10 C:\Users\admin\Desktop\firmware\SDK_1.0.3_NUCLEO-F401RE\lib_stm\libLibraries.a(led.o)
                0x0000000008000fcc                LedControl_Init
 .text.LedControl_SetColorIndividual
                0x0000000008000fdc       0xf8 C:\Users\admin\Desktop\firmware\SDK_1.0.3_NUCLEO-F401RE\lib_stm\libLibraries.a(led.o)
                0x0000000008000fdc                LedControl_SetColorIndividual
 .text.LedControl_SetColorGeneral
                0x00000000080010d4      0x128 C:\Users\admin\Desktop\firmware\SDK_1.0.3_NUCLEO-F401RE\lib_stm\libLibraries.a(led.o)
                0x00000000080010d4                LedControl_SetColorGeneral
 .text.LedGetAllLastState
                0x00000000080011fc        0xe C:\Users\admin\Desktop\firmware\SDK_1.0.3_NUCLEO-F401RE\lib_stm\libLibraries.a(led.o)
 *fill*         0x000000000800120a        0x2 
 .text.LedToggle
                0x000000000800120c       0x9c C:\Users\admin\Desktop\firmware\SDK_1.0.3_NUCLEO-F401RE\lib_stm\libLibraries.a(led.o)
 .text.pFuncBlink
                0x00000000080012a8       0xb0 C:\Users\admin\Desktop\firmware\SDK_1.0.3_NUCLEO-F401RE\lib_stm\libLibraries.a(led.o)
 .text.BlinkStop
                0x0000000008001358       0x78 C:\Users\admin\Desktop\firmware\SDK_1.0.3_NUCLEO-F401RE\lib_stm\libLibraries.a(led.o)
 .text.LedControl_BlinkStart
                0x00000000080013d0       0x7c C:\Users\admin\Desktop\firmware\SDK_1.0.3_NUCLEO-F401RE\lib_stm\libLibraries.a(led.o)
                0x00000000080013d0                LedControl_BlinkStart
 .text.LedControl_SetAllColor
                0x000000000800144c       0x36 C:\Users\admin\Desktop\firmware\SDK_1.0.3_NUCLEO-F401RE\lib_stm\libLibraries.a(led.o)
                0x000000000800144c                LedControl_SetAllColor
 *fill*         0x0000000008001482        0x2 
 .text.LEDGPIO_Config
                0x0000000008001484       0x94 C:\Users\admin\Desktop\firmware\SDK_1.0.3_NUCLEO-F401RE\lib_stm\libLibraries.a(led.o)
 .text.LEDTIM_Config
                0x0000000008001518       0xec C:\Users\admin\Desktop\firmware\SDK_1.0.3_NUCLEO-F401RE\lib_stm\libLibraries.a(led.o)
 .text.EventSchedulerInit
                0x0000000008001604       0x38 C:\Users\admin\Desktop\firmware\SDK_1.0.3_NUCLEO-F401RE\lib_stm\libLibraries.a(eventman.o)
                0x0000000008001604                EventSchedulerInit
 .text.EventSchedulerAdd
                0x000000000800163c       0x2c C:\Users\admin\Desktop\firmware\SDK_1.0.3_NUCLEO-F401RE\lib_stm\libLibraries.a(eventman.o)
                0x000000000800163c                EventSchedulerAdd
 .text.processEventScheduler
                0x0000000008001668       0x38 C:\Users\admin\Desktop\firmware\SDK_1.0.3_NUCLEO-F401RE\lib_stm\libLibraries.a(eventman.o)
                0x0000000008001668                processEventScheduler
 .text.NVIC_SetPriority
                0x00000000080016a0       0x54 C:\Users\admin\Desktop\firmware\SDK_1.0.3_NUCLEO-F401RE\lib_stm\libLibraries.a(timer.o)
 .text.SysTick_Config
                0x00000000080016f4       0x44 C:\Users\admin\Desktop\firmware\SDK_1.0.3_NUCLEO-F401RE\lib_stm\libLibraries.a(timer.o)
 .text.TimerInit
                0x0000000008001738       0x44 C:\Users\admin\Desktop\firmware\SDK_1.0.3_NUCLEO-F401RE\lib_stm\libLibraries.a(timer.o)
                0x0000000008001738                TimerInit
 .text.TimerStart
                0x000000000800177c       0xc4 C:\Users\admin\Desktop\firmware\SDK_1.0.3_NUCLEO-F401RE\lib_stm\libLibraries.a(timer.o)
                0x000000000800177c                TimerStart
 .text.TimerChangePeriod
                0x0000000008001840       0x38 C:\Users\admin\Desktop\firmware\SDK_1.0.3_NUCLEO-F401RE\lib_stm\libLibraries.a(timer.o)
                0x0000000008001840                TimerChangePeriod
 .text.TimerStop
                0x0000000008001878       0xa0 C:\Users\admin\Desktop\firmware\SDK_1.0.3_NUCLEO-F401RE\lib_stm\libLibraries.a(timer.o)
                0x0000000008001878                TimerStop
 .text.GetMilSecTick
                0x0000000008001918       0x18 C:\Users\admin\Desktop\firmware\SDK_1.0.3_NUCLEO-F401RE\lib_stm\libLibraries.a(timer.o)
                0x0000000008001918                GetMilSecTick
 .text.processTimerScheduler
                0x0000000008001930       0xf0 C:\Users\admin\Desktop\firmware\SDK_1.0.3_NUCLEO-F401RE\lib_stm\libLibraries.a(timer.o)
                0x0000000008001930                processTimerScheduler
 .text.TimeExpired
                0x0000000008001a20       0xcc C:\Users\admin\Desktop\firmware\SDK_1.0.3_NUCLEO-F401RE\lib_stm\libLibraries.a(timer.o)
 .text.SysTick_Handler
                0x0000000008001aec       0x1c C:\Users\admin\Desktop\firmware\SDK_1.0.3_NUCLEO-F401RE\lib_stm\libLibraries.a(timer.o)
                0x0000000008001aec                SysTick_Handler
 .text.LightSensor_Init
                0x0000000008001b08      0x160 C:\Users\admin\Desktop\firmware\SDK_1.0.3_NUCLEO-F401RE\lib_stm\libLibraries.a(lightsensor.o)
                0x0000000008001b08                LightSensor_Init
 .text.LightSensor_MeasureUsePollingMode
                0x0000000008001c68       0x38 C:\Users\admin\Desktop\firmware\SDK_1.0.3_NUCLEO-F401RE\lib_stm\libLibraries.a(lightsensor.o)
                0x0000000008001c68                LightSensor_MeasureUsePollingMode
 .text.TemHumSensor_Init
                0x0000000008001ca0        0xc C:\Users\admin\Desktop\firmware\SDK_1.0.3_NUCLEO-F401RE\lib_stm\libLibraries.a(temhumsensor.o)
                0x0000000008001ca0                TemHumSensor_Init
 .text.TemHumSensor_GetTemp
                0x0000000008001cac       0x7c C:\Users\admin\Desktop\firmware\SDK_1.0.3_NUCLEO-F401RE\lib_stm\libLibraries.a(temhumsensor.o)
                0x0000000008001cac                TemHumSensor_GetTemp
 .text.TemHumSensor_GetHumi
                0x0000000008001d28       0x78 C:\Users\admin\Desktop\firmware\SDK_1.0.3_NUCLEO-F401RE\lib_stm\libLibraries.a(temhumsensor.o)
                0x0000000008001d28                TemHumSensor_GetHumi
 .text.CalculateCRC8
                0x0000000008001da0       0x86 C:\Users\admin\Desktop\firmware\SDK_1.0.3_NUCLEO-F401RE\lib_stm\libLibraries.a(temhumsensor.o)
 *fill*         0x0000000008001e26        0x2 
 .text.i2c_config
                0x0000000008001e28       0x94 C:\Users\admin\Desktop\firmware\SDK_1.0.3_NUCLEO-F401RE\lib_stm\libLibraries.a(temhumsensor.o)
                0x0000000008001e28                i2c_config
 .text.i2c_read_reg_expand
                0x0000000008001ebc       0xac C:\Users\admin\Desktop\firmware\SDK_1.0.3_NUCLEO-F401RE\lib_stm\libLibraries.a(temhumsensor.o)
                0x0000000008001ebc                i2c_read_reg_expand
 .text.i2c_start
                0x0000000008001f68       0x3c C:\Users\admin\Desktop\firmware\SDK_1.0.3_NUCLEO-F401RE\lib_stm\libLibraries.a(temhumsensor.o)
                0x0000000008001f68                i2c_start
 .text.i2c_stop
                0x0000000008001fa4       0x14 C:\Users\admin\Desktop\firmware\SDK_1.0.3_NUCLEO-F401RE\lib_stm\libLibraries.a(temhumsensor.o)
                0x0000000008001fa4                i2c_stop
 .text.i2c_address_direction
                0x0000000008001fb8       0x60 C:\Users\admin\Desktop\firmware\SDK_1.0.3_NUCLEO-F401RE\lib_stm\libLibraries.a(temhumsensor.o)
                0x0000000008001fb8                i2c_address_direction
 .text.i2c_transmit
                0x0000000008002018       0x34 C:\Users\admin\Desktop\firmware\SDK_1.0.3_NUCLEO-F401RE\lib_stm\libLibraries.a(temhumsensor.o)
                0x0000000008002018                i2c_transmit
 .text.i2c_receive_ack
                0x000000000800204c       0x30 C:\Users\admin\Desktop\firmware\SDK_1.0.3_NUCLEO-F401RE\lib_stm\libLibraries.a(temhumsensor.o)
                0x000000000800204c                i2c_receive_ack
 .text.i2c_receive_nack
                0x000000000800207c       0x30 C:\Users\admin\Desktop\firmware\SDK_1.0.3_NUCLEO-F401RE\lib_stm\libLibraries.a(temhumsensor.o)
                0x000000000800207c                i2c_receive_nack
 .text.TimerGetCurrentTime
                0x00000000080020ac       0x1a C:\Users\admin\Desktop\firmware\SDK_1.0.3_NUCLEO-F401RE\lib_stm\libLibraries.a(serial.o)
 .text.TimerGetElapsedTime
                0x00000000080020c6       0x1a C:\Users\admin\Desktop\firmware\SDK_1.0.3_NUCLEO-F401RE\lib_stm\libLibraries.a(serial.o)
 .text.Serial_Init
                0x00000000080020e0       0x40 C:\Users\admin\Desktop\firmware\SDK_1.0.3_NUCLEO-F401RE\lib_stm\libLibraries.a(serial.o)
                0x00000000080020e0                Serial_Init
 .text.SerialHandleEventCallback
                0x0000000008002120       0x20 C:\Users\admin\Desktop\firmware\SDK_1.0.3_NUCLEO-F401RE\lib_stm\libLibraries.a(serial.o)
                0x0000000008002120                SerialHandleEventCallback
 .text.PollRxBuff
                0x0000000008002140      0x154 C:\Users\admin\Desktop\firmware\SDK_1.0.3_NUCLEO-F401RE\lib_stm\libLibraries.a(serial.o)
 .text.SendACK  0x0000000008002294        0xe C:\Users\admin\Desktop\firmware\SDK_1.0.3_NUCLEO-F401RE\lib_stm\libLibraries.a(serial.o)
                0x0000000008002294                SendACK
 .text.SendNACK
                0x00000000080022a2        0xe C:\Users\admin\Desktop\firmware\SDK_1.0.3_NUCLEO-F401RE\lib_stm\libLibraries.a(serial.o)
                0x00000000080022a2                SendNACK
 .text.processSerialReceiver
                0x00000000080022b0       0x78 C:\Users\admin\Desktop\firmware\SDK_1.0.3_NUCLEO-F401RE\lib_stm\libLibraries.a(serial.o)
                0x00000000080022b0                processSerialReceiver
 .text.UART_RegBufferRx
                0x0000000008002328       0x28 C:\Users\admin\Desktop\firmware\SDK_1.0.3_NUCLEO-F401RE\lib_stm\libLibraries.a(serial.o)
                0x0000000008002328                UART_RegBufferRx
 .text.UART_Init
                0x0000000008002350       0xec C:\Users\admin\Desktop\firmware\SDK_1.0.3_NUCLEO-F401RE\lib_stm\libLibraries.a(serial.o)
                0x0000000008002350                UART_Init
 .text.USART2_IRQHandler
                0x000000000800243c       0x50 C:\Users\admin\Desktop\firmware\SDK_1.0.3_NUCLEO-F401RE\lib_stm\libLibraries.a(serial.o)
                0x000000000800243c                USART2_IRQHandler
 .text.EventSerial_Init
                0x000000000800248c       0x18 C:\Users\admin\Desktop\firmware\SDK_1.0.3_NUCLEO-F401RE\lib_stm\libLibraries.a(uartcmd.o)
                0x000000000800248c                EventSerial_Init
 .text.procUartCmd
                0x00000000080024a4       0x56 C:\Users\admin\Desktop\firmware\SDK_1.0.3_NUCLEO-F401RE\lib_stm\libLibraries.a(uartcmd.o)
 *fill*         0x00000000080024fa        0x2 
 .text.uartReceiveControlLed_Set
                0x00000000080024fc       0x4c C:\Users\admin\Desktop\firmware\SDK_1.0.3_NUCLEO-F401RE\lib_stm\libLibraries.a(uartcmd.o)
                0x00000000080024fc                uartReceiveControlLed_Set
 .text.processUartReceiveCommand_ControlLed
                0x0000000008002548       0x26 C:\Users\admin\Desktop\firmware\SDK_1.0.3_NUCLEO-F401RE\lib_stm\libLibraries.a(uartcmd.o)
 *fill*         0x000000000800256e        0x2 
 .text.uartReceiveControlBuzzer_Set
                0x0000000008002570       0x40 C:\Users\admin\Desktop\firmware\SDK_1.0.3_NUCLEO-F401RE\lib_stm\libLibraries.a(uartcmd.o)
                0x0000000008002570                uartReceiveControlBuzzer_Set
 .text.processUartReceiveCommand_ControlBuzzer
                0x00000000080025b0       0x26 C:\Users\admin\Desktop\firmware\SDK_1.0.3_NUCLEO-F401RE\lib_stm\libLibraries.a(uartcmd.o)
 *fill*         0x00000000080025d6        0x2 
 .text.uartReceiveControlButton_Set
                0x00000000080025d8       0x44 C:\Users\admin\Desktop\firmware\SDK_1.0.3_NUCLEO-F401RE\lib_stm\libLibraries.a(uartcmd.o)
                0x00000000080025d8                uartReceiveControlButton_Set
 .text.processUartReceiveCommand_ControlButton
                0x000000000800261c       0x26 C:\Users\admin\Desktop\firmware\SDK_1.0.3_NUCLEO-F401RE\lib_stm\libLibraries.a(uartcmd.o)
 *fill*         0x0000000008002642        0x2 
 .text.uartReceiveControlLcd_Set
                0x0000000008002644       0x58 C:\Users\admin\Desktop\firmware\SDK_1.0.3_NUCLEO-F401RE\lib_stm\libLibraries.a(uartcmd.o)
                0x0000000008002644                uartReceiveControlLcd_Set
 .text.processUartReceiveCommand_ControlLcd
                0x000000000800269c       0x26 C:\Users\admin\Desktop\firmware\SDK_1.0.3_NUCLEO-F401RE\lib_stm\libLibraries.a(uartcmd.o)
 .text.delayMicroseconds
                0x00000000080026c2       0x14 C:\Users\admin\Desktop\firmware\SDK_1.0.3_NUCLEO-F401RE\lib_stm\libLibraries.a(Ucglib.o)
 *fill*         0x00000000080026d6        0x2 
 .text.ucg_gpio_init
                0x00000000080026d8       0x60 C:\Users\admin\Desktop\firmware\SDK_1.0.3_NUCLEO-F401RE\lib_stm\libLibraries.a(Ucglib.o)
 .text.ucg_com_arduino_send_generic_SW_SPI
                0x0000000008002738       0x74 C:\Users\admin\Desktop\firmware\SDK_1.0.3_NUCLEO-F401RE\lib_stm\libLibraries.a(Ucglib.o)
 .text.ucg_com_arduino_generic_SW_SPI
                0x00000000080027ac      0x1ec C:\Users\admin\Desktop\firmware\SDK_1.0.3_NUCLEO-F401RE\lib_stm\libLibraries.a(Ucglib.o)
 .text.Ucglib4WireSWSPI_begin
                0x0000000008002998       0x38 C:\Users\admin\Desktop\firmware\SDK_1.0.3_NUCLEO-F401RE\lib_stm\libLibraries.a(Ucglib.o)
                0x0000000008002998                Ucglib4WireSWSPI_begin
 .text.ucg_DrawBox
                0x00000000080029d0       0x56 C:\Users\admin\Desktop\firmware\SDK_1.0.3_NUCLEO-F401RE\lib_stm\libLibraries.a(ucg_box.o)
                0x00000000080029d0                ucg_DrawBox
 .text.ucg_ClearScreen
                0x0000000008002a26       0x50 C:\Users\admin\Desktop\firmware\SDK_1.0.3_NUCLEO-F401RE\lib_stm\libLibraries.a(ucg_box.o)
                0x0000000008002a26                ucg_ClearScreen
 .text.ucg_ccs_init
                0x0000000008002a76       0xc0 C:\Users\admin\Desktop\firmware\SDK_1.0.3_NUCLEO-F401RE\lib_stm\libLibraries.a(ucg_ccs.o)
                0x0000000008002a76                ucg_ccs_init
 .text.ucg_ccs_step
                0x0000000008002b36       0x80 C:\Users\admin\Desktop\firmware\SDK_1.0.3_NUCLEO-F401RE\lib_stm\libLibraries.a(ucg_ccs.o)
                0x0000000008002b36                ucg_ccs_step
 .text.ucg_ccs_seek
                0x0000000008002bb6       0xca C:\Users\admin\Desktop\firmware\SDK_1.0.3_NUCLEO-F401RE\lib_stm\libLibraries.a(ucg_ccs.o)
                0x0000000008002bb6                ucg_ccs_seek
 .text.ucg_dev_default_cb
                0x0000000008002c80       0x44 C:\Users\admin\Desktop\firmware\SDK_1.0.3_NUCLEO-F401RE\lib_stm\libLibraries.a(ucg_dev_default_cb.o)
                0x0000000008002c80                ucg_dev_default_cb
 .text.ucg_ext_none
                0x0000000008002cc4       0x1c C:\Users\admin\Desktop\firmware\SDK_1.0.3_NUCLEO-F401RE\lib_stm\libLibraries.a(ucg_dev_default_cb.o)
                0x0000000008002cc4                ucg_ext_none
 .text.ucg_handle_st7735_l90fx
                0x0000000008002ce0       0xd8 C:\Users\admin\Desktop\firmware\SDK_1.0.3_NUCLEO-F401RE\lib_stm\libLibraries.a(ucg_dev_ic_st7735.o)
                0x0000000008002ce0                ucg_handle_st7735_l90fx
 .text.ucg_handle_st7735_l90se
                0x0000000008002db8      0x154 C:\Users\admin\Desktop\firmware\SDK_1.0.3_NUCLEO-F401RE\lib_stm\libLibraries.a(ucg_dev_ic_st7735.o)
                0x0000000008002db8                ucg_handle_st7735_l90se
 .text.ucg_dev_ic_st7735_18
                0x0000000008002f0c       0xf8 C:\Users\admin\Desktop\firmware\SDK_1.0.3_NUCLEO-F401RE\lib_stm\libLibraries.a(ucg_dev_ic_st7735.o)
                0x0000000008002f0c                ucg_dev_ic_st7735_18
 .text.ucg_ext_st7735_18
                0x0000000008003004       0x28 C:\Users\admin\Desktop\firmware\SDK_1.0.3_NUCLEO-F401RE\lib_stm\libLibraries.a(ucg_dev_ic_st7735.o)
                0x0000000008003004                ucg_ext_st7735_18
 .text.ucg_PowerDown
                0x000000000800302c       0x34 C:\Users\admin\Desktop\firmware\SDK_1.0.3_NUCLEO-F401RE\lib_stm\libLibraries.a(ucg_dev_msg_api.o)
                0x000000000800302c                ucg_PowerDown
 .text.ucg_PowerUp
                0x0000000008003060       0x3c C:\Users\admin\Desktop\firmware\SDK_1.0.3_NUCLEO-F401RE\lib_stm\libLibraries.a(ucg_dev_msg_api.o)
                0x0000000008003060                ucg_PowerUp
 .text.ucg_SetClipBox
                0x000000000800309c       0x1e C:\Users\admin\Desktop\firmware\SDK_1.0.3_NUCLEO-F401RE\lib_stm\libLibraries.a(ucg_dev_msg_api.o)
                0x000000000800309c                ucg_SetClipBox
 .text.ucg_SetMaxClipRange
                0x00000000080030ba       0x30 C:\Users\admin\Desktop\firmware\SDK_1.0.3_NUCLEO-F401RE\lib_stm\libLibraries.a(ucg_dev_msg_api.o)
                0x00000000080030ba                ucg_SetMaxClipRange
 .text.ucg_GetDimension
                0x00000000080030ea       0x24 C:\Users\admin\Desktop\firmware\SDK_1.0.3_NUCLEO-F401RE\lib_stm\libLibraries.a(ucg_dev_msg_api.o)
                0x00000000080030ea                ucg_GetDimension
 .text.ucg_DrawL90FXWithArg
                0x000000000800310e       0x1e C:\Users\admin\Desktop\firmware\SDK_1.0.3_NUCLEO-F401RE\lib_stm\libLibraries.a(ucg_dev_msg_api.o)
                0x000000000800310e                ucg_DrawL90FXWithArg
 .text.ucg_dev_st7735_18x128x128
                0x000000000800312c       0x80 C:\Users\admin\Desktop\firmware\SDK_1.0.3_NUCLEO-F401RE\lib_stm\libLibraries.a(ucg_dev_tft_128x128_st7735.o)
                0x000000000800312c                ucg_dev_st7735_18x128x128
 .text.ucg_font_get_byte
                0x00000000080031ac       0x24 C:\Users\admin\Desktop\firmware\SDK_1.0.3_NUCLEO-F401RE\lib_stm\libLibraries.a(ucg_font.o)
 .text.ucg_font_get_word
                0x00000000080031d0       0x40 C:\Users\admin\Desktop\firmware\SDK_1.0.3_NUCLEO-F401RE\lib_stm\libLibraries.a(ucg_font.o)
 .text.ucg_read_font_info
                0x0000000008003210      0x142 C:\Users\admin\Desktop\firmware\SDK_1.0.3_NUCLEO-F401RE\lib_stm\libLibraries.a(ucg_font.o)
                0x0000000008003210                ucg_read_font_info
 .text.ucg_font_decode_get_unsigned_bits
                0x0000000008003352       0x96 C:\Users\admin\Desktop\firmware\SDK_1.0.3_NUCLEO-F401RE\lib_stm\libLibraries.a(ucg_font.o)
                0x0000000008003352                ucg_font_decode_get_unsigned_bits
 .text.ucg_font_decode_get_signed_bits
                0x00000000080033e8       0x46 C:\Users\admin\Desktop\firmware\SDK_1.0.3_NUCLEO-F401RE\lib_stm\libLibraries.a(ucg_font.o)
                0x00000000080033e8                ucg_font_decode_get_signed_bits
 .text.ucg_add_vector_y
                0x000000000800342e       0x7a C:\Users\admin\Desktop\firmware\SDK_1.0.3_NUCLEO-F401RE\lib_stm\libLibraries.a(ucg_font.o)
 .text.ucg_add_vector_x
                0x00000000080034a8       0x7a C:\Users\admin\Desktop\firmware\SDK_1.0.3_NUCLEO-F401RE\lib_stm\libLibraries.a(ucg_font.o)
 .text.ucg_font_decode_len
                0x0000000008003522      0x118 C:\Users\admin\Desktop\firmware\SDK_1.0.3_NUCLEO-F401RE\lib_stm\libLibraries.a(ucg_font.o)
                0x0000000008003522                ucg_font_decode_len
 .text.ucg_font_setup_decode
                0x000000000800363a       0x64 C:\Users\admin\Desktop\firmware\SDK_1.0.3_NUCLEO-F401RE\lib_stm\libLibraries.a(ucg_font.o)
 .text.ucg_font_decode_glyph
                0x000000000800369e      0x14c C:\Users\admin\Desktop\firmware\SDK_1.0.3_NUCLEO-F401RE\lib_stm\libLibraries.a(ucg_font.o)
                0x000000000800369e                ucg_font_decode_glyph
 .text.ucg_font_get_glyph_data
                0x00000000080037ea       0x7a C:\Users\admin\Desktop\firmware\SDK_1.0.3_NUCLEO-F401RE\lib_stm\libLibraries.a(ucg_font.o)
                0x00000000080037ea                ucg_font_get_glyph_data
 .text.ucg_font_draw_glyph
                0x0000000008003864       0x62 C:\Users\admin\Desktop\firmware\SDK_1.0.3_NUCLEO-F401RE\lib_stm\libLibraries.a(ucg_font.o)
                0x0000000008003864                ucg_font_draw_glyph
 .text.ucg_SetFontMode
                0x00000000080038c6       0x20 C:\Users\admin\Desktop\firmware\SDK_1.0.3_NUCLEO-F401RE\lib_stm\libLibraries.a(ucg_font.o)
                0x00000000080038c6                ucg_SetFontMode
 *fill*         0x00000000080038e6        0x2 
 .text.ucg_DrawGlyph
                0x00000000080038e8       0xb0 C:\Users\admin\Desktop\firmware\SDK_1.0.3_NUCLEO-F401RE\lib_stm\libLibraries.a(ucg_font.o)
                0x00000000080038e8                ucg_DrawGlyph
 .text.task_drawString
                0x0000000008003998      0x138 C:\Users\admin\Desktop\firmware\SDK_1.0.3_NUCLEO-F401RE\lib_stm\libLibraries.a(ucg_font.o)
                0x0000000008003998                task_drawString
 .text.ucg_DrawString
                0x0000000008003ad0       0x78 C:\Users\admin\Desktop\firmware\SDK_1.0.3_NUCLEO-F401RE\lib_stm\libLibraries.a(ucg_font.o)
                0x0000000008003ad0                ucg_DrawString
 .text.ucg_UpdateRefHeight
                0x0000000008003b48       0xd8 C:\Users\admin\Desktop\firmware\SDK_1.0.3_NUCLEO-F401RE\lib_stm\libLibraries.a(ucg_font.o)
                0x0000000008003b48                ucg_UpdateRefHeight
 .text.ucg_font_calc_vref_font
                0x0000000008003c20       0x16 C:\Users\admin\Desktop\firmware\SDK_1.0.3_NUCLEO-F401RE\lib_stm\libLibraries.a(ucg_font.o)
                0x0000000008003c20                ucg_font_calc_vref_font
 *fill*         0x0000000008003c36        0x2 
 .text.ucg_SetFontPosBaseline
                0x0000000008003c38       0x20 C:\Users\admin\Desktop\firmware\SDK_1.0.3_NUCLEO-F401RE\lib_stm\libLibraries.a(ucg_font.o)
                0x0000000008003c38                ucg_SetFontPosBaseline
 .text.ucg_SetFont
                0x0000000008003c58       0x4c C:\Users\admin\Desktop\firmware\SDK_1.0.3_NUCLEO-F401RE\lib_stm\libLibraries.a(ucg_font.o)
                0x0000000008003c58                ucg_SetFont
 .text.ucg_init_struct
                0x0000000008003ca4       0x50 C:\Users\admin\Desktop\firmware\SDK_1.0.3_NUCLEO-F401RE\lib_stm\libLibraries.a(ucg_init.o)
                0x0000000008003ca4                ucg_init_struct
 .text.ucg_Init
                0x0000000008003cf4       0x5c C:\Users\admin\Desktop\firmware\SDK_1.0.3_NUCLEO-F401RE\lib_stm\libLibraries.a(ucg_init.o)
                0x0000000008003cf4                ucg_Init
 .text.ucg_Draw90Line
                0x0000000008003d50       0x88 C:\Users\admin\Desktop\firmware\SDK_1.0.3_NUCLEO-F401RE\lib_stm\libLibraries.a(ucg_line.o)
                0x0000000008003d50                ucg_Draw90Line
 .text.ucg_DrawHLine
                0x0000000008003dd8       0x3e C:\Users\admin\Desktop\firmware\SDK_1.0.3_NUCLEO-F401RE\lib_stm\libLibraries.a(ucg_line.o)
                0x0000000008003dd8                ucg_DrawHLine
 .text.ucg_SetColor
                0x0000000008003e16       0x5c C:\Users\admin\Desktop\firmware\SDK_1.0.3_NUCLEO-F401RE\lib_stm\libLibraries.a(ucg_pixel.o)
                0x0000000008003e16                ucg_SetColor
 .text.ucg_UndoRotate
                0x0000000008003e72       0x32 C:\Users\admin\Desktop\firmware\SDK_1.0.3_NUCLEO-F401RE\lib_stm\libLibraries.a(ucg_rotate.o)
                0x0000000008003e72                ucg_UndoRotate
 .text.ucg_rotate_180_xy
                0x0000000008003ea4       0x66 C:\Users\admin\Desktop\firmware\SDK_1.0.3_NUCLEO-F401RE\lib_stm\libLibraries.a(ucg_rotate.o)
 *fill*         0x0000000008003f0a        0x2 
 .text.ucg_dev_rotate180
                0x0000000008003f0c      0x100 C:\Users\admin\Desktop\firmware\SDK_1.0.3_NUCLEO-F401RE\lib_stm\libLibraries.a(ucg_rotate.o)
                0x0000000008003f0c                ucg_dev_rotate180
 .text.ucg_SetRotate180
                0x000000000800400c       0x34 C:\Users\admin\Desktop\firmware\SDK_1.0.3_NUCLEO-F401RE\lib_stm\libLibraries.a(ucg_rotate.o)
                0x000000000800400c                ucg_SetRotate180
 .text.bufInit  0x0000000008004040       0x36 C:\Users\admin\Desktop\firmware\SDK_1.0.3_NUCLEO-F401RE\lib_stm\libLibraries.a(buff.o)
                0x0000000008004040                bufInit
 .text.bufNumItems
                0x0000000008004076       0x18 C:\Users\admin\Desktop\firmware\SDK_1.0.3_NUCLEO-F401RE\lib_stm\libLibraries.a(buff.o)
                0x0000000008004076                bufNumItems
 .text.bufIsFull
                0x000000000800408e       0x26 C:\Users\admin\Desktop\firmware\SDK_1.0.3_NUCLEO-F401RE\lib_stm\libLibraries.a(buff.o)
                0x000000000800408e                bufIsFull
 .text.bufIsEmpty
                0x00000000080040b4       0x26 C:\Users\admin\Desktop\firmware\SDK_1.0.3_NUCLEO-F401RE\lib_stm\libLibraries.a(buff.o)
                0x00000000080040b4                bufIsEmpty
 .text.bufFlush
                0x00000000080040da       0x32 C:\Users\admin\Desktop\firmware\SDK_1.0.3_NUCLEO-F401RE\lib_stm\libLibraries.a(buff.o)
                0x00000000080040da                bufFlush
 .text.bufEnDat
                0x000000000800410c       0x9c C:\Users\admin\Desktop\firmware\SDK_1.0.3_NUCLEO-F401RE\lib_stm\libLibraries.a(buff.o)
                0x000000000800410c                bufEnDat
 .text.bufDeDat
                0x00000000080041a8       0x84 C:\Users\admin\Desktop\firmware\SDK_1.0.3_NUCLEO-F401RE\lib_stm\libLibraries.a(buff.o)
                0x00000000080041a8                bufDeDat
 .text.memsetl  0x000000000800422c       0x32 C:\Users\admin\Desktop\firmware\SDK_1.0.3_NUCLEO-F401RE\lib_stm\libLibraries.a(utilities.o)
                0x000000000800422c                memsetl
 *fill*         0x000000000800425e        0x2 
 .text.NVIC_PriorityGroupConfig
                0x0000000008004260       0x28 C:\Users\admin\Desktop\firmware\SDK_1.0.3_NUCLEO-F401RE\lib_stm\libLibraries.a(misc.o)
                0x0000000008004260                NVIC_PriorityGroupConfig
 .text.NVIC_Init
                0x0000000008004288       0xc4 C:\Users\admin\Desktop\firmware\SDK_1.0.3_NUCLEO-F401RE\lib_stm\libLibraries.a(misc.o)
                0x0000000008004288                NVIC_Init
 .text.ADC_DeInit
                0x000000000800434c       0x1c C:\Users\admin\Desktop\firmware\SDK_1.0.3_NUCLEO-F401RE\lib_stm\libLibraries.a(stm32f401re_adc.o)
                0x000000000800434c                ADC_DeInit
 .text.ADC_Init
                0x0000000008004368       0xac C:\Users\admin\Desktop\firmware\SDK_1.0.3_NUCLEO-F401RE\lib_stm\libLibraries.a(stm32f401re_adc.o)
                0x0000000008004368                ADC_Init
 .text.ADC_CommonInit
                0x0000000008004414       0x50 C:\Users\admin\Desktop\firmware\SDK_1.0.3_NUCLEO-F401RE\lib_stm\libLibraries.a(stm32f401re_adc.o)
                0x0000000008004414                ADC_CommonInit
 .text.ADC_Cmd  0x0000000008004464       0x38 C:\Users\admin\Desktop\firmware\SDK_1.0.3_NUCLEO-F401RE\lib_stm\libLibraries.a(stm32f401re_adc.o)
                0x0000000008004464                ADC_Cmd
 .text.ADC_RegularChannelConfig
                0x000000000800449c      0x194 C:\Users\admin\Desktop\firmware\SDK_1.0.3_NUCLEO-F401RE\lib_stm\libLibraries.a(stm32f401re_adc.o)
                0x000000000800449c                ADC_RegularChannelConfig
 .text.ADC_SoftwareStartConv
                0x0000000008004630       0x20 C:\Users\admin\Desktop\firmware\SDK_1.0.3_NUCLEO-F401RE\lib_stm\libLibraries.a(stm32f401re_adc.o)
                0x0000000008004630                ADC_SoftwareStartConv
 .text.ADC_EOCOnEachRegularChannelCmd
                0x0000000008004650       0x38 C:\Users\admin\Desktop\firmware\SDK_1.0.3_NUCLEO-F401RE\lib_stm\libLibraries.a(stm32f401re_adc.o)
                0x0000000008004650                ADC_EOCOnEachRegularChannelCmd
 .text.ADC_ContinuousModeCmd
                0x0000000008004688       0x38 C:\Users\admin\Desktop\firmware\SDK_1.0.3_NUCLEO-F401RE\lib_stm\libLibraries.a(stm32f401re_adc.o)
                0x0000000008004688                ADC_ContinuousModeCmd
 .text.ADC_DiscModeChannelCountConfig
                0x00000000080046c0       0x44 C:\Users\admin\Desktop\firmware\SDK_1.0.3_NUCLEO-F401RE\lib_stm\libLibraries.a(stm32f401re_adc.o)
                0x00000000080046c0                ADC_DiscModeChannelCountConfig
 .text.ADC_DiscModeCmd
                0x0000000008004704       0x38 C:\Users\admin\Desktop\firmware\SDK_1.0.3_NUCLEO-F401RE\lib_stm\libLibraries.a(stm32f401re_adc.o)
                0x0000000008004704                ADC_DiscModeCmd
 .text.ADC_GetConversionValue
                0x000000000800473c       0x1a C:\Users\admin\Desktop\firmware\SDK_1.0.3_NUCLEO-F401RE\lib_stm\libLibraries.a(stm32f401re_adc.o)
                0x000000000800473c                ADC_GetConversionValue
 .text.ADC_DMACmd
                0x0000000008004756       0x38 C:\Users\admin\Desktop\firmware\SDK_1.0.3_NUCLEO-F401RE\lib_stm\libLibraries.a(stm32f401re_adc.o)
                0x0000000008004756                ADC_DMACmd
 .text.ADC_DMARequestAfterLastTransferCmd
                0x000000000800478e       0x38 C:\Users\admin\Desktop\firmware\SDK_1.0.3_NUCLEO-F401RE\lib_stm\libLibraries.a(stm32f401re_adc.o)
                0x000000000800478e                ADC_DMARequestAfterLastTransferCmd
 .text.ADC_GetFlagStatus
                0x00000000080047c6       0x34 C:\Users\admin\Desktop\firmware\SDK_1.0.3_NUCLEO-F401RE\lib_stm\libLibraries.a(stm32f401re_adc.o)
                0x00000000080047c6                ADC_GetFlagStatus
 *fill*         0x00000000080047fa        0x2 
 .text.DMA_DeInit
                0x00000000080047fc      0x1a8 C:\Users\admin\Desktop\firmware\SDK_1.0.3_NUCLEO-F401RE\lib_stm\libLibraries.a(stm32f401re_dma.o)
                0x00000000080047fc                DMA_DeInit
 .text.DMA_Init
                0x00000000080049a4       0xb0 C:\Users\admin\Desktop\firmware\SDK_1.0.3_NUCLEO-F401RE\lib_stm\libLibraries.a(stm32f401re_dma.o)
                0x00000000080049a4                DMA_Init
 .text.DMA_Cmd  0x0000000008004a54       0x38 C:\Users\admin\Desktop\firmware\SDK_1.0.3_NUCLEO-F401RE\lib_stm\libLibraries.a(stm32f401re_dma.o)
                0x0000000008004a54                DMA_Cmd
 .text.GPIO_Init
                0x0000000008004a8c      0x11c C:\Users\admin\Desktop\firmware\SDK_1.0.3_NUCLEO-F401RE\lib_stm\libLibraries.a(stm32f401re_gpio.o)
                0x0000000008004a8c                GPIO_Init
 .text.GPIO_ReadInputDataBit
                0x0000000008004ba8       0x34 C:\Users\admin\Desktop\firmware\SDK_1.0.3_NUCLEO-F401RE\lib_stm\libLibraries.a(stm32f401re_gpio.o)
                0x0000000008004ba8                GPIO_ReadInputDataBit
 .text.GPIO_SetBits
                0x0000000008004bdc       0x1e C:\Users\admin\Desktop\firmware\SDK_1.0.3_NUCLEO-F401RE\lib_stm\libLibraries.a(stm32f401re_gpio.o)
                0x0000000008004bdc                GPIO_SetBits
 .text.GPIO_ResetBits
                0x0000000008004bfa       0x1e C:\Users\admin\Desktop\firmware\SDK_1.0.3_NUCLEO-F401RE\lib_stm\libLibraries.a(stm32f401re_gpio.o)
                0x0000000008004bfa                GPIO_ResetBits
 .text.GPIO_WriteBit
                0x0000000008004c18       0x30 C:\Users\admin\Desktop\firmware\SDK_1.0.3_NUCLEO-F401RE\lib_stm\libLibraries.a(stm32f401re_gpio.o)
                0x0000000008004c18                GPIO_WriteBit
 .text.GPIO_PinAFConfig
                0x0000000008004c48       0x92 C:\Users\admin\Desktop\firmware\SDK_1.0.3_NUCLEO-F401RE\lib_stm\libLibraries.a(stm32f401re_gpio.o)
                0x0000000008004c48                GPIO_PinAFConfig
 *fill*         0x0000000008004cda        0x2 
 .text.I2C_Init
                0x0000000008004cdc      0x184 C:\Users\admin\Desktop\firmware\SDK_1.0.3_NUCLEO-F401RE\lib_stm\libLibraries.a(stm32f401re_i2c.o)
                0x0000000008004cdc                I2C_Init
 .text.I2C_Cmd  0x0000000008004e60       0x40 C:\Users\admin\Desktop\firmware\SDK_1.0.3_NUCLEO-F401RE\lib_stm\libLibraries.a(stm32f401re_i2c.o)
                0x0000000008004e60                I2C_Cmd
 .text.I2C_GenerateSTART
                0x0000000008004ea0       0x40 C:\Users\admin\Desktop\firmware\SDK_1.0.3_NUCLEO-F401RE\lib_stm\libLibraries.a(stm32f401re_i2c.o)
                0x0000000008004ea0                I2C_GenerateSTART
 .text.I2C_GenerateSTOP
                0x0000000008004ee0       0x40 C:\Users\admin\Desktop\firmware\SDK_1.0.3_NUCLEO-F401RE\lib_stm\libLibraries.a(stm32f401re_i2c.o)
                0x0000000008004ee0                I2C_GenerateSTOP
 .text.I2C_Send7bitAddress
                0x0000000008004f20       0x3c C:\Users\admin\Desktop\firmware\SDK_1.0.3_NUCLEO-F401RE\lib_stm\libLibraries.a(stm32f401re_i2c.o)
                0x0000000008004f20                I2C_Send7bitAddress
 .text.I2C_AcknowledgeConfig
                0x0000000008004f5c       0x40 C:\Users\admin\Desktop\firmware\SDK_1.0.3_NUCLEO-F401RE\lib_stm\libLibraries.a(stm32f401re_i2c.o)
                0x0000000008004f5c                I2C_AcknowledgeConfig
 .text.I2C_SendData
                0x0000000008004f9c       0x20 C:\Users\admin\Desktop\firmware\SDK_1.0.3_NUCLEO-F401RE\lib_stm\libLibraries.a(stm32f401re_i2c.o)
                0x0000000008004f9c                I2C_SendData
 .text.I2C_ReceiveData
                0x0000000008004fbc       0x1c C:\Users\admin\Desktop\firmware\SDK_1.0.3_NUCLEO-F401RE\lib_stm\libLibraries.a(stm32f401re_i2c.o)
                0x0000000008004fbc                I2C_ReceiveData
 .text.I2C_CheckEvent
                0x0000000008004fd8       0x60 C:\Users\admin\Desktop\firmware\SDK_1.0.3_NUCLEO-F401RE\lib_stm\libLibraries.a(stm32f401re_i2c.o)
                0x0000000008004fd8                I2C_CheckEvent
 .text.I2C_GetFlagStatus
                0x0000000008005038       0x66 C:\Users\admin\Desktop\firmware\SDK_1.0.3_NUCLEO-F401RE\lib_stm\libLibraries.a(stm32f401re_i2c.o)
                0x0000000008005038                I2C_GetFlagStatus
 *fill*         0x000000000800509e        0x2 
 .text.RCC_GetClocksFreq
                0x00000000080050a0      0x150 C:\Users\admin\Desktop\firmware\SDK_1.0.3_NUCLEO-F401RE\lib_stm\libLibraries.a(stm32f401re_rcc.o)
                0x00000000080050a0                RCC_GetClocksFreq
 .text.RCC_AHB1PeriphClockCmd
                0x00000000080051f0       0x40 C:\Users\admin\Desktop\firmware\SDK_1.0.3_NUCLEO-F401RE\lib_stm\libLibraries.a(stm32f401re_rcc.o)
                0x00000000080051f0                RCC_AHB1PeriphClockCmd
 .text.RCC_APB1PeriphClockCmd
                0x0000000008005230       0x40 C:\Users\admin\Desktop\firmware\SDK_1.0.3_NUCLEO-F401RE\lib_stm\libLibraries.a(stm32f401re_rcc.o)
                0x0000000008005230                RCC_APB1PeriphClockCmd
 .text.RCC_APB2PeriphClockCmd
                0x0000000008005270       0x40 C:\Users\admin\Desktop\firmware\SDK_1.0.3_NUCLEO-F401RE\lib_stm\libLibraries.a(stm32f401re_rcc.o)
                0x0000000008005270                RCC_APB2PeriphClockCmd
 .text.RCC_APB2PeriphResetCmd
                0x00000000080052b0       0x40 C:\Users\admin\Desktop\firmware\SDK_1.0.3_NUCLEO-F401RE\lib_stm\libLibraries.a(stm32f401re_rcc.o)
                0x00000000080052b0                RCC_APB2PeriphResetCmd
 .text.TIM_TimeBaseInit
                0x00000000080052f0       0xd8 C:\Users\admin\Desktop\firmware\SDK_1.0.3_NUCLEO-F401RE\lib_stm\libLibraries.a(stm32f401re_tim.o)
                0x00000000080052f0                TIM_TimeBaseInit
 .text.TIM_Cmd  0x00000000080053c8       0x40 C:\Users\admin\Desktop\firmware\SDK_1.0.3_NUCLEO-F401RE\lib_stm\libLibraries.a(stm32f401re_tim.o)
                0x00000000080053c8                TIM_Cmd
 .text.TIM_OC1Init
                0x0000000008005408       0xf4 C:\Users\admin\Desktop\firmware\SDK_1.0.3_NUCLEO-F401RE\lib_stm\libLibraries.a(stm32f401re_tim.o)
                0x0000000008005408                TIM_OC1Init
 .text.TIM_OC2Init
                0x00000000080054fc      0x110 C:\Users\admin\Desktop\firmware\SDK_1.0.3_NUCLEO-F401RE\lib_stm\libLibraries.a(stm32f401re_tim.o)
                0x00000000080054fc                TIM_OC2Init
 .text.TIM_OC3Init
                0x000000000800560c      0x10c C:\Users\admin\Desktop\firmware\SDK_1.0.3_NUCLEO-F401RE\lib_stm\libLibraries.a(stm32f401re_tim.o)
                0x000000000800560c                TIM_OC3Init
 .text.TIM_OC4Init
                0x0000000008005718       0xd0 C:\Users\admin\Desktop\firmware\SDK_1.0.3_NUCLEO-F401RE\lib_stm\libLibraries.a(stm32f401re_tim.o)
                0x0000000008005718                TIM_OC4Init
 .text.TIM_SetCompare1
                0x00000000080057e8       0x1c C:\Users\admin\Desktop\firmware\SDK_1.0.3_NUCLEO-F401RE\lib_stm\libLibraries.a(stm32f401re_tim.o)
                0x00000000080057e8                TIM_SetCompare1
 .text.TIM_SetCompare2
                0x0000000008005804       0x1c C:\Users\admin\Desktop\firmware\SDK_1.0.3_NUCLEO-F401RE\lib_stm\libLibraries.a(stm32f401re_tim.o)
                0x0000000008005804                TIM_SetCompare2
 .text.TIM_SetCompare3
                0x0000000008005820       0x1c C:\Users\admin\Desktop\firmware\SDK_1.0.3_NUCLEO-F401RE\lib_stm\libLibraries.a(stm32f401re_tim.o)
                0x0000000008005820                TIM_SetCompare3
 .text.TIM_SetCompare4
                0x000000000800583c       0x1c C:\Users\admin\Desktop\firmware\SDK_1.0.3_NUCLEO-F401RE\lib_stm\libLibraries.a(stm32f401re_tim.o)
                0x000000000800583c                TIM_SetCompare4
 .text.TIM_CtrlPWMOutputs
                0x0000000008005858       0x4c C:\Users\admin\Desktop\firmware\SDK_1.0.3_NUCLEO-F401RE\lib_stm\libLibraries.a(stm32f401re_tim.o)
                0x0000000008005858                TIM_CtrlPWMOutputs
 .text.USART_Init
                0x00000000080058a4      0x174 C:\Users\admin\Desktop\firmware\SDK_1.0.3_NUCLEO-F401RE\lib_stm\libLibraries.a(stm32f401re_usart.o)
                0x00000000080058a4                USART_Init
 .text.USART_Cmd
                0x0000000008005a18       0x40 C:\Users\admin\Desktop\firmware\SDK_1.0.3_NUCLEO-F401RE\lib_stm\libLibraries.a(stm32f401re_usart.o)
                0x0000000008005a18                USART_Cmd
 .text.USART_ReceiveData
                0x0000000008005a58       0x20 C:\Users\admin\Desktop\firmware\SDK_1.0.3_NUCLEO-F401RE\lib_stm\libLibraries.a(stm32f401re_usart.o)
                0x0000000008005a58                USART_ReceiveData
 .text.USART_ITConfig
                0x0000000008005a78       0x90 C:\Users\admin\Desktop\firmware\SDK_1.0.3_NUCLEO-F401RE\lib_stm\libLibraries.a(stm32f401re_usart.o)
                0x0000000008005a78                USART_ITConfig
 .text.USART_GetITStatus
                0x0000000008005b08       0xb6 C:\Users\admin\Desktop\firmware\SDK_1.0.3_NUCLEO-F401RE\lib_stm\libLibraries.a(stm32f401re_usart.o)
                0x0000000008005b08                USART_GetITStatus
 .text.USART_ClearITPendingBit
                0x0000000008005bbe       0x3a C:\Users\admin\Desktop\firmware\SDK_1.0.3_NUCLEO-F401RE\lib_stm\libLibraries.a(stm32f401re_usart.o)
                0x0000000008005bbe                USART_ClearITPendingBit
 .text.Button_Init
                0x0000000008005bf8       0xbc C:\Users\admin\Desktop\firmware\SDK_1.0.3_NUCLEO-F401RE\lib_stm\libLibraries.a(button.o)
                0x0000000008005bf8                Button_Init
 .text.Button_SetMode
                0x0000000008005cb4       0x3c C:\Users\admin\Desktop\firmware\SDK_1.0.3_NUCLEO-F401RE\lib_stm\libLibraries.a(button.o)
                0x0000000008005cb4                Button_SetMode
 .text.Button_RegisterEventCallback
                0x0000000008005cf0       0x28 C:\Users\admin\Desktop\firmware\SDK_1.0.3_NUCLEO-F401RE\lib_stm\libLibraries.a(button.o)
                0x0000000008005cf0                Button_RegisterEventCallback
 .text.ButtonScanTypeEdge
                0x0000000008005d18      0x1fc C:\Users\admin\Desktop\firmware\SDK_1.0.3_NUCLEO-F401RE\lib_stm\libLibraries.a(button.o)
 .text.ButtonScan
                0x0000000008005f14       0x4c C:\Users\admin\Desktop\firmware\SDK_1.0.3_NUCLEO-F401RE\lib_stm\libLibraries.a(button.o)
 .text.BTNGPIO_Init
                0x0000000008005f60       0x6c C:\Users\admin\Desktop\firmware\SDK_1.0.3_NUCLEO-F401RE\lib_stm\libLibraries.a(button.o)
 .text.ucg_clip_is_x_visible
                0x0000000008005fcc       0x4a C:\Users\admin\Desktop\firmware\SDK_1.0.3_NUCLEO-F401RE\lib_stm\libLibraries.a(ucg_clip.o)
 .text.ucg_clip_is_y_visible
                0x0000000008006016       0x4a C:\Users\admin\Desktop\firmware\SDK_1.0.3_NUCLEO-F401RE\lib_stm\libLibraries.a(ucg_clip.o)
 .text.ucg_clip_intersection
                0x0000000008006060       0x74 C:\Users\admin\Desktop\firmware\SDK_1.0.3_NUCLEO-F401RE\lib_stm\libLibraries.a(ucg_clip.o)
 .text.ucg_clip_is_pixel_visible
                0x00000000080060d4       0x32 C:\Users\admin\Desktop\firmware\SDK_1.0.3_NUCLEO-F401RE\lib_stm\libLibraries.a(ucg_clip.o)
                0x00000000080060d4                ucg_clip_is_pixel_visible
 *fill*         0x0000000008006106        0x2 
 .text.ucg_clip_l90fx
                0x0000000008006108      0x300 C:\Users\admin\Desktop\firmware\SDK_1.0.3_NUCLEO-F401RE\lib_stm\libLibraries.a(ucg_clip.o)
                0x0000000008006108                ucg_clip_l90fx
 .text.ucg_clip_l90se
                0x0000000008006408       0x54 C:\Users\admin\Desktop\firmware\SDK_1.0.3_NUCLEO-F401RE\lib_stm\libLibraries.a(ucg_clip.o)
                0x0000000008006408                ucg_clip_l90se
 .text.ucg_com_PowerDown
                0x000000000800645c       0x3e C:\Users\admin\Desktop\firmware\SDK_1.0.3_NUCLEO-F401RE\lib_stm\libLibraries.a(ucg_com_msg_api.o)
                0x000000000800645c                ucg_com_PowerDown
 .text.ucg_com_PowerUp
                0x000000000800649a       0x60 C:\Users\admin\Desktop\firmware\SDK_1.0.3_NUCLEO-F401RE\lib_stm\libLibraries.a(ucg_com_msg_api.o)
                0x000000000800649a                ucg_com_PowerUp
 .text.ucg_com_SetLineStatus
                0x00000000080064fa       0xe2 C:\Users\admin\Desktop\firmware\SDK_1.0.3_NUCLEO-F401RE\lib_stm\libLibraries.a(ucg_com_msg_api.o)
                0x00000000080064fa                ucg_com_SetLineStatus
 .text.ucg_com_SetResetLineStatus
                0x00000000080065dc       0x20 C:\Users\admin\Desktop\firmware\SDK_1.0.3_NUCLEO-F401RE\lib_stm\libLibraries.a(ucg_com_msg_api.o)
                0x00000000080065dc                ucg_com_SetResetLineStatus
 .text.ucg_com_SetCSLineStatus
                0x00000000080065fc       0x20 C:\Users\admin\Desktop\firmware\SDK_1.0.3_NUCLEO-F401RE\lib_stm\libLibraries.a(ucg_com_msg_api.o)
                0x00000000080065fc                ucg_com_SetCSLineStatus
 .text.ucg_com_SetCDLineStatus
                0x000000000800661c       0x20 C:\Users\admin\Desktop\firmware\SDK_1.0.3_NUCLEO-F401RE\lib_stm\libLibraries.a(ucg_com_msg_api.o)
                0x000000000800661c                ucg_com_SetCDLineStatus
 .text.ucg_com_DelayMicroseconds
                0x000000000800663c       0x22 C:\Users\admin\Desktop\firmware\SDK_1.0.3_NUCLEO-F401RE\lib_stm\libLibraries.a(ucg_com_msg_api.o)
                0x000000000800663c                ucg_com_DelayMicroseconds
 .text.ucg_com_DelayMilliseconds
                0x000000000800665e       0x2c C:\Users\admin\Desktop\firmware\SDK_1.0.3_NUCLEO-F401RE\lib_stm\libLibraries.a(ucg_com_msg_api.o)
                0x000000000800665e                ucg_com_DelayMilliseconds
 .text.ucg_com_SendByte
                0x000000000800668a       0x24 C:\Users\admin\Desktop\firmware\SDK_1.0.3_NUCLEO-F401RE\lib_stm\libLibraries.a(ucg_com_msg_api.o)
                0x000000000800668a                ucg_com_SendByte
 .text.ucg_com_SendStringP
                0x00000000080066ae       0x40 C:\Users\admin\Desktop\firmware\SDK_1.0.3_NUCLEO-F401RE\lib_stm\libLibraries.a(ucg_com_msg_api.o)
                0x00000000080066ae                ucg_com_SendStringP
 .text.ucg_com_SendCmdArg
                0x00000000080066ee       0x74 C:\Users\admin\Desktop\firmware\SDK_1.0.3_NUCLEO-F401RE\lib_stm\libLibraries.a(ucg_com_msg_api.o)
 *fill*         0x0000000008006762        0x2 
 .text.ucg_com_SendCmdSeq
                0x0000000008006764      0x278 C:\Users\admin\Desktop\firmware\SDK_1.0.3_NUCLEO-F401RE\lib_stm\libLibraries.a(ucg_com_msg_api.o)
                0x0000000008006764                ucg_com_SendCmdSeq
 .text.__errno  0x00000000080069dc        0xc c:/st/stm32cubeide_1.7.0/stm32cubeide/plugins/com.st.stm32cube.ide.mcu.externaltools.gnu-tools-for-stm32.9-2020-q2-update.win32_2.0.0.202105311346/tools/bin/../lib/gcc/arm-none-eabi/9.3.1/../../../../arm-none-eabi/lib/thumb/v7e-m+fp/hard\libc_nano.a(lib_a-errno.o)
                0x00000000080069dc                __errno
 .text.__libc_init_array
                0x00000000080069e8       0x48 c:/st/stm32cubeide_1.7.0/stm32cubeide/plugins/com.st.stm32cube.ide.mcu.externaltools.gnu-tools-for-stm32.9-2020-q2-update.win32_2.0.0.202105311346/tools/bin/../lib/gcc/arm-none-eabi/9.3.1/../../../../arm-none-eabi/lib/thumb/v7e-m+fp/hard\libc_nano.a(lib_a-init.o)
                0x00000000080069e8                __libc_init_array
 .text.sprintf  0x0000000008006a30       0x40 c:/st/stm32cubeide_1.7.0/stm32cubeide/plugins/com.st.stm32cube.ide.mcu.externaltools.gnu-tools-for-stm32.9-2020-q2-update.win32_2.0.0.202105311346/tools/bin/../lib/gcc/arm-none-eabi/9.3.1/../../../../arm-none-eabi/lib/thumb/v7e-m+fp/hard\libc_nano.a(lib_a-sprintf.o)
                0x0000000008006a30                siprintf
                0x0000000008006a30                sprintf
 .text.__ssputs_r
                0x0000000008006a70       0xb6 c:/st/stm32cubeide_1.7.0/stm32cubeide/plugins/com.st.stm32cube.ide.mcu.externaltools.gnu-tools-for-stm32.9-2020-q2-update.win32_2.0.0.202105311346/tools/bin/../lib/gcc/arm-none-eabi/9.3.1/../../../../arm-none-eabi/lib/thumb/v7e-m+fp/hard\libc_nano.a(lib_a-nano-svfprintf.o)
                0x0000000008006a70                __ssputs_r
 *fill*         0x0000000008006b26        0x2 
 .text._svfprintf_r
                0x0000000008006b28      0x200 c:/st/stm32cubeide_1.7.0/stm32cubeide/plugins/com.st.stm32cube.ide.mcu.externaltools.gnu-tools-for-stm32.9-2020-q2-update.win32_2.0.0.202105311346/tools/bin/../lib/gcc/arm-none-eabi/9.3.1/../../../../arm-none-eabi/lib/thumb/v7e-m+fp/hard\libc_nano.a(lib_a-nano-svfprintf.o)
                0x0000000008006b28                _svfiprintf_r
                0x0000000008006b28                _svfprintf_r
 .text._printf_common
                0x0000000008006d28       0xda c:/st/stm32cubeide_1.7.0/stm32cubeide/plugins/com.st.stm32cube.ide.mcu.externaltools.gnu-tools-for-stm32.9-2020-q2-update.win32_2.0.0.202105311346/tools/bin/../lib/gcc/arm-none-eabi/9.3.1/../../../../arm-none-eabi/lib/thumb/v7e-m+fp/hard\libc_nano.a(lib_a-nano-vfprintf_i.o)
                0x0000000008006d28                _printf_common
 *fill*         0x0000000008006e02        0x2 
 .text._printf_i
                0x0000000008006e04      0x24c c:/st/stm32cubeide_1.7.0/stm32cubeide/plugins/com.st.stm32cube.ide.mcu.externaltools.gnu-tools-for-stm32.9-2020-q2-update.win32_2.0.0.202105311346/tools/bin/../lib/gcc/arm-none-eabi/9.3.1/../../../../arm-none-eabi/lib/thumb/v7e-m+fp/hard\libc_nano.a(lib_a-nano-vfprintf_i.o)
                0x0000000008006e04                _printf_i
 .text.memcpy   0x0000000008007050       0x1c c:/st/stm32cubeide_1.7.0/stm32cubeide/plugins/com.st.stm32cube.ide.mcu.externaltools.gnu-tools-for-stm32.9-2020-q2-update.win32_2.0.0.202105311346/tools/bin/../lib/gcc/arm-none-eabi/9.3.1/../../../../arm-none-eabi/lib/thumb/v7e-m+fp/hard\libc_nano.a(lib_a-memcpy-stub.o)
                0x0000000008007050                memcpy
 .text.memmove  0x000000000800706c       0x34 c:/st/stm32cubeide_1.7.0/stm32cubeide/plugins/com.st.stm32cube.ide.mcu.externaltools.gnu-tools-for-stm32.9-2020-q2-update.win32_2.0.0.202105311346/tools/bin/../lib/gcc/arm-none-eabi/9.3.1/../../../../arm-none-eabi/lib/thumb/v7e-m+fp/hard\libc_nano.a(lib_a-memmove.o)
                0x000000000800706c                memmove
 .text._free_r  0x00000000080070a0       0xa0 c:/st/stm32cubeide_1.7.0/stm32cubeide/plugins/com.st.stm32cube.ide.mcu.externaltools.gnu-tools-for-stm32.9-2020-q2-update.win32_2.0.0.202105311346/tools/bin/../lib/gcc/arm-none-eabi/9.3.1/../../../../arm-none-eabi/lib/thumb/v7e-m+fp/hard\libc_nano.a(lib_a-nano-freer.o)
                0x00000000080070a0                _free_r
 .text._malloc_r
                0x0000000008007140       0xb4 c:/st/stm32cubeide_1.7.0/stm32cubeide/plugins/com.st.stm32cube.ide.mcu.externaltools.gnu-tools-for-stm32.9-2020-q2-update.win32_2.0.0.202105311346/tools/bin/../lib/gcc/arm-none-eabi/9.3.1/../../../../arm-none-eabi/lib/thumb/v7e-m+fp/hard\libc_nano.a(lib_a-nano-mallocr.o)
                0x0000000008007140                _malloc_r
 .text._realloc_r
                0x00000000080071f4       0x4c c:/st/stm32cubeide_1.7.0/stm32cubeide/plugins/com.st.stm32cube.ide.mcu.externaltools.gnu-tools-for-stm32.9-2020-q2-update.win32_2.0.0.202105311346/tools/bin/../lib/gcc/arm-none-eabi/9.3.1/../../../../arm-none-eabi/lib/thumb/v7e-m+fp/hard\libc_nano.a(lib_a-nano-reallocr.o)
                0x00000000080071f4                _realloc_r
 .text._sbrk_r  0x0000000008007240       0x20 c:/st/stm32cubeide_1.7.0/stm32cubeide/plugins/com.st.stm32cube.ide.mcu.externaltools.gnu-tools-for-stm32.9-2020-q2-update.win32_2.0.0.202105311346/tools/bin/../lib/gcc/arm-none-eabi/9.3.1/../../../../arm-none-eabi/lib/thumb/v7e-m+fp/hard\libc_nano.a(lib_a-sbrkr.o)
                0x0000000008007240                _sbrk_r
 .text.__malloc_lock
                0x0000000008007260        0xc c:/st/stm32cubeide_1.7.0/stm32cubeide/plugins/com.st.stm32cube.ide.mcu.externaltools.gnu-tools-for-stm32.9-2020-q2-update.win32_2.0.0.202105311346/tools/bin/../lib/gcc/arm-none-eabi/9.3.1/../../../../arm-none-eabi/lib/thumb/v7e-m+fp/hard\libc_nano.a(lib_a-mlock.o)
                0x0000000008007260                __malloc_lock
 .text.__malloc_unlock
                0x000000000800726c        0xc c:/st/stm32cubeide_1.7.0/stm32cubeide/plugins/com.st.stm32cube.ide.mcu.externaltools.gnu-tools-for-stm32.9-2020-q2-update.win32_2.0.0.202105311346/tools/bin/../lib/gcc/arm-none-eabi/9.3.1/../../../../arm-none-eabi/lib/thumb/v7e-m+fp/hard\libc_nano.a(lib_a-mlock.o)
                0x000000000800726c                __malloc_unlock
 .text._malloc_usable_size_r
                0x0000000008007278       0x10 c:/st/stm32cubeide_1.7.0/stm32cubeide/plugins/com.st.stm32cube.ide.mcu.externaltools.gnu-tools-for-stm32.9-2020-q2-update.win32_2.0.0.202105311346/tools/bin/../lib/gcc/arm-none-eabi/9.3.1/../../../../arm-none-eabi/lib/thumb/v7e-m+fp/hard\libc_nano.a(lib_a-nano-msizer.o)
                0x0000000008007278                _malloc_usable_size_r
 .text.__retarget_lock_acquire_recursive
                0x0000000008007288        0x2 c:/st/stm32cubeide_1.7.0/stm32cubeide/plugins/com.st.stm32cube.ide.mcu.externaltools.gnu-tools-for-stm32.9-2020-q2-update.win32_2.0.0.202105311346/tools/bin/../lib/gcc/arm-none-eabi/9.3.1/../../../../arm-none-eabi/lib/thumb/v7e-m+fp/hard\libc_nano.a(lib_a-lock.o)
                0x0000000008007288                __retarget_lock_acquire_recursive
 .text.__retarget_lock_release_recursive
                0x000000000800728a        0x2 c:/st/stm32cubeide_1.7.0/stm32cubeide/plugins/com.st.stm32cube.ide.mcu.externaltools.gnu-tools-for-stm32.9-2020-q2-update.win32_2.0.0.202105311346/tools/bin/../lib/gcc/arm-none-eabi/9.3.1/../../../../arm-none-eabi/lib/thumb/v7e-m+fp/hard\libc_nano.a(lib_a-lock.o)
                0x000000000800728a                __retarget_lock_release_recursive
 *(.glue_7)
 .glue_7        0x000000000800728c        0x0 linker stubs
 *(.glue_7t)
 .glue_7t       0x000000000800728c        0x0 linker stubs
 *(.eh_frame)
 .eh_frame      0x000000000800728c        0x0 c:/st/stm32cubeide_1.7.0/stm32cubeide/plugins/com.st.stm32cube.ide.mcu.externaltools.gnu-tools-for-stm32.9-2020-q2-update.win32_2.0.0.202105311346/tools/bin/../lib/gcc/arm-none-eabi/9.3.1/thumb/v7e-m+fp/hard/crtbegin.o
 *(.init)
 .init          0x000000000800728c        0x4 c:/st/stm32cubeide_1.7.0/stm32cubeide/plugins/com.st.stm32cube.ide.mcu.externaltools.gnu-tools-for-stm32.9-2020-q2-update.win32_2.0.0.202105311346/tools/bin/../lib/gcc/arm-none-eabi/9.3.1/thumb/v7e-m+fp/hard/crti.o
                0x000000000800728c                _init
 .init          0x0000000008007290        0x8 c:/st/stm32cubeide_1.7.0/stm32cubeide/plugins/com.st.stm32cube.ide.mcu.externaltools.gnu-tools-for-stm32.9-2020-q2-update.win32_2.0.0.202105311346/tools/bin/../lib/gcc/arm-none-eabi/9.3.1/thumb/v7e-m+fp/hard/crtn.o
 *(.fini)
 .fini          0x0000000008007298        0x4 c:/st/stm32cubeide_1.7.0/stm32cubeide/plugins/com.st.stm32cube.ide.mcu.externaltools.gnu-tools-for-stm32.9-2020-q2-update.win32_2.0.0.202105311346/tools/bin/../lib/gcc/arm-none-eabi/9.3.1/thumb/v7e-m+fp/hard/crti.o
                0x0000000008007298                _fini
 .fini          0x000000000800729c        0x8 c:/st/stm32cubeide_1.7.0/stm32cubeide/plugins/com.st.stm32cube.ide.mcu.externaltools.gnu-tools-for-stm32.9-2020-q2-update.win32_2.0.0.202105311346/tools/bin/../lib/gcc/arm-none-eabi/9.3.1/thumb/v7e-m+fp/hard/crtn.o
                0x00000000080072a4                . = ALIGN (0x4)
                0x00000000080072a4                _etext = .

.vfp11_veneer   0x00000000080072a4        0x0
 .vfp11_veneer  0x00000000080072a4        0x0 linker stubs

.v4_bx          0x00000000080072a4        0x0
 .v4_bx         0x00000000080072a4        0x0 linker stubs

.iplt           0x00000000080072a4        0x0
 .iplt          0x00000000080072a4        0x0 c:/st/stm32cubeide_1.7.0/stm32cubeide/plugins/com.st.stm32cube.ide.mcu.externaltools.gnu-tools-for-stm32.9-2020-q2-update.win32_2.0.0.202105311346/tools/bin/../lib/gcc/arm-none-eabi/9.3.1/thumb/v7e-m+fp/hard/crtbegin.o

.rodata         0x00000000080072a4      0xacc
                0x00000000080072a4                . = ALIGN (0x4)
 *(.rodata)
 .rodata        0x00000000080072a4      0x10f ./Src/main.o
 *fill*         0x00000000080073b3        0x1 
 .rodata        0x00000000080073b4        0x5 C:\Users\admin\Desktop\firmware\SDK_1.0.3_NUCLEO-F401RE\lib_stm\libLibraries.a(buzzer.o)
 *fill*         0x00000000080073b9        0x3 
 .rodata        0x00000000080073bc        0x9 C:\Users\admin\Desktop\firmware\SDK_1.0.3_NUCLEO-F401RE\lib_stm\libLibraries.a(led.o)
 *fill*         0x00000000080073c5        0x3 
 .rodata        0x00000000080073c8       0x16 C:\Users\admin\Desktop\firmware\SDK_1.0.3_NUCLEO-F401RE\lib_stm\libLibraries.a(temhumsensor.o)
 *fill*         0x00000000080073de        0x2 
 .rodata        0x00000000080073e0        0xf C:\Users\admin\Desktop\firmware\SDK_1.0.3_NUCLEO-F401RE\lib_stm\libLibraries.a(ucg_font.o)
 *fill*         0x00000000080073ef        0x1 
 .rodata        0x00000000080073f0        0x1 C:\Users\admin\Desktop\firmware\SDK_1.0.3_NUCLEO-F401RE\lib_stm\libLibraries.a(button.o)
 *(.rodata*)
 *fill*         0x00000000080073f1        0x3 
 .rodata.pinBuzz
                0x00000000080073f4        0x8 C:\Users\admin\Desktop\firmware\SDK_1.0.3_NUCLEO-F401RE\lib_stm\libLibraries.a(buzzer.o)
 .rodata.ucg_st7735_set_pos_seq
                0x00000000080073fc       0x1e C:\Users\admin\Desktop\firmware\SDK_1.0.3_NUCLEO-F401RE\lib_stm\libLibraries.a(ucg_dev_ic_st7735.o)
                0x00000000080073fc                ucg_st7735_set_pos_seq
 *fill*         0x000000000800741a        0x2 
 .rodata.ucg_st7735_set_pos_dir0_seq
                0x000000000800741c       0x1e C:\Users\admin\Desktop\firmware\SDK_1.0.3_NUCLEO-F401RE\lib_stm\libLibraries.a(ucg_dev_ic_st7735.o)
                0x000000000800741c                ucg_st7735_set_pos_dir0_seq
 *fill*         0x000000000800743a        0x2 
 .rodata.ucg_st7735_set_pos_dir1_seq
                0x000000000800743c       0x21 C:\Users\admin\Desktop\firmware\SDK_1.0.3_NUCLEO-F401RE\lib_stm\libLibraries.a(ucg_dev_ic_st7735.o)
                0x000000000800743c                ucg_st7735_set_pos_dir1_seq
 *fill*         0x000000000800745d        0x3 
 .rodata.ucg_st7735_set_pos_dir2_seq
                0x0000000008007460       0x21 C:\Users\admin\Desktop\firmware\SDK_1.0.3_NUCLEO-F401RE\lib_stm\libLibraries.a(ucg_dev_ic_st7735.o)
                0x0000000008007460                ucg_st7735_set_pos_dir2_seq
 *fill*         0x0000000008007481        0x3 
 .rodata.ucg_st7735_set_pos_dir3_seq
                0x0000000008007484       0x24 C:\Users\admin\Desktop\firmware\SDK_1.0.3_NUCLEO-F401RE\lib_stm\libLibraries.a(ucg_dev_ic_st7735.o)
                0x0000000008007484                ucg_st7735_set_pos_dir3_seq
 .rodata.ucg_st7735_power_down_seq
                0x00000000080074a8        0x7 C:\Users\admin\Desktop\firmware\SDK_1.0.3_NUCLEO-F401RE\lib_stm\libLibraries.a(ucg_dev_ic_st7735.o)
 *fill*         0x00000000080074af        0x1 
 .rodata.ucg_tft_128x160_st7735_init_seq
                0x00000000080074b0       0x2c C:\Users\admin\Desktop\firmware\SDK_1.0.3_NUCLEO-F401RE\lib_stm\libLibraries.a(ucg_dev_tft_128x128_st7735.o)
 .rodata.ucg_font_04b_03_hf
                0x00000000080074dc      0x382 C:\Users\admin\Desktop\firmware\SDK_1.0.3_NUCLEO-F401RE\lib_stm\libLibraries.a(ucg_pixel_font_data.o)
                0x00000000080074dc                ucg_font_04b_03_hf
 *fill*         0x000000000800785e        0x2 
 .rodata.ucg_font_9x15_tr
                0x0000000008007860      0x4da C:\Users\admin\Desktop\firmware\SDK_1.0.3_NUCLEO-F401RE\lib_stm\libLibraries.a(ucg_pixel_font_data.o)
                0x0000000008007860                ucg_font_9x15_tr
 .rodata._svfprintf_r.str1.1
                0x0000000008007d3a       0x11 c:/st/stm32cubeide_1.7.0/stm32cubeide/plugins/com.st.stm32cube.ide.mcu.externaltools.gnu-tools-for-stm32.9-2020-q2-update.win32_2.0.0.202105311346/tools/bin/../lib/gcc/arm-none-eabi/9.3.1/../../../../arm-none-eabi/lib/thumb/v7e-m+fp/hard\libc_nano.a(lib_a-nano-svfprintf.o)
 .rodata._printf_i.str1.1
                0x0000000008007d4b       0x22 c:/st/stm32cubeide_1.7.0/stm32cubeide/plugins/com.st.stm32cube.ide.mcu.externaltools.gnu-tools-for-stm32.9-2020-q2-update.win32_2.0.0.202105311346/tools/bin/../lib/gcc/arm-none-eabi/9.3.1/../../../../arm-none-eabi/lib/thumb/v7e-m+fp/hard\libc_nano.a(lib_a-nano-vfprintf_i.o)
                0x0000000008007d70                . = ALIGN (0x4)
 *fill*         0x0000000008007d6d        0x3 

.rel.dyn        0x0000000008007d70        0x0
 .rel.iplt      0x0000000008007d70        0x0 c:/st/stm32cubeide_1.7.0/stm32cubeide/plugins/com.st.stm32cube.ide.mcu.externaltools.gnu-tools-for-stm32.9-2020-q2-update.win32_2.0.0.202105311346/tools/bin/../lib/gcc/arm-none-eabi/9.3.1/thumb/v7e-m+fp/hard/crtbegin.o

.ARM.extab      0x0000000008007d70        0x0
                0x0000000008007d70                . = ALIGN (0x4)
 *(.ARM.extab* .gnu.linkonce.armextab.*)
                0x0000000008007d70                . = ALIGN (0x4)

.ARM            0x0000000008007d70        0x0
                0x0000000008007d70                . = ALIGN (0x4)
                0x0000000008007d70                __exidx_start = .
 *(.ARM.exidx*)
                0x0000000008007d70                __exidx_end = .
                0x0000000008007d70                . = ALIGN (0x4)

.preinit_array  0x0000000008007d70        0x0
                0x0000000008007d70                . = ALIGN (0x4)
                0x0000000008007d70                PROVIDE (__preinit_array_start = .)
 *(.preinit_array*)
                0x0000000008007d70                PROVIDE (__preinit_array_end = .)
                0x0000000008007d70                . = ALIGN (0x4)

.init_array     0x0000000008007d70        0x4
                0x0000000008007d70                . = ALIGN (0x4)
                0x0000000008007d70                PROVIDE (__init_array_start = .)
 *(SORT_BY_NAME(.init_array.*))
 *(.init_array*)
 .init_array    0x0000000008007d70        0x4 c:/st/stm32cubeide_1.7.0/stm32cubeide/plugins/com.st.stm32cube.ide.mcu.externaltools.gnu-tools-for-stm32.9-2020-q2-update.win32_2.0.0.202105311346/tools/bin/../lib/gcc/arm-none-eabi/9.3.1/thumb/v7e-m+fp/hard/crtbegin.o
                0x0000000008007d74                PROVIDE (__init_array_end = .)
                0x0000000008007d74                . = ALIGN (0x4)

.fini_array     0x0000000008007d74        0x4
                0x0000000008007d74                . = ALIGN (0x4)
                [!provide]                        PROVIDE (__fini_array_start = .)
 *(SORT_BY_NAME(.fini_array.*))
 *(.fini_array*)
 .fini_array    0x0000000008007d74        0x4 c:/st/stm32cubeide_1.7.0/stm32cubeide/plugins/com.st.stm32cube.ide.mcu.externaltools.gnu-tools-for-stm32.9-2020-q2-update.win32_2.0.0.202105311346/tools/bin/../lib/gcc/arm-none-eabi/9.3.1/thumb/v7e-m+fp/hard/crtbegin.o
                [!provide]                        PROVIDE (__fini_array_end = .)
                0x0000000008007d78                . = ALIGN (0x4)
                0x0000000008007d78                _sidata = LOADADDR (.data)

.data           0x0000000020000000       0xd0 load address 0x0000000008007d78
                0x0000000020000000                . = ALIGN (0x4)
                0x0000000020000000                _sdata = .
 *(.data)
 *(.data*)
 .data.idTimerDimmerLevelChange
                0x0000000020000000        0x1 ./Src/main.o
 *fill*         0x0000000020000001        0x3 
 .data.SystemCoreClock
                0x0000000020000004        0x4 C:\Users\admin\Desktop\firmware\SDK_1.0.3_NUCLEO-F401RE\lib_stm\libLibraries.a(system_stm32f4xx.o)
                0x0000000020000004                SystemCoreClock
 .data.AHBPrescTable
                0x0000000020000008       0x10 C:\Users\admin\Desktop\firmware\SDK_1.0.3_NUCLEO-F401RE\lib_stm\libLibraries.a(system_stm32f4xx.o)
                0x0000000020000008                AHBPrescTable
 .data.idBuzz   0x0000000020000018        0x1 C:\Users\admin\Desktop\firmware\SDK_1.0.3_NUCLEO-F401RE\lib_stm\libLibraries.a(buzzer.o)
 *fill*         0x0000000020000019        0x3 
 .data.pbeep    0x000000002000001c        0x8 C:\Users\admin\Desktop\firmware\SDK_1.0.3_NUCLEO-F401RE\lib_stm\libLibraries.a(melody.o)
                0x000000002000001c                pbeep
 .data.blinkTimer
                0x0000000020000024        0x1 C:\Users\admin\Desktop\firmware\SDK_1.0.3_NUCLEO-F401RE\lib_stm\libLibraries.a(led.o)
 .data.g_byTimeWaitGetTemp
                0x0000000020000025        0x1 C:\Users\admin\Desktop\firmware\SDK_1.0.3_NUCLEO-F401RE\lib_stm\libLibraries.a(temhumsensor.o)
 .data.g_byTimeWaitGetHumi
                0x0000000020000026        0x1 C:\Users\admin\Desktop\firmware\SDK_1.0.3_NUCLEO-F401RE\lib_stm\libLibraries.a(temhumsensor.o)
 .data.idTaskScanDecodeLen
                0x0000000020000027        0x1 C:\Users\admin\Desktop\firmware\SDK_1.0.3_NUCLEO-F401RE\lib_stm\libLibraries.a(ucg_font.o)
 .data.APBAHBPrescTable
                0x0000000020000028       0x10 C:\Users\admin\Desktop\firmware\SDK_1.0.3_NUCLEO-F401RE\lib_stm\libLibraries.a(stm32f401re_rcc.o)
 .data.pinBtnPad
                0x0000000020000038       0x30 C:\Users\admin\Desktop\firmware\SDK_1.0.3_NUCLEO-F401RE\lib_stm\libLibraries.a(button.o)
 .data.idTaskScanButton
                0x0000000020000068        0x1 C:\Users\admin\Desktop\firmware\SDK_1.0.3_NUCLEO-F401RE\lib_stm\libLibraries.a(button.o)
 *fill*         0x0000000020000069        0x3 
 .data._impure_ptr
                0x000000002000006c        0x4 c:/st/stm32cubeide_1.7.0/stm32cubeide/plugins/com.st.stm32cube.ide.mcu.externaltools.gnu-tools-for-stm32.9-2020-q2-update.win32_2.0.0.202105311346/tools/bin/../lib/gcc/arm-none-eabi/9.3.1/../../../../arm-none-eabi/lib/thumb/v7e-m+fp/hard\libc_nano.a(lib_a-impure.o)
                0x000000002000006c                _impure_ptr
 .data.impure_data
                0x0000000020000070       0x60 c:/st/stm32cubeide_1.7.0/stm32cubeide/plugins/com.st.stm32cube.ide.mcu.externaltools.gnu-tools-for-stm32.9-2020-q2-update.win32_2.0.0.202105311346/tools/bin/../lib/gcc/arm-none-eabi/9.3.1/../../../../arm-none-eabi/lib/thumb/v7e-m+fp/hard\libc_nano.a(lib_a-impure.o)
 *(.RamFunc)
 *(.RamFunc*)
                0x00000000200000d0                . = ALIGN (0x4)
                0x00000000200000d0                _edata = .

.igot.plt       0x00000000200000d0        0x0 load address 0x0000000008007e48
 .igot.plt      0x00000000200000d0        0x0 c:/st/stm32cubeide_1.7.0/stm32cubeide/plugins/com.st.stm32cube.ide.mcu.externaltools.gnu-tools-for-stm32.9-2020-q2-update.win32_2.0.0.202105311346/tools/bin/../lib/gcc/arm-none-eabi/9.3.1/thumb/v7e-m+fp/hard/crtbegin.o
                0x00000000200000d0                . = ALIGN (0x4)

.bss            0x00000000200000d0     0x1608 load address 0x0000000008007e48
                0x00000000200000d0                _sbss = .
                0x00000000200000d0                __bss_start__ = _sbss
 *(.bss)
 .bss           0x00000000200000d0       0x1c c:/st/stm32cubeide_1.7.0/stm32cubeide/plugins/com.st.stm32cube.ide.mcu.externaltools.gnu-tools-for-stm32.9-2020-q2-update.win32_2.0.0.202105311346/tools/bin/../lib/gcc/arm-none-eabi/9.3.1/thumb/v7e-m+fp/hard/crtbegin.o
 *(.bss*)
 .bss.ucg       0x00000000200000ec       0xb4 ./Src/main.o
 .bss.isPressed
                0x00000000200001a0        0x4 ./Src/main.o
                0x00000000200001a0                isPressed
 .bss.src1      0x00000000200001a4       0x14 ./Src/main.o
 .bss.src2      0x00000000200001b8       0x14 ./Src/main.o
 .bss.src3      0x00000000200001cc       0x14 ./Src/main.o
 .bss.time_current
                0x00000000200001e0        0x4 ./Src/main.o
 .bss.time_initial
                0x00000000200001e4        0x4 ./Src/main.o
 .bss.time_total
                0x00000000200001e8        0x4 ./Src/main.o
 .bss.temperature
                0x00000000200001ec        0x1 ./Src/main.o
 .bss.humidity  0x00000000200001ed        0x1 ./Src/main.o
 .bss.light     0x00000000200001ee        0x1 ./Src/main.o
 *fill*         0x00000000200001ef        0x1 
 .bss.level     0x00000000200001f0        0x4 ./Src/main.o
                0x00000000200001f0                level
 .bss.__sbrk_heap_end
                0x00000000200001f4        0x4 ./Src/sysmem.o
 .bss.bBuzzInit
                0x00000000200001f8        0x1 C:\Users\admin\Desktop\firmware\SDK_1.0.3_NUCLEO-F401RE\lib_stm\libLibraries.a(buzzer.o)
 *fill*         0x00000000200001f9        0x3 
 .bss.gpToneList
                0x00000000200001fc        0x4 C:\Users\admin\Desktop\firmware\SDK_1.0.3_NUCLEO-F401RE\lib_stm\libLibraries.a(buzzer.o)
 .bss.ledBlink  0x0000000020000200        0x8 C:\Users\admin\Desktop\firmware\SDK_1.0.3_NUCLEO-F401RE\lib_stm\libLibraries.a(led.o)
 .bss.g_brightnessLed
                0x0000000020000208        0x1 C:\Users\admin\Desktop\firmware\SDK_1.0.3_NUCLEO-F401RE\lib_stm\libLibraries.a(led.o)
 .bss.bToggleAll.7549
                0x0000000020000209        0x1 C:\Users\admin\Desktop\firmware\SDK_1.0.3_NUCLEO-F401RE\lib_stm\libLibraries.a(led.o)
 .bss.bToggle.7548
                0x000000002000020a        0x1 C:\Users\admin\Desktop\firmware\SDK_1.0.3_NUCLEO-F401RE\lib_stm\libLibraries.a(led.o)
 *fill*         0x000000002000020b        0x1 
 .bss.pAppStateFunc
                0x000000002000020c        0x4 C:\Users\admin\Desktop\firmware\SDK_1.0.3_NUCLEO-F401RE\lib_stm\libLibraries.a(eventman.o)
 .bss.pBuffEvent
                0x0000000020000210      0x100 C:\Users\admin\Desktop\firmware\SDK_1.0.3_NUCLEO-F401RE\lib_stm\libLibraries.a(eventman.o)
 .bss.eventQueue
                0x0000000020000310       0x10 C:\Users\admin\Desktop\firmware\SDK_1.0.3_NUCLEO-F401RE\lib_stm\libLibraries.a(eventman.o)
 .bss.g_pTimerHandle
                0x0000000020000320      0x180 C:\Users\admin\Desktop\firmware\SDK_1.0.3_NUCLEO-F401RE\lib_stm\libLibraries.a(timer.o)
 .bss.g_wMilSecTickTimer
                0x00000000200004a0        0x4 C:\Users\admin\Desktop\firmware\SDK_1.0.3_NUCLEO-F401RE\lib_stm\libLibraries.a(timer.o)
 .bss.uhADCConvertedValue
                0x00000000200004a4        0x2 C:\Users\admin\Desktop\firmware\SDK_1.0.3_NUCLEO-F401RE\lib_stm\libLibraries.a(lightsensor.o)
 .bss.byRxBufState
                0x00000000200004a6        0x1 C:\Users\admin\Desktop\firmware\SDK_1.0.3_NUCLEO-F401RE\lib_stm\libLibraries.a(serial.o)
 .bss.byIndexRxBuf
                0x00000000200004a7        0x1 C:\Users\admin\Desktop\firmware\SDK_1.0.3_NUCLEO-F401RE\lib_stm\libLibraries.a(serial.o)
 .bss.byCheckXorRxBuf
                0x00000000200004a8        0x1 C:\Users\admin\Desktop\firmware\SDK_1.0.3_NUCLEO-F401RE\lib_stm\libLibraries.a(serial.o)
 *fill*         0x00000000200004a9        0x3 
 .bss.dwTimeoutRx
                0x00000000200004ac        0x4 C:\Users\admin\Desktop\firmware\SDK_1.0.3_NUCLEO-F401RE\lib_stm\libLibraries.a(serial.o)
 .bss.bRxActive
                0x00000000200004b0        0x1 C:\Users\admin\Desktop\firmware\SDK_1.0.3_NUCLEO-F401RE\lib_stm\libLibraries.a(serial.o)
 *fill*         0x00000000200004b1        0x3 
 .bss.byRxBuffer
                0x00000000200004b4       0x1e C:\Users\admin\Desktop\firmware\SDK_1.0.3_NUCLEO-F401RE\lib_stm\libLibraries.a(serial.o)
                0x00000000200004b4                byRxBuffer
 *fill*         0x00000000200004d2        0x2 
 .bss.serialQueueRx
                0x00000000200004d4       0x10 C:\Users\admin\Desktop\firmware\SDK_1.0.3_NUCLEO-F401RE\lib_stm\libLibraries.a(serial.o)
 .bss.pBuffDataRx
                0x00000000200004e4      0x100 C:\Users\admin\Desktop\firmware\SDK_1.0.3_NUCLEO-F401RE\lib_stm\libLibraries.a(serial.o)
 .bss.g_pUartQueueRx
                0x00000000200005e4        0x8 C:\Users\admin\Desktop\firmware\SDK_1.0.3_NUCLEO-F401RE\lib_stm\libLibraries.a(serial.o)
 .bss.pSerialHandleEvent
                0x00000000200005ec        0x4 C:\Users\admin\Desktop\firmware\SDK_1.0.3_NUCLEO-F401RE\lib_stm\libLibraries.a(serial.o)
 .bss.pButtonHandleEvent
                0x00000000200005f0        0x4 C:\Users\admin\Desktop\firmware\SDK_1.0.3_NUCLEO-F401RE\lib_stm\libLibraries.a(uartcmd.o)
 .bss.pBuzzerHandleEvent
                0x00000000200005f4        0x4 C:\Users\admin\Desktop\firmware\SDK_1.0.3_NUCLEO-F401RE\lib_stm\libLibraries.a(uartcmd.o)
 .bss.pLedHandleEvent
                0x00000000200005f8        0x4 C:\Users\admin\Desktop\firmware\SDK_1.0.3_NUCLEO-F401RE\lib_stm\libLibraries.a(uartcmd.o)
 .bss.pLcdHandleEvent
                0x00000000200005fc        0x4 C:\Users\admin\Desktop\firmware\SDK_1.0.3_NUCLEO-F401RE\lib_stm\libLibraries.a(uartcmd.o)
 .bss.buffer.5657
                0x0000000020000600       0x14 C:\Users\admin\Desktop\firmware\SDK_1.0.3_NUCLEO-F401RE\lib_stm\libLibraries.a(uartcmd.o)
 .bss.fontQueue
                0x0000000020000614       0x10 C:\Users\admin\Desktop\firmware\SDK_1.0.3_NUCLEO-F401RE\lib_stm\libLibraries.a(ucg_font.o)
 .bss.pQueueFont
                0x0000000020000624     0x1000 C:\Users\admin\Desktop\firmware\SDK_1.0.3_NUCLEO-F401RE\lib_stm\libLibraries.a(ucg_font.o)
 .bss.next.7562
                0x0000000020001624        0x1 C:\Users\admin\Desktop\firmware\SDK_1.0.3_NUCLEO-F401RE\lib_stm\libLibraries.a(ucg_font.o)
 *fill*         0x0000000020001625        0x3 
 .bss.kpad      0x0000000020001628       0x78 C:\Users\admin\Desktop\firmware\SDK_1.0.3_NUCLEO-F401RE\lib_stm\libLibraries.a(button.o)
 .bss.pEventCallbacks
                0x00000000200016a0       0x10 C:\Users\admin\Desktop\firmware\SDK_1.0.3_NUCLEO-F401RE\lib_stm\libLibraries.a(button.o)
 .bss.__malloc_free_list
                0x00000000200016b0        0x4 c:/st/stm32cubeide_1.7.0/stm32cubeide/plugins/com.st.stm32cube.ide.mcu.externaltools.gnu-tools-for-stm32.9-2020-q2-update.win32_2.0.0.202105311346/tools/bin/../lib/gcc/arm-none-eabi/9.3.1/../../../../arm-none-eabi/lib/thumb/v7e-m+fp/hard\libc_nano.a(lib_a-nano-mallocr.o)
                0x00000000200016b0                __malloc_free_list
 .bss.__malloc_sbrk_start
                0x00000000200016b4        0x4 c:/st/stm32cubeide_1.7.0/stm32cubeide/plugins/com.st.stm32cube.ide.mcu.externaltools.gnu-tools-for-stm32.9-2020-q2-update.win32_2.0.0.202105311346/tools/bin/../lib/gcc/arm-none-eabi/9.3.1/../../../../arm-none-eabi/lib/thumb/v7e-m+fp/hard\libc_nano.a(lib_a-nano-mallocr.o)
                0x00000000200016b4                __malloc_sbrk_start
 *(COMMON)
 COMMON         0x00000000200016b8        0x1 ./Src/main.o
                0x00000000200016b8                eCurrentSate
 *fill*         0x00000000200016b9        0x3 
 COMMON         0x00000000200016bc        0xc C:\Users\admin\Desktop\firmware\SDK_1.0.3_NUCLEO-F401RE\lib_stm\libLibraries.a(ucg_font.o)
                0x00000000200016bc                ucg_draw_str
 COMMON         0x00000000200016c8        0x4 c:/st/stm32cubeide_1.7.0/stm32cubeide/plugins/com.st.stm32cube.ide.mcu.externaltools.gnu-tools-for-stm32.9-2020-q2-update.win32_2.0.0.202105311346/tools/bin/../lib/gcc/arm-none-eabi/9.3.1/../../../../arm-none-eabi/lib/thumb/v7e-m+fp/hard\libc_nano.a(lib_a-reent.o)
                0x00000000200016c8                errno
 COMMON         0x00000000200016cc        0x9 c:/st/stm32cubeide_1.7.0/stm32cubeide/plugins/com.st.stm32cube.ide.mcu.externaltools.gnu-tools-for-stm32.9-2020-q2-update.win32_2.0.0.202105311346/tools/bin/../lib/gcc/arm-none-eabi/9.3.1/../../../../arm-none-eabi/lib/thumb/v7e-m+fp/hard\libc_nano.a(lib_a-lock.o)
                0x00000000200016cc                __lock___atexit_recursive_mutex
                0x00000000200016cd                __lock___arc4random_mutex
                0x00000000200016ce                __lock___env_recursive_mutex
                0x00000000200016cf                __lock___sinit_recursive_mutex
                0x00000000200016d0                __lock___malloc_recursive_mutex
                0x00000000200016d1                __lock___at_quick_exit_mutex
                0x00000000200016d2                __lock___dd_hash_mutex
                0x00000000200016d3                __lock___tz_mutex
                0x00000000200016d4                __lock___sfp_recursive_mutex
                0x00000000200016d8                . = ALIGN (0x4)
 *fill*         0x00000000200016d5        0x3 
                0x00000000200016d8                _ebss = .
                0x00000000200016d8                __bss_end__ = _ebss

._user_heap_stack
                0x00000000200016d8      0x600 load address 0x0000000008007e48
                0x00000000200016d8                . = ALIGN (0x8)
                [!provide]                        PROVIDE (end = .)
                0x00000000200016d8                PROVIDE (_end = .)
                0x00000000200018d8                . = (. + _Min_Heap_Size)
 *fill*         0x00000000200016d8      0x200 
                0x0000000020001cd8                . = (. + _Min_Stack_Size)
 *fill*         0x00000000200018d8      0x400 
                0x0000000020001cd8                . = ALIGN (0x8)

/DISCARD/
 libc.a(*)
 libm.a(*)
 libgcc.a(*)

.ARM.attributes
                0x0000000000000000       0x30
 *(.ARM.attributes)
 .ARM.attributes
                0x0000000000000000       0x1e c:/st/stm32cubeide_1.7.0/stm32cubeide/plugins/com.st.stm32cube.ide.mcu.externaltools.gnu-tools-for-stm32.9-2020-q2-update.win32_2.0.0.202105311346/tools/bin/../lib/gcc/arm-none-eabi/9.3.1/thumb/v7e-m+fp/hard/crti.o
 .ARM.attributes
                0x000000000000001e       0x34 c:/st/stm32cubeide_1.7.0/stm32cubeide/plugins/com.st.stm32cube.ide.mcu.externaltools.gnu-tools-for-stm32.9-2020-q2-update.win32_2.0.0.202105311346/tools/bin/../lib/gcc/arm-none-eabi/9.3.1/thumb/v7e-m+fp/hard/crtbegin.o
 .ARM.attributes
                0x0000000000000052       0x34 ./Src/main.o
 .ARM.attributes
                0x0000000000000086       0x34 ./Src/sysmem.o
 .ARM.attributes
                0x00000000000000ba       0x21 ./Startup/startup_stm32f401retx.o
 .ARM.attributes
                0x00000000000000db       0x39 C:\Users\admin\Desktop\firmware\SDK_1.0.3_NUCLEO-F401RE\lib_stm\libLibraries.a(system_stm32f4xx.o)
 .ARM.attributes
                0x0000000000000114       0x39 C:\Users\admin\Desktop\firmware\SDK_1.0.3_NUCLEO-F401RE\lib_stm\libLibraries.a(eventbutton.o)
 .ARM.attributes
                0x000000000000014d       0x39 C:\Users\admin\Desktop\firmware\SDK_1.0.3_NUCLEO-F401RE\lib_stm\libLibraries.a(buzzer.o)
 .ARM.attributes
                0x0000000000000186       0x39 C:\Users\admin\Desktop\firmware\SDK_1.0.3_NUCLEO-F401RE\lib_stm\libLibraries.a(melody.o)
 .ARM.attributes
                0x00000000000001bf       0x39 C:\Users\admin\Desktop\firmware\SDK_1.0.3_NUCLEO-F401RE\lib_stm\libLibraries.a(led.o)
 .ARM.attributes
                0x00000000000001f8       0x39 C:\Users\admin\Desktop\firmware\SDK_1.0.3_NUCLEO-F401RE\lib_stm\libLibraries.a(eventman.o)
 .ARM.attributes
                0x0000000000000231       0x39 C:\Users\admin\Desktop\firmware\SDK_1.0.3_NUCLEO-F401RE\lib_stm\libLibraries.a(timer.o)
 .ARM.attributes
                0x000000000000026a       0x39 C:\Users\admin\Desktop\firmware\SDK_1.0.3_NUCLEO-F401RE\lib_stm\libLibraries.a(lightsensor.o)
 .ARM.attributes
                0x00000000000002a3       0x39 C:\Users\admin\Desktop\firmware\SDK_1.0.3_NUCLEO-F401RE\lib_stm\libLibraries.a(temhumsensor.o)
 .ARM.attributes
                0x00000000000002dc       0x39 C:\Users\admin\Desktop\firmware\SDK_1.0.3_NUCLEO-F401RE\lib_stm\libLibraries.a(serial.o)
 .ARM.attributes
                0x0000000000000315       0x39 C:\Users\admin\Desktop\firmware\SDK_1.0.3_NUCLEO-F401RE\lib_stm\libLibraries.a(uartcmd.o)
 .ARM.attributes
                0x000000000000034e       0x39 C:\Users\admin\Desktop\firmware\SDK_1.0.3_NUCLEO-F401RE\lib_stm\libLibraries.a(Ucglib.o)
 .ARM.attributes
                0x0000000000000387       0x39 C:\Users\admin\Desktop\firmware\SDK_1.0.3_NUCLEO-F401RE\lib_stm\libLibraries.a(ucg_box.o)
 .ARM.attributes
                0x00000000000003c0       0x39 C:\Users\admin\Desktop\firmware\SDK_1.0.3_NUCLEO-F401RE\lib_stm\libLibraries.a(ucg_ccs.o)
 .ARM.attributes
                0x00000000000003f9       0x39 C:\Users\admin\Desktop\firmware\SDK_1.0.3_NUCLEO-F401RE\lib_stm\libLibraries.a(ucg_dev_default_cb.o)
 .ARM.attributes
                0x0000000000000432       0x39 C:\Users\admin\Desktop\firmware\SDK_1.0.3_NUCLEO-F401RE\lib_stm\libLibraries.a(ucg_dev_ic_st7735.o)
 .ARM.attributes
                0x000000000000046b       0x39 C:\Users\admin\Desktop\firmware\SDK_1.0.3_NUCLEO-F401RE\lib_stm\libLibraries.a(ucg_dev_msg_api.o)
 .ARM.attributes
                0x00000000000004a4       0x39 C:\Users\admin\Desktop\firmware\SDK_1.0.3_NUCLEO-F401RE\lib_stm\libLibraries.a(ucg_dev_tft_128x128_st7735.o)
 .ARM.attributes
                0x00000000000004dd       0x39 C:\Users\admin\Desktop\firmware\SDK_1.0.3_NUCLEO-F401RE\lib_stm\libLibraries.a(ucg_font.o)
 .ARM.attributes
                0x0000000000000516       0x39 C:\Users\admin\Desktop\firmware\SDK_1.0.3_NUCLEO-F401RE\lib_stm\libLibraries.a(ucg_init.o)
 .ARM.attributes
                0x000000000000054f       0x39 C:\Users\admin\Desktop\firmware\SDK_1.0.3_NUCLEO-F401RE\lib_stm\libLibraries.a(ucg_line.o)
 .ARM.attributes
                0x0000000000000588       0x39 C:\Users\admin\Desktop\firmware\SDK_1.0.3_NUCLEO-F401RE\lib_stm\libLibraries.a(ucg_pixel.o)
 .ARM.attributes
                0x00000000000005c1       0x39 C:\Users\admin\Desktop\firmware\SDK_1.0.3_NUCLEO-F401RE\lib_stm\libLibraries.a(ucg_pixel_font_data.o)
 .ARM.attributes
                0x00000000000005fa       0x39 C:\Users\admin\Desktop\firmware\SDK_1.0.3_NUCLEO-F401RE\lib_stm\libLibraries.a(ucg_rotate.o)
 .ARM.attributes
                0x0000000000000633       0x39 C:\Users\admin\Desktop\firmware\SDK_1.0.3_NUCLEO-F401RE\lib_stm\libLibraries.a(buff.o)
 .ARM.attributes
                0x000000000000066c       0x39 C:\Users\admin\Desktop\firmware\SDK_1.0.3_NUCLEO-F401RE\lib_stm\libLibraries.a(utilities.o)
 .ARM.attributes
                0x00000000000006a5       0x39 C:\Users\admin\Desktop\firmware\SDK_1.0.3_NUCLEO-F401RE\lib_stm\libLibraries.a(misc.o)
 .ARM.attributes
                0x00000000000006de       0x39 C:\Users\admin\Desktop\firmware\SDK_1.0.3_NUCLEO-F401RE\lib_stm\libLibraries.a(stm32f401re_adc.o)
 .ARM.attributes
                0x0000000000000717       0x39 C:\Users\admin\Desktop\firmware\SDK_1.0.3_NUCLEO-F401RE\lib_stm\libLibraries.a(stm32f401re_dma.o)
 .ARM.attributes
                0x0000000000000750       0x39 C:\Users\admin\Desktop\firmware\SDK_1.0.3_NUCLEO-F401RE\lib_stm\libLibraries.a(stm32f401re_gpio.o)
 .ARM.attributes
                0x0000000000000789       0x39 C:\Users\admin\Desktop\firmware\SDK_1.0.3_NUCLEO-F401RE\lib_stm\libLibraries.a(stm32f401re_i2c.o)
 .ARM.attributes
                0x00000000000007c2       0x39 C:\Users\admin\Desktop\firmware\SDK_1.0.3_NUCLEO-F401RE\lib_stm\libLibraries.a(stm32f401re_rcc.o)
 .ARM.attributes